[INFO] Scanning for projects...
[INFO] 
[INFO] -----------------< com.eventhub:eventhub-selenium-bdd >-----------------
[INFO] Building EventHub Selenium Java BDD Framework 1.0.0-SNAPSHOT
[INFO]   from pom.xml
[INFO] --------------------------------[ jar ]---------------------------------
[INFO] 
[INFO] --- resources:3.4.0:resources (default-resources) @ eventhub-selenium-bdd ---
[INFO] skip non existing resourceDirectory /home/runner/work/EventHub-Selenium-BDD/EventHub-Selenium-BDD/src/main/resources
[INFO] 
[INFO] --- compiler:3.13.0:compile (default-compile) @ eventhub-selenium-bdd ---
[INFO] Recompiling the module because of changed source code.
[INFO] Compiling 1 source file with javac [debug release 17] to target/classes
[INFO] 
[INFO] --- resources:3.4.0:testResources (default-testResources) @ eventhub-selenium-bdd ---
[INFO] Copying 28 resources from src/test/resources to target/test-classes
[INFO] 
[INFO] --- compiler:3.13.0:testCompile (default-testCompile) @ eventhub-selenium-bdd ---
[INFO] Recompiling the module because of changed dependency.
[INFO] Compiling 49 source files with javac [debug release 17] to target/test-classes
[INFO] 
[INFO] --- surefire:3.3.1:test (default-test) @ eventhub-selenium-bdd ---
[INFO] Using auto detected provider org.apache.maven.surefire.testng.TestNGProvider
[INFO] 
[INFO] -------------------------------------------------------
[INFO]  T E S T S
[INFO] -------------------------------------------------------
[INFO] Running TestSuite

@api @contract @owner-platform @risk-contract @intent-api-contract @impact-api @p0 @smoke @parallel-safe @intent-health
Scenario: API health endpoint is available          # src/test/resources/features/api/api_contract.feature:5

@api @contract @owner-platform @risk-contract @intent-api-contract @impact-api @p1 @regression @parallel-safe @intent-documentation
Scenario: Internal API contract manifest documents automated endpoints   # src/test/resources/features/api/api_contract.feature:10

@admin @ui @owner-platform @risk-admin @intent-admin @impact-admin @p1 @regression @parallel-safe @intent-validation
Scenario: Admin event form validates required fields        # src/test/resources/features/admin/admin_event_management.feature:13

@admin @ui @owner-platform @risk-admin @intent-admin @impact-admin @p0 @smoke @parallel-safe @critical
Scenario: Admin Events page renders management controls                   # src/test/resources/features/admin/admin_event_management.feature:8
  Then the internal API contract should document the automated endpoints # com.eventhub.automation.steps.ApiSteps.theInternalApiContractShouldDocumentTheAutomatedEndpoints()

@api @contract @owner-platform @risk-contract @intent-api-contract @impact-api @p0 @smoke @parallel-safe @intent-auth
Scenario: Registered user can authenticate through API                          # src/test/resources/features/api/api_contract.feature:14
  When I request the API health endpoint            # com.eventhub.automation.steps.ApiSteps.iRequestTheApiHealthEndpoint()
  Then the API health response should be successful # com.eventhub.automation.steps.ApiSteps.theApiHealthResponseShouldBeSuccessful()

@api @contract @owner-platform @risk-contract @intent-api-contract @impact-api @p1 @regression @parallel-safe @intent-auth
Scenario: Authenticated user can retrieve current user profile through API             # src/test/resources/features/api/api_contract.feature:20
  When I authenticate through the API                                           # com.eventhub.automation.steps.ApiSteps.iAuthenticateThroughTheApi()
  Then the API should return the registered user identity                       # com.eventhub.automation.steps.ApiSteps.theApiShouldReturnTheRegisteredUserIdentity()
  And the API response should match schema "schemas/login-response.schema.json" # com.eventhub.automation.steps.ApiSteps.theApiResponseShouldMatchSchema(java.lang.String)

@api @contract @owner-platform @risk-contract @intent-api-contract @impact-api @p0 @smoke @parallel-safe @intent-discovery
Scenario: Authenticated user can list events through API                         # src/test/resources/features/api/api_contract.feature:26
  When I request the current user profile through the API                              # com.eventhub.automation.steps.ApiSteps.iRequestTheCurrentUserProfileThroughTheApi()
  Then the API current user response should include the registered identity            # com.eventhub.automation.steps.ApiSteps.theApiCurrentUserResponseShouldIncludeTheRegisteredIdentity()
  And the API response should match schema "schemas/current-user-response.schema.json" # com.eventhub.automation.steps.ApiSteps.theApiResponseShouldMatchSchema(java.lang.String)

@api @contract @owner-platform @risk-contract @intent-api-contract @impact-api @p1 @regression @parallel-safe @intent-discovery
Scenario: Event list maps to POJO responses with required business fields          # src/test/resources/features/api/api_contract.feature:32
  When I request events through the API                                          # com.eventhub.automation.steps.ApiSteps.iRequestEventsThroughTheApi()
  Then the API events response should include seeded EventHub events             # com.eventhub.automation.steps.ApiSteps.theApiEventsResponseShouldIncludeSeededEventHubEvents()
  And the API response should match schema "schemas/events-response.schema.json" # com.eventhub.automation.steps.ApiSteps.theApiResponseShouldMatchSchema(java.lang.String)

@api @contract @owner-platform @risk-contract @intent-api-contract @impact-api @p1 @regression @parallel-safe @intent-discovery
Scenario: Authenticated user can retrieve an event detail through API                  # src/test/resources/features/api/api_contract.feature:38
  When I request events through the API                                            # com.eventhub.automation.steps.ApiSteps.iRequestEventsThroughTheApi()
  Then the API events response should map to event list POJOs with business fields # com.eventhub.automation.steps.ApiSteps.theApiEventsResponseShouldMapToEventListPojosWithBusinessFields()
  And the API response should match schema "schemas/events-response.schema.json"   # com.eventhub.automation.steps.ApiSteps.theApiResponseShouldMatchSchema(java.lang.String)

@api @contract @owner-platform @risk-contract @intent-api-contract @impact-api @p1 @regression @parallel-safe @intent-discovery
Scenario: Event detail maps to a POJO with required business fields                      # src/test/resources/features/api/api_contract.feature:44
  When I request event "World Tech Summit" through the API                             # com.eventhub.automation.steps.ApiSteps.iRequestEventThroughTheApi(java.lang.String)
  Then the API event detail response should describe "World Tech Summit"               # com.eventhub.automation.steps.ApiSteps.theApiEventDetailResponseShouldDescribe(java.lang.String)
  And the API response should match schema "schemas/event-detail-response.schema.json" # com.eventhub.automation.steps.ApiSteps.theApiResponseShouldMatchSchema(java.lang.String)

@api @contract @owner-platform @risk-contract @intent-api-contract @impact-api @p1 @regression @negative @parallel-safe @intent-security
Scenario Outline: Protected API rejects invalid or anonymous requests # src/test/resources/features/api/api_contract.feature:73
  When I request event "World Tech Summit" through the API                               # com.eventhub.automation.steps.ApiSteps.iRequestEventThroughTheApi(java.lang.String)
  Then the API event detail response should map to an event POJO for "World Tech Summit" # com.eventhub.automation.steps.ApiSteps.theApiEventDetailResponseShouldMapToAnEventPojoFor(java.lang.String)
  And the API response should match schema "schemas/event-detail-response.schema.json"   # com.eventhub.automation.steps.ApiSteps.theApiResponseShouldMatchSchema(java.lang.String)

@api @contract @owner-platform @risk-contract @intent-api-contract @impact-api @p1 @regression @negative @parallel-safe @intent-security
Scenario Outline: Protected API rejects invalid or anonymous requests            # src/test/resources/features/api/api_contract.feature:74
  When I authenticate through the API with invalid credentials        # com.eventhub.automation.steps.ApiSteps.iAuthenticateThroughTheApiWithInvalidCredentials()
  Then the API should reject the request with status 400              # com.eventhub.automation.steps.ApiSteps.theApiShouldRejectTheRequestWithStatus(int)

@api @contract @owner-platform @risk-contract @intent-api-contract @impact-api @p1 @regression @negative @parallel-safe @intent-security
Scenario Outline: Protected API rejects invalid or anonymous requests # src/test/resources/features/api/api_contract.feature:75
  When I request the current user profile through the API without authentication # com.eventhub.automation.steps.ApiSteps.iRequestTheCurrentUserProfileThroughTheApiWithoutAuthentication()
  Then the API should reject the request with status 401                         # com.eventhub.automation.steps.ApiSteps.theApiShouldRejectTheRequestWithStatus(int)

@api @contract @owner-platform @risk-contract @intent-api-contract @impact-api @p1 @regression @negative @parallel-safe @intent-security
Scenario Outline: Protected API rejects invalid or anonymous requests # src/test/resources/features/api/api_contract.feature:76
  When I request bookings through the API without authentication      # com.eventhub.automation.steps.ApiSteps.iRequestBookingsThroughTheApiWithoutAuthentication()
  Then the API should reject the request with status 401              # com.eventhub.automation.steps.ApiSteps.theApiShouldRejectTheRequestWithStatus(int)

@api @contract @owner-platform @risk-contract @intent-api-contract @impact-api @p1 @regression @negative @parallel-safe @intent-security
Scenario Outline: Protected API rejects invalid or anonymous requests # src/test/resources/features/api/api_contract.feature:77
  When I create a booking through the API without authentication      # com.eventhub.automation.steps.ApiSteps.iCreateABookingThroughTheApiWithoutAuthentication()
  Then the API should reject the request with status 401              # com.eventhub.automation.steps.ApiSteps.theApiShouldRejectTheRequestWithStatus(int)

@api @contract @owner-platform @risk-contract @intent-api-contract @impact-api @p1 @regression @negative @parallel-safe @intent-security
Scenario Outline: Protected API rejects invalid or anonymous requests # src/test/resources/features/api/api_contract.feature:78
  When I request unknown event detail through the API                 # com.eventhub.automation.steps.ApiSteps.iRequestUnknownEventDetailThroughTheApi()
  Then the API should reject the request with status 500              # com.eventhub.automation.steps.ApiSteps.theApiShouldRejectTheRequestWithStatus(int)

@api @contract @owner-platform @risk-contract @intent-api-contract @impact-api @p1 @regression @negative @parallel-safe @intent-security
Scenario Outline: Protected API rejects invalid or anonymous requests # src/test/resources/features/api/api_contract.feature:79
  When I cancel an unknown booking through the API                    # com.eventhub.automation.steps.ApiSteps.iCancelAnUnknownBookingThroughTheApi()
  Then the API should reject the request with status 500              # com.eventhub.automation.steps.ApiSteps.theApiShouldRejectTheRequestWithStatus(int)

@api @contract @owner-platform @risk-contract @intent-api-contract @impact-api @p1 @regression @negative @parallel-safe @intent-contract
Scenario Outline: API error responses follow the error contract # src/test/resources/features/api/api_contract.feature:88
Aug 02, 2026 8:42:24 PM org.openqa.selenium.devtools.CdpVersionFinder findNearestMatch
WARNING: Unable to find CDP implementation matching 150
Aug 02, 2026 8:42:24 PM org.openqa.selenium.devtools.CdpVersionFinder findNearestMatch
WARNING: Unable to find CDP implementation matching 150
Aug 02, 2026 8:42:24 PM org.openqa.selenium.chromium.ChromiumDriver lambda$new$5
WARNING: Unable to find version of CDP to use for 150.0.7871.128. You may need to include a dependency on a specific version of the CDP using something similar to `org.seleniumhq.selenium:selenium-devtools-v86:4.23.1` where the version ("v86") matches the version of the chromium-based browser you're using and the version number of the artifact is the same as Selenium's.
Aug 02, 2026 8:42:24 PM org.openqa.selenium.chromium.ChromiumDriver lambda$new$5
WARNING: Unable to find version of CDP to use for 150.0.7871.128. You may need to include a dependency on a specific version of the CDP using something similar to `org.seleniumhq.selenium:selenium-devtools-v86:4.23.1` where the version ("v86") matches the version of the chromium-based browser you're using and the version number of the artifact is the same as Selenium's.
  When I authenticate through the API with invalid credentials  # com.eventhub.automation.steps.ApiSteps.iAuthenticateThroughTheApiWithInvalidCredentials()
  Then the API should reject the request with an error response # com.eventhub.automation.steps.ApiSteps.theApiShouldRejectTheRequestWithAnErrorResponse()

@api @contract @owner-platform @risk-contract @intent-api-contract @impact-api @p1 @regression @negative @parallel-safe @intent-contract
Scenario Outline: API error responses follow the error contract  # src/test/resources/features/api/api_contract.feature:89
  When I create a booking through the API with invalid payload        # com.eventhub.automation.steps.ApiSteps.iCreateABookingThroughTheApiWithInvalidPayload()
  Then the API should reject the request with status 400              # com.eventhub.automation.steps.ApiSteps.theApiShouldRejectTheRequestWithStatus(int)

@api @contract @owner-platform @risk-contract @intent-api-contract @impact-api @p1 @regression @negative @parallel-safe @intent-contract
Scenario Outline: API error responses follow the error contract # src/test/resources/features/api/api_contract.feature:90
  When I request bookings through the API without authentication # com.eventhub.automation.steps.ApiSteps.iRequestBookingsThroughTheApiWithoutAuthentication()
  Then the API should reject the request with an error response  # com.eventhub.automation.steps.ApiSteps.theApiShouldRejectTheRequestWithAnErrorResponse()

@api @contract @owner-platform @risk-contract @intent-api-contract @impact-api @p1 @regression @negative @parallel-safe @intent-contract
Scenario Outline: API error responses follow the error contract # src/test/resources/features/api/api_contract.feature:91
  When I create a booking through the API with invalid payload  # com.eventhub.automation.steps.ApiSteps.iCreateABookingThroughTheApiWithInvalidPayload()
  Then the API should reject the request with an error response # com.eventhub.automation.steps.ApiSteps.theApiShouldRejectTheRequestWithAnErrorResponse()

@api @contract @owner-platform @risk-contract @intent-api-contract @impact-api @p1 @regression @negative @parallel-safe @intent-contract
Scenario Outline: Malformed booking payloads are rejected by the API contract       # src/test/resources/features/api/api_contract.feature:100
  When I create an event through the API with invalid payload   # com.eventhub.automation.steps.ApiSteps.iCreateAnEventThroughTheApiWithInvalidPayload()
  Then the API should reject the request with an error response # com.eventhub.automation.steps.ApiSteps.theApiShouldRejectTheRequestWithAnErrorResponse()

@api @contract @owner-platform @risk-contract @intent-api-contract @impact-api @p1 @regression @negative @parallel-safe @intent-contract
Scenario Outline: Malformed booking payloads are rejected by the API contract            # src/test/resources/features/api/api_contract.feature:101
  Given I am signed in to EventHub                                        # com.eventhub.automation.steps.AuthSteps.iAmSignedInToEventHub()
  Given I am signed in to EventHub                          # com.eventhub.automation.steps.AuthSteps.iAmSignedInToEventHub()
  When I create a booking through the API with malformed payload "missing event id" # com.eventhub.automation.steps.ApiSteps.iCreateABookingThroughTheApiWithMalformedPayload(java.lang.String)
  Then the API should reject the request with an error response                     # com.eventhub.automation.steps.ApiSteps.theApiShouldRejectTheRequestWithAnErrorResponse()

@api @contract @owner-platform @risk-contract @intent-api-contract @impact-api @p1 @regression @negative @parallel-safe @intent-contract
Scenario Outline: Malformed booking payloads are rejected by the API contract        # src/test/resources/features/api/api_contract.feature:102
  When I open the Admin Events page                         # com.eventhub.automation.steps.AdminSteps.iOpenTheAdminEventsPage()
  When I open the Admin Events page                                       # com.eventhub.automation.steps.AdminSteps.iOpenTheAdminEventsPage()
  When I create a booking through the API with malformed payload "invalid quantity type" # com.eventhub.automation.steps.ApiSteps.iCreateABookingThroughTheApiWithMalformedPayload(java.lang.String)
  Then the API should reject the request with an error response                          # com.eventhub.automation.steps.ApiSteps.theApiShouldRejectTheRequestWithAnErrorResponse()

@api @contract @owner-platform @risk-contract @intent-api-contract @impact-api @p1 @regression @negative @parallel-safe @intent-contract
Scenario Outline: Malformed event payloads are rejected by the API contract     # src/test/resources/features/api/api_contract.feature:111
  Then the Admin Events page should show the create form and events table # com.eventhub.automation.steps.AdminSteps.theAdminEventsPageShouldShowTheCreateFormAndEventsTable()

@api @contract @owner-platform @risk-contract @intent-api-contract @impact-api @p1 @regression @negative @parallel-safe @intent-contract
Scenario Outline: Malformed event payloads are rejected by the API contract          # src/test/resources/features/api/api_contract.feature:112
  And I submit the admin event form without required fields # com.eventhub.automation.steps.AdminSteps.iSubmitTheAdminEventFormWithoutRequiredFields()
  Then the admin form should show required field validation # com.eventhub.automation.steps.AdminSteps.theAdminFormShouldShowRequiredFieldValidation()

@api @contract @owner-platform @risk-contract @intent-api-contract @impact-api @p1 @regression @negative @parallel-safe @intent-contract
Scenario Outline: Malformed event payloads are rejected by the API contract      # src/test/resources/features/api/api_contract.feature:113
  When I create an event through the API with malformed payload "missing title" # com.eventhub.automation.steps.ApiSteps.iCreateAnEventThroughTheApiWithMalformedPayload(java.lang.String)
  Then the API should reject the request with an error response                 # com.eventhub.automation.steps.ApiSteps.theApiShouldRejectTheRequestWithAnErrorResponse()

@auth @ui @owner-platform @risk-auth @intent-auth @impact-auth @p0 @smoke @parallel-safe @critical @intent-session
Scenario: Registered user can sign in and sign out # src/test/resources/features/auth/login.feature:5
Aug 02, 2026 8:42:31 PM org.openqa.selenium.devtools.CdpVersionFinder findNearestMatch
WARNING: Unable to find CDP implementation matching 150
Aug 02, 2026 8:42:31 PM org.openqa.selenium.chromium.ChromiumDriver lambda$new$5
WARNING: Unable to find version of CDP to use for 150.0.7871.128. You may need to include a dependency on a specific version of the CDP using something similar to `org.seleniumhq.selenium:selenium-devtools-v86:4.23.1` where the version ("v86") matches the version of the chromium-based browser you're using and the version number of the artifact is the same as Selenium's.
  When I create a booking through the API with malformed payload "negative quantity" # com.eventhub.automation.steps.ApiSteps.iCreateABookingThroughTheApiWithMalformedPayload(java.lang.String)
  Then the API should reject the request with an error response                      # com.eventhub.automation.steps.ApiSteps.theApiShouldRejectTheRequestWithAnErrorResponse()

@auth @ui @owner-platform @risk-auth @intent-auth @impact-auth @p1 @regression @parallel-safe @critical @intent-session
Scenario: Authenticated session survives page refresh # src/test/resources/features/auth/login.feature:13
  When I create an event through the API with malformed payload "invalid price type" # com.eventhub.automation.steps.ApiSteps.iCreateAnEventThroughTheApiWithMalformedPayload(java.lang.String)
  Then the API should reject the request with an error response                      # com.eventhub.automation.steps.ApiSteps.theApiShouldRejectTheRequestWithAnErrorResponse()

@auth @ui @owner-platform @risk-auth @intent-auth @impact-auth @p1 @regression @parallel-safe @intent-validation
Scenario: Login form validates required credentials         # src/test/resources/features/auth/login.feature:19
  When I create an event through the API with malformed payload "negative seats" # com.eventhub.automation.steps.ApiSteps.iCreateAnEventThroughTheApiWithMalformedPayload(java.lang.String)
  Then the API should reject the request with an error response                  # com.eventhub.automation.steps.ApiSteps.theApiShouldRejectTheRequestWithAnErrorResponse()

@auth @ui @owner-platform @risk-auth @intent-auth @impact-auth @p1 @regression @parallel-safe @negative @intent-validation
Scenario Outline: Invalid credentials are rejected # src/test/resources/features/auth/login.feature:32
Aug 02, 2026 8:42:32 PM org.openqa.selenium.devtools.CdpVersionFinder findNearestMatch
WARNING: Unable to find CDP implementation matching 150
Aug 02, 2026 8:42:32 PM org.openqa.selenium.chromium.ChromiumDriver lambda$new$5
WARNING: Unable to find version of CDP to use for 150.0.7871.128. You may need to include a dependency on a specific version of the CDP using something similar to `org.seleniumhq.selenium:selenium-devtools-v86:4.23.1` where the version ("v86") matches the version of the chromium-based browser you're using and the version number of the artifact is the same as Selenium's.
Aug 02, 2026 8:42:32 PM org.openqa.selenium.devtools.CdpVersionFinder findNearestMatch
WARNING: Unable to find CDP implementation matching 150
Aug 02, 2026 8:42:32 PM org.openqa.selenium.chromium.ChromiumDriver lambda$new$5
WARNING: Unable to find version of CDP to use for 150.0.7871.128. You may need to include a dependency on a specific version of the CDP using something similar to `org.seleniumhq.selenium:selenium-devtools-v86:4.23.1` where the version ("v86") matches the version of the chromium-based browser you're using and the version number of the artifact is the same as Selenium's.
Aug 02, 2026 8:42:32 PM org.openqa.selenium.devtools.CdpVersionFinder findNearestMatch
WARNING: Unable to find CDP implementation matching 150
Aug 02, 2026 8:42:32 PM org.openqa.selenium.chromium.ChromiumDriver lambda$new$5
WARNING: Unable to find version of CDP to use for 150.0.7871.128. You may need to include a dependency on a specific version of the CDP using something similar to `org.seleniumhq.selenium:selenium-devtools-v86:4.23.1` where the version ("v86") matches the version of the chromium-based browser you're using and the version number of the artifact is the same as Selenium's.
  Given I am on the EventHub login page            # com.eventhub.automation.steps.AuthSteps.iAmOnTheEventHubLoginPage()
  When I sign in with valid registered credentials # com.eventhub.automation.steps.AuthSteps.iSignInWithValidRegisteredCredentials()
  Given I am on the EventHub login page                     # com.eventhub.automation.steps.AuthSteps.iAmOnTheEventHubLoginPage()
  When I submit the login form without credentials          # com.eventhub.automation.steps.AuthSteps.iSubmitTheLoginFormWithoutCredentials()
  Then the login form should show required field validation # com.eventhub.automation.steps.AuthSteps.theLoginFormShouldShowRequiredFieldValidation()

@auth @ui @owner-platform @risk-auth @intent-auth @impact-auth @p1 @regression @parallel-safe @negative @intent-validation
Scenario Outline: Invalid credentials are rejected # src/test/resources/features/auth/login.feature:33
  Given I am on the EventHub login page            # com.eventhub.automation.steps.AuthSteps.iAmOnTheEventHubLoginPage()
Aug 02, 2026 8:42:35 PM org.openqa.selenium.devtools.CdpVersionFinder findNearestMatch
WARNING: Unable to find CDP implementation matching 150
Aug 02, 2026 8:42:35 PM org.openqa.selenium.chromium.ChromiumDriver lambda$new$5
WARNING: Unable to find version of CDP to use for 150.0.7871.128. You may need to include a dependency on a specific version of the CDP using something similar to `org.seleniumhq.selenium:selenium-devtools-v86:4.23.1` where the version ("v86") matches the version of the chromium-based browser you're using and the version number of the artifact is the same as Selenium's.
  When I sign in with password "WrongPassword@123" # com.eventhub.automation.steps.AuthSteps.iSignInWithPassword(java.lang.String)
  Then I should see the authenticated navigation   # com.eventhub.automation.steps.AuthSteps.iShouldSeeTheAuthenticatedNavigation()
  Then I should see a login error                  # com.eventhub.automation.steps.AuthSteps.iShouldSeeALoginError()

@auth @ui @owner-platform @risk-auth @intent-auth @impact-auth @p2 @regression @parallel-safe @intent-navigation
Scenario: Register link opens account registration # src/test/resources/features/auth/login.feature:36
  When I sign out                                  # com.eventhub.automation.steps.AuthSteps.iSignOut()
  Then I should be returned to the login page      # com.eventhub.automation.steps.AuthSteps.iShouldBeReturnedToTheLoginPage()

@auth @ui @owner-platform @risk-auth @intent-auth @impact-auth @p0 @regression @parallel-safe @critical @intent-security
Scenario: Anonymous user is redirected from protected route # src/test/resources/features/auth/login.feature:42
  Given I am signed in to EventHub                    # com.eventhub.automation.steps.AuthSteps.iAmSignedInToEventHub()
Aug 02, 2026 8:42:37 PM org.openqa.selenium.devtools.CdpVersionFinder findNearestMatch
WARNING: Unable to find CDP implementation matching 150
Aug 02, 2026 8:42:37 PM org.openqa.selenium.chromium.ChromiumDriver lambda$new$5
WARNING: Unable to find version of CDP to use for 150.0.7871.128. You may need to include a dependency on a specific version of the CDP using something similar to `org.seleniumhq.selenium:selenium-devtools-v86:4.23.1` where the version ("v86") matches the version of the chromium-based browser you're using and the version number of the artifact is the same as Selenium's.
  When I refresh the current page                     # com.eventhub.automation.steps.AuthSteps.iRefreshTheCurrentPage()
Aug 02, 2026 8:42:37 PM org.openqa.selenium.devtools.CdpVersionFinder findNearestMatch
WARNING: Unable to find CDP implementation matching 150
Aug 02, 2026 8:42:37 PM org.openqa.selenium.chromium.ChromiumDriver lambda$new$5
WARNING: Unable to find version of CDP to use for 150.0.7871.128. You may need to include a dependency on a specific version of the CDP using something similar to `org.seleniumhq.selenium:selenium-devtools-v86:4.23.1` where the version ("v86") matches the version of the chromium-based browser you're using and the version number of the artifact is the same as Selenium's.
  Then I should see the authenticated navigation      # com.eventhub.automation.steps.AuthSteps.iShouldSeeTheAuthenticatedNavigation()

@auth @ui @owner-platform @risk-auth @intent-auth @impact-auth @p0 @regression @parallel-safe @critical @intent-security
Scenario: Anonymous user is redirected from the admin route # src/test/resources/features/auth/login.feature:48
  Given I am on the EventHub login page            # com.eventhub.automation.steps.AuthSteps.iAmOnTheEventHubLoginPage()
Aug 02, 2026 8:42:39 PM org.openqa.selenium.devtools.CdpVersionFinder findNearestMatch
WARNING: Unable to find CDP implementation matching 150
Aug 02, 2026 8:42:39 PM org.openqa.selenium.chromium.ChromiumDriver lambda$new$5
WARNING: Unable to find version of CDP to use for 150.0.7871.128. You may need to include a dependency on a specific version of the CDP using something similar to `org.seleniumhq.selenium:selenium-devtools-v86:4.23.1` where the version ("v86") matches the version of the chromium-based browser you're using and the version number of the artifact is the same as Selenium's.
  When I sign in with password "Test@12345"        # com.eventhub.automation.steps.AuthSteps.iSignInWithPassword(java.lang.String)
  Given I am on the EventHub login page            # com.eventhub.automation.steps.AuthSteps.iAmOnTheEventHubLoginPage()
  Given I am an anonymous visitor                           # com.eventhub.automation.steps.AuthSteps.iAmAnAnonymousVisitor()
  Then I should see a login error                  # com.eventhub.automation.steps.AuthSteps.iShouldSeeALoginError()
  When I open the registration page from login     # com.eventhub.automation.steps.AuthSteps.iOpenTheRegistrationPageFromLogin()
  Then I should be on the registration page        # com.eventhub.automation.steps.AuthSteps.iShouldBeOnTheRegistrationPage()

@auth @ui @owner-platform @risk-auth @intent-auth @impact-auth @p1 @regression @parallel-safe @intent-session
Scenario: Authenticated user can directly open a protected route # src/test/resources/features/auth/login.feature:54

@auth @ui @owner-platform @risk-auth @intent-auth @impact-auth @p1 @regression @parallel-safe @intent-session
Scenario Outline: Authenticated session survives refresh on protected pages # src/test/resources/features/auth/login.feature:68
  When I directly open protected route "/bookings"          # com.eventhub.automation.steps.AuthSteps.iDirectlyOpenProtectedRoute(java.lang.String)
Aug 02, 2026 8:42:40 PM org.openqa.selenium.devtools.CdpVersionFinder findNearestMatch
WARNING: Unable to find CDP implementation matching 150
Aug 02, 2026 8:42:40 PM org.openqa.selenium.chromium.ChromiumDriver lambda$new$5
WARNING: Unable to find version of CDP to use for 150.0.7871.128. You may need to include a dependency on a specific version of the CDP using something similar to `org.seleniumhq.selenium:selenium-devtools-v86:4.23.1` where the version ("v86") matches the version of the chromium-based browser you're using and the version number of the artifact is the same as Selenium's.
Aug 02, 2026 8:42:40 PM org.openqa.selenium.devtools.CdpVersionFinder findNearestMatch
WARNING: Unable to find CDP implementation matching 150
Aug 02, 2026 8:42:40 PM org.openqa.selenium.chromium.ChromiumDriver lambda$new$5
WARNING: Unable to find version of CDP to use for 150.0.7871.128. You may need to include a dependency on a specific version of the CDP using something similar to `org.seleniumhq.selenium:selenium-devtools-v86:4.23.1` where the version ("v86") matches the version of the chromium-based browser you're using and the version number of the artifact is the same as Selenium's.
  Then I should be returned to the login page               # com.eventhub.automation.steps.AuthSteps.iShouldBeReturnedToTheLoginPage()

@auth @ui @owner-platform @risk-auth @intent-auth @impact-auth @p1 @regression @parallel-safe @intent-session
Scenario Outline: Authenticated session survives refresh on protected pages # src/test/resources/features/auth/login.feature:69
  Given I am an anonymous visitor                           # com.eventhub.automation.steps.AuthSteps.iAmAnAnonymousVisitor()
Aug 02, 2026 8:42:41 PM org.openqa.selenium.devtools.CdpVersionFinder findNearestMatch
WARNING: Unable to find CDP implementation matching 150
Aug 02, 2026 8:42:41 PM org.openqa.selenium.chromium.ChromiumDriver lambda$new$5
WARNING: Unable to find version of CDP to use for 150.0.7871.128. You may need to include a dependency on a specific version of the CDP using something similar to `org.seleniumhq.selenium:selenium-devtools-v86:4.23.1` where the version ("v86") matches the version of the chromium-based browser you're using and the version number of the artifact is the same as Selenium's.
  When I directly open protected route "/admin/events"      # com.eventhub.automation.steps.AuthSteps.iDirectlyOpenProtectedRoute(java.lang.String)
  Then I should be returned to the login page               # com.eventhub.automation.steps.AuthSteps.iShouldBeReturnedToTheLoginPage()

@auth @ui @owner-platform @risk-auth @intent-auth @impact-auth @p1 @regression @parallel-safe @intent-session
Scenario Outline: Authenticated session survives refresh on protected pages # src/test/resources/features/auth/login.feature:70
Aug 02, 2026 8:42:42 PM org.openqa.selenium.devtools.CdpVersionFinder findNearestMatch
WARNING: Unable to find CDP implementation matching 150
Aug 02, 2026 8:42:42 PM org.openqa.selenium.chromium.ChromiumDriver lambda$new$5
WARNING: Unable to find version of CDP to use for 150.0.7871.128. You may need to include a dependency on a specific version of the CDP using something similar to `org.seleniumhq.selenium:selenium-devtools-v86:4.23.1` where the version ("v86") matches the version of the chromium-based browser you're using and the version number of the artifact is the same as Selenium's.
  Given I am signed in to EventHub                                          # com.eventhub.automation.steps.AuthSteps.iAmSignedInToEventHub()
  Given I am signed in to EventHub                               # com.eventhub.automation.steps.AuthSteps.iAmSignedInToEventHub()
  When I directly open protected route "/events"                            # com.eventhub.automation.steps.AuthSteps.iDirectlyOpenProtectedRoute(java.lang.String)
  When I directly open protected route "/bookings"               # com.eventhub.automation.steps.AuthSteps.iDirectlyOpenProtectedRoute(java.lang.String)
  And I refresh the current page                                            # com.eventhub.automation.steps.AuthSteps.iRefreshTheCurrentPage()
  Given I am signed in to EventHub                                          # com.eventhub.automation.steps.AuthSteps.iAmSignedInToEventHub()
  When I directly open protected route "/bookings"                          # com.eventhub.automation.steps.AuthSteps.iDirectlyOpenProtectedRoute(java.lang.String)
  And I refresh the current page                                            # com.eventhub.automation.steps.AuthSteps.iRefreshTheCurrentPage()
  Then the My Bookings page should be loaded                     # com.eventhub.automation.steps.NavigationSteps.theMyBookingsPageShouldBeLoaded()

@bookings @ui @owner-platform @risk-revenue @intent-booking @impact-bookings @p1 @regression @parallel-safe
Scenario: Event detail page shows booking form and event content # src/test/resources/features/bookings/booking_lifecycle.feature:51
Aug 02, 2026 8:42:46 PM org.openqa.selenium.devtools.CdpVersionFinder findNearestMatch
WARNING: Unable to find CDP implementation matching 150
Aug 02, 2026 8:42:46 PM org.openqa.selenium.chromium.ChromiumDriver lambda$new$5
WARNING: Unable to find version of CDP to use for 150.0.7871.128. You may need to include a dependency on a specific version of the CDP using something similar to `org.seleniumhq.selenium:selenium-devtools-v86:4.23.1` where the version ("v86") matches the version of the chromium-based browser you're using and the version number of the artifact is the same as Selenium's.
  Then protected page "events" should remain loaded                         # com.eventhub.automation.steps.AuthSteps.protectedPageShouldRemainLoaded(java.lang.String)

@bookings @ui @owner-platform @risk-revenue @intent-booking @impact-bookings @p1 @regression @parallel-safe
Scenario: Ticket quantity controls update the booking total          # src/test/resources/features/bookings/booking_lifecycle.feature:56
Aug 02, 2026 8:42:47 PM org.openqa.selenium.devtools.CdpVersionFinder findNearestMatch
WARNING: Unable to find CDP implementation matching 150
Aug 02, 2026 8:42:47 PM org.openqa.selenium.chromium.ChromiumDriver lambda$new$5
WARNING: Unable to find version of CDP to use for 150.0.7871.128. You may need to include a dependency on a specific version of the CDP using something similar to `org.seleniumhq.selenium:selenium-devtools-v86:4.23.1` where the version ("v86") matches the version of the chromium-based browser you're using and the version number of the artifact is the same as Selenium's.
  Given I am signed in to EventHub                                          # com.eventhub.automation.steps.AuthSteps.iAmSignedInToEventHub()
  Then protected page "bookings" should remain loaded                       # com.eventhub.automation.steps.AuthSteps.protectedPageShouldRemainLoaded(java.lang.String)

@bookings @ui @owner-platform @risk-revenue @intent-booking @impact-bookings @p1 @regression @parallel-safe @negative @intent-validation
Scenario Outline: Booking form validates invalid customer data                   # src/test/resources/features/bookings/booking_lifecycle.feature:81
  When I directly open protected route "/admin/events"                      # com.eventhub.automation.steps.AuthSteps.iDirectlyOpenProtectedRoute(java.lang.String)
Aug 02, 2026 8:42:47 PM org.openqa.selenium.devtools.CdpVersionFinder findNearestMatch
WARNING: Unable to find CDP implementation matching 150
Aug 02, 2026 8:42:47 PM org.openqa.selenium.chromium.ChromiumDriver lambda$new$5
WARNING: Unable to find version of CDP to use for 150.0.7871.128. You may need to include a dependency on a specific version of the CDP using something similar to `org.seleniumhq.selenium:selenium-devtools-v86:4.23.1` where the version ("v86") matches the version of the chromium-based browser you're using and the version number of the artifact is the same as Selenium's.
  And I refresh the current page                                            # com.eventhub.automation.steps.AuthSteps.iRefreshTheCurrentPage()
  Then protected page "admin events" should remain loaded                   # com.eventhub.automation.steps.AuthSteps.protectedPageShouldRemainLoaded(java.lang.String)

@bookings @ui @owner-platform @risk-revenue @intent-booking @impact-bookings @p1 @regression @parallel-safe @negative @intent-validation
Scenario Outline: Booking form validates invalid customer data                   # src/test/resources/features/bookings/booking_lifecycle.feature:82
Aug 02, 2026 8:42:49 PM org.openqa.selenium.devtools.CdpVersionFinder findNearestMatch
WARNING: Unable to find CDP implementation matching 150
Aug 02, 2026 8:42:49 PM org.openqa.selenium.chromium.ChromiumDriver lambda$new$5
WARNING: Unable to find version of CDP to use for 150.0.7871.128. You may need to include a dependency on a specific version of the CDP using something similar to `org.seleniumhq.selenium:selenium-devtools-v86:4.23.1` where the version ("v86") matches the version of the chromium-based browser you're using and the version number of the artifact is the same as Selenium's.
  Given I am signed in to EventHub                               # com.eventhub.automation.steps.AuthSteps.iAmSignedInToEventHub()
  Given I am signed in to EventHub                                   # com.eventhub.automation.steps.AuthSteps.iAmSignedInToEventHub()
  Given I am signed in to EventHub                                               # com.eventhub.automation.steps.AuthSteps.iAmSignedInToEventHub()
  When I open details for a bookable event                       # com.eventhub.automation.steps.BookingSteps.iOpenDetailsForABookableEvent()
  Then I should see the event detail booking panel               # com.eventhub.automation.steps.BookingSteps.iShouldSeeTheEventDetailBookingPanel()
  Given I am signed in to EventHub                                               # com.eventhub.automation.steps.AuthSteps.iAmSignedInToEventHub()

@bookings @ui @owner-platform @risk-revenue @intent-booking @impact-bookings @p1 @regression @parallel-safe @intent-validation
Scenario: Booking form validates required customer details    # src/test/resources/features/bookings/booking_lifecycle.feature:85
Aug 02, 2026 8:42:54 PM org.openqa.selenium.devtools.CdpVersionFinder findNearestMatch
WARNING: Unable to find CDP implementation matching 150
Aug 02, 2026 8:42:54 PM org.openqa.selenium.chromium.ChromiumDriver lambda$new$5
WARNING: Unable to find version of CDP to use for 150.0.7871.128. You may need to include a dependency on a specific version of the CDP using something similar to `org.seleniumhq.selenium:selenium-devtools-v86:4.23.1` where the version ("v86") matches the version of the chromium-based browser you're using and the version number of the artifact is the same as Selenium's.
  When I open details for a bookable event                                       # com.eventhub.automation.steps.BookingSteps.iOpenDetailsForABookableEvent()
  When I open details for a bookable event                                       # com.eventhub.automation.steps.BookingSteps.iOpenDetailsForABookableEvent()
  And I enter booking customer email "invalid-email" and phone "+91 98765 43210" # com.eventhub.automation.steps.BookingSteps.iEnterBookingCustomerEmailAndPhone(java.lang.String,java.lang.String)
  Then the booking email field should be invalid                                 # com.eventhub.automation.steps.BookingSteps.theBookingEmailFieldShouldBeInvalid()

@bookings @ui @owner-platform @risk-revenue @intent-booking @impact-bookings @p2 @regression @parallel-safe @intent-validation
Scenario: Booking form accepts generated valid customer data before submit # src/test/resources/features/bookings/booking_lifecycle.feature:91
  When I open details for an event with at least 4 available tickets # com.eventhub.automation.steps.BookingSteps.iOpenDetailsForAnEventWithAtLeastAvailableTickets(int)
  Then the ticket quantity should be 1                               # com.eventhub.automation.steps.BookingSteps.theTicketQuantityShouldBe(int)
  And the ticket decrement control should be disabled                # com.eventhub.automation.steps.BookingSteps.theTicketDecrementControlShouldBeDisabled()
Aug 02, 2026 8:42:56 PM org.openqa.selenium.devtools.CdpVersionFinder findNearestMatch
WARNING: Unable to find CDP implementation matching 150
Aug 02, 2026 8:42:56 PM org.openqa.selenium.chromium.ChromiumDriver lambda$new$5
WARNING: Unable to find version of CDP to use for 150.0.7871.128. You may need to include a dependency on a specific version of the CDP using something similar to `org.seleniumhq.selenium:selenium-devtools-v86:4.23.1` where the version ("v86") matches the version of the chromium-based browser you're using and the version number of the artifact is the same as Selenium's.
  When I increase tickets by 1                                       # com.eventhub.automation.steps.BookingSteps.iIncreaseTicketsBy(int)
  Then the ticket quantity should be 2                               # com.eventhub.automation.steps.BookingSteps.theTicketQuantityShouldBe(int)
  When I decrease tickets by 1                                       # com.eventhub.automation.steps.BookingSteps.iDecreaseTicketsBy(int)
  Then the ticket quantity should be 1                               # com.eventhub.automation.steps.BookingSteps.theTicketQuantityShouldBe(int)

@events @ui @owner-platform @risk-discovery @intent-discovery @impact-events @p0 @smoke @parallel-safe @critical
Scenario: User can view upcoming events    # src/test/resources/features/events/event_discovery.feature:8
  And I enter booking customer email "gauravarora1091@gmail.com" and phone "123" # com.eventhub.automation.steps.BookingSteps.iEnterBookingCustomerEmailAndPhone(java.lang.String,java.lang.String)
  Then the booking phone field should be invalid                                 # com.eventhub.automation.steps.BookingSteps.theBookingPhoneFieldShouldBeInvalid()

@events @ui @owner-platform @risk-discovery @intent-discovery @impact-events @p1 @regression @parallel-safe
Scenario Outline: User can search for events by keyword # src/test/resources/features/events/event_discovery.feature:20
Aug 02, 2026 8:42:57 PM org.openqa.selenium.devtools.CdpVersionFinder findNearestMatch
WARNING: Unable to find CDP implementation matching 150
Aug 02, 2026 8:42:57 PM org.openqa.selenium.chromium.ChromiumDriver lambda$new$5
WARNING: Unable to find version of CDP to use for 150.0.7871.128. You may need to include a dependency on a specific version of the CDP using something similar to `org.seleniumhq.selenium:selenium-devtools-v86:4.23.1` where the version ("v86") matches the version of the chromium-based browser you're using and the version number of the artifact is the same as Selenium's.
Aug 02, 2026 8:42:57 PM org.openqa.selenium.devtools.CdpVersionFinder findNearestMatch
WARNING: Unable to find CDP implementation matching 150
Aug 02, 2026 8:42:57 PM org.openqa.selenium.chromium.ChromiumDriver lambda$new$5
WARNING: Unable to find version of CDP to use for 150.0.7871.128. You may need to include a dependency on a specific version of the CDP using something similar to `org.seleniumhq.selenium:selenium-devtools-v86:4.23.1` where the version ("v86") matches the version of the chromium-based browser you're using and the version number of the artifact is the same as Selenium's.
  Given I am signed in to EventHub                            # com.eventhub.automation.steps.AuthSteps.iAmSignedInToEventHub()
  When I open details for a bookable event                    # com.eventhub.automation.steps.BookingSteps.iOpenDetailsForABookableEvent()
  Given I am signed in to EventHub                                         # com.eventhub.automation.steps.AuthSteps.iAmSignedInToEventHub()
  And I submit the booking form without customer details      # com.eventhub.automation.steps.BookingSteps.iSubmitTheBookingFormWithoutCustomerDetails()
  Then the booking form should show required field validation # com.eventhub.automation.steps.BookingSteps.theBookingFormShouldShowRequiredFieldValidation()

@events @ui @owner-platform @risk-discovery @intent-discovery @impact-events @p1 @regression @parallel-safe
Scenario Outline: User can search for events by keyword # src/test/resources/features/events/event_discovery.feature:21
  Given I am signed in to EventHub         # com.eventhub.automation.steps.AuthSteps.iAmSignedInToEventHub()
Aug 02, 2026 8:43:02 PM org.openqa.selenium.devtools.CdpVersionFinder findNearestMatch
WARNING: Unable to find CDP implementation matching 150
Aug 02, 2026 8:43:02 PM org.openqa.selenium.chromium.ChromiumDriver lambda$new$5
WARNING: Unable to find version of CDP to use for 150.0.7871.128. You may need to include a dependency on a specific version of the CDP using something similar to `org.seleniumhq.selenium:selenium-devtools-v86:4.23.1` where the version ("v86") matches the version of the chromium-based browser you're using and the version number of the artifact is the same as Selenium's.
  Given I am signed in to EventHub                      # com.eventhub.automation.steps.AuthSteps.iAmSignedInToEventHub()
  When I open the Events page              # com.eventhub.automation.steps.EventSteps.iOpenTheEventsPage()
  When I open the Events page                           # com.eventhub.automation.steps.EventSteps.iOpenTheEventsPage()
  And I search events for "Dilli Diwali Mela"           # com.eventhub.automation.steps.EventSteps.iSearchEventsFor(java.lang.String)
  Then I should see seeded upcoming events # com.eventhub.automation.steps.EventSteps.iShouldSeeSeededUpcomingEvents()

@events @ui @owner-platform @risk-discovery @intent-discovery @impact-events @p1 @regression @parallel-safe
Scenario Outline: User can search for events by keyword # src/test/resources/features/events/event_discovery.feature:22
Aug 02, 2026 8:43:04 PM org.openqa.selenium.devtools.CdpVersionFinder findNearestMatch
WARNING: Unable to find CDP implementation matching 150
Aug 02, 2026 8:43:04 PM org.openqa.selenium.chromium.ChromiumDriver lambda$new$5
WARNING: Unable to find version of CDP to use for 150.0.7871.128. You may need to include a dependency on a specific version of the CDP using something similar to `org.seleniumhq.selenium:selenium-devtools-v86:4.23.1` where the version ("v86") matches the version of the chromium-based browser you're using and the version number of the artifact is the same as Selenium's.
  Then I should see event "Dilli Diwali Mela"           # com.eventhub.automation.steps.EventSteps.iShouldSeeEvent(java.lang.String)

@events @ui @owner-platform @risk-discovery @intent-discovery @impact-events @p1 @regression @parallel-safe
Scenario: User can search for an event by title and exclude unrelated cards # src/test/resources/features/events/event_discovery.feature:25
  When I enter valid booking customer details for a bookable event         # com.eventhub.automation.steps.BookingSteps.iEnterValidBookingCustomerDetailsForABookableEvent()
  Then the booking form should contain the generated customer details      # com.eventhub.automation.steps.BookingSteps.theBookingFormShouldContainTheGeneratedCustomerDetails()

@events @ui @owner-platform @risk-discovery @intent-discovery @impact-events @p1 @regression @parallel-safe
Scenario: User can filter events by city and category # src/test/resources/features/events/event_discovery.feature:32
Aug 02, 2026 8:43:05 PM org.openqa.selenium.devtools.CdpVersionFinder findNearestMatch
WARNING: Unable to find CDP implementation matching 150
Aug 02, 2026 8:43:05 PM org.openqa.selenium.chromium.ChromiumDriver lambda$new$5
WARNING: Unable to find version of CDP to use for 150.0.7871.128. You may need to include a dependency on a specific version of the CDP using something similar to `org.seleniumhq.selenium:selenium-devtools-v86:4.23.1` where the version ("v86") matches the version of the chromium-based browser you're using and the version number of the artifact is the same as Selenium's.
Aug 02, 2026 8:43:05 PM org.openqa.selenium.devtools.CdpVersionFinder findNearestMatch
WARNING: Unable to find CDP implementation matching 150
Aug 02, 2026 8:43:05 PM org.openqa.selenium.chromium.ChromiumDriver lambda$new$5
WARNING: Unable to find version of CDP to use for 150.0.7871.128. You may need to include a dependency on a specific version of the CDP using something similar to `org.seleniumhq.selenium:selenium-devtools-v86:4.23.1` where the version ("v86") matches the version of the chromium-based browser you're using and the version number of the artifact is the same as Selenium's.
  Given I am signed in to EventHub                      # com.eventhub.automation.steps.AuthSteps.iAmSignedInToEventHub()
  When I open the Events page                           # com.eventhub.automation.steps.EventSteps.iOpenTheEventsPage()
  And I search events for "Pragati Maidan"              # com.eventhub.automation.steps.EventSteps.iSearchEventsFor(java.lang.String)
  Given I am signed in to EventHub                      # com.eventhub.automation.steps.AuthSteps.iAmSignedInToEventHub()
  Then I should see event "Dilli Diwali Mela"           # com.eventhub.automation.steps.EventSteps.iShouldSeeEvent(java.lang.String)

@events @ui @owner-platform @risk-discovery @intent-discovery @impact-events @p1 @regression @parallel-safe
Scenario: User can clear filters and restore the event list # src/test/resources/features/events/event_discovery.feature:39
  Given I am signed in to EventHub                                          # com.eventhub.automation.steps.AuthSteps.iAmSignedInToEventHub()
Aug 02, 2026 8:43:09 PM org.openqa.selenium.devtools.CdpVersionFinder findNearestMatch
WARNING: Unable to find CDP implementation matching 150
Aug 02, 2026 8:43:09 PM org.openqa.selenium.chromium.ChromiumDriver lambda$new$5
WARNING: Unable to find version of CDP to use for 150.0.7871.128. You may need to include a dependency on a specific version of the CDP using something similar to `org.seleniumhq.selenium:selenium-devtools-v86:4.23.1` where the version ("v86") matches the version of the chromium-based browser you're using and the version number of the artifact is the same as Selenium's.
  When I open the Events page                           # com.eventhub.automation.steps.EventSteps.iOpenTheEventsPage()
  And I search events for "World Tech Summit"           # com.eventhub.automation.steps.EventSteps.iSearchEventsFor(java.lang.String)
  Given I am signed in to EventHub                    # com.eventhub.automation.steps.AuthSteps.iAmSignedInToEventHub()
  Then I should see event "World Tech Summit"           # com.eventhub.automation.steps.EventSteps.iShouldSeeEvent(java.lang.String)

@events @ui @owner-platform @risk-discovery @intent-discovery @impact-events @p1 @regression @parallel-safe
Scenario: Event filters reset after refresh   # src/test/resources/features/events/event_discovery.feature:47
  When I open the Events page                                               # com.eventhub.automation.steps.EventSteps.iOpenTheEventsPage()
  And I search events for "Dilli Diwali Mela"                               # com.eventhub.automation.steps.EventSteps.iSearchEventsFor(java.lang.String)
  Then I should see event "Dilli Diwali Mela"                               # com.eventhub.automation.steps.EventSteps.iShouldSeeEvent(java.lang.String)
Aug 02, 2026 8:43:10 PM org.openqa.selenium.devtools.CdpVersionFinder findNearestMatch
WARNING: Unable to find CDP implementation matching 150
Aug 02, 2026 8:43:10 PM org.openqa.selenium.chromium.ChromiumDriver lambda$new$5
WARNING: Unable to find version of CDP to use for 150.0.7871.128. You may need to include a dependency on a specific version of the CDP using something similar to `org.seleniumhq.selenium:selenium-devtools-v86:4.23.1` where the version ("v86") matches the version of the chromium-based browser you're using and the version number of the artifact is the same as Selenium's.
  When I open the Events page                         # com.eventhub.automation.steps.EventSteps.iOpenTheEventsPage()
  And I should not see event "World Tech Summit"                            # com.eventhub.automation.steps.EventSteps.iShouldNotSeeEvent(java.lang.String)

@events @ui @owner-platform @risk-discovery @intent-discovery @impact-events @p1 @regression @parallel-safe
Scenario: Event filters reset after navigating away and back # src/test/resources/features/events/event_discovery.feature:55
  And I filter events by category "Festival"          # com.eventhub.automation.steps.EventSteps.iFilterEventsByCategory(java.lang.String)
Aug 02, 2026 8:43:11 PM org.openqa.selenium.devtools.CdpVersionFinder findNearestMatch
WARNING: Unable to find CDP implementation matching 150
Aug 02, 2026 8:43:11 PM org.openqa.selenium.chromium.ChromiumDriver lambda$new$5
WARNING: Unable to find version of CDP to use for 150.0.7871.128. You may need to include a dependency on a specific version of the CDP using something similar to `org.seleniumhq.selenium:selenium-devtools-v86:4.23.1` where the version ("v86") matches the version of the chromium-based browser you're using and the version number of the artifact is the same as Selenium's.
  And I filter events by city "Delhi"                 # com.eventhub.automation.steps.EventSteps.iFilterEventsByCity(java.lang.String)
  Then I should see event "Dilli Diwali Mela"         # com.eventhub.automation.steps.EventSteps.iShouldSeeEvent(java.lang.String)

@events @ui @owner-platform @risk-discovery @intent-discovery @impact-events @p1 @regression @parallel-safe @negative
Scenario: User sees an empty state for unmatched search         # src/test/resources/features/events/event_discovery.feature:64
Aug 02, 2026 8:43:13 PM org.openqa.selenium.devtools.CdpVersionFinder findNearestMatch
WARNING: Unable to find CDP implementation matching 150
Aug 02, 2026 8:43:13 PM org.openqa.selenium.chromium.ChromiumDriver lambda$new$5
WARNING: Unable to find version of CDP to use for 150.0.7871.128. You may need to include a dependency on a specific version of the CDP using something similar to `org.seleniumhq.selenium:selenium-devtools-v86:4.23.1` where the version ("v86") matches the version of the chromium-based browser you're using and the version number of the artifact is the same as Selenium's.
  Given I am signed in to EventHub                          # com.eventhub.automation.steps.AuthSteps.iAmSignedInToEventHub()
  Given I am signed in to EventHub            # com.eventhub.automation.steps.AuthSteps.iAmSignedInToEventHub()
  When I open the Events page                               # com.eventhub.automation.steps.EventSteps.iOpenTheEventsPage()
  And I filter events by category "Festival"                # com.eventhub.automation.steps.EventSteps.iFilterEventsByCategory(java.lang.String)
  And I filter events by city "Delhi"                       # com.eventhub.automation.steps.EventSteps.iFilterEventsByCity(java.lang.String)
  And I clear event filters                                 # com.eventhub.automation.steps.EventSteps.iClearEventFilters()
  When I open the Events page                 # com.eventhub.automation.steps.EventSteps.iOpenTheEventsPage()
  Then I should see seeded upcoming events                  # com.eventhub.automation.steps.EventSteps.iShouldSeeSeededUpcomingEvents()

@events @ui @owner-platform @risk-discovery @intent-discovery @impact-events @p1 @regression @parallel-safe
Scenario: Event cards expose business-critical details                                                                            # src/test/resources/features/events/event_discovery.feature:70
  And I search events for "Dilli Diwali Mela" # com.eventhub.automation.steps.EventSteps.iSearchEventsFor(java.lang.String)
  And I refresh the current page              # com.eventhub.automation.steps.AuthSteps.iRefreshTheCurrentPage()
Aug 02, 2026 8:43:16 PM org.openqa.selenium.devtools.CdpVersionFinder findNearestMatch
WARNING: Unable to find CDP implementation matching 150
Aug 02, 2026 8:43:16 PM org.openqa.selenium.chromium.ChromiumDriver lambda$new$5
WARNING: Unable to find version of CDP to use for 150.0.7871.128. You may need to include a dependency on a specific version of the CDP using something similar to `org.seleniumhq.selenium:selenium-devtools-v86:4.23.1` where the version ("v86") matches the version of the chromium-based browser you're using and the version number of the artifact is the same as Selenium's.
  Given I am signed in to EventHub                           # com.eventhub.automation.steps.AuthSteps.iAmSignedInToEventHub()
  Then event filters should be reset          # com.eventhub.automation.steps.EventSteps.eventFiltersShouldBeReset()
  And I should see seeded upcoming events     # com.eventhub.automation.steps.EventSteps.iShouldSeeSeededUpcomingEvents()

@events @ui @owner-platform @risk-discovery @intent-discovery @impact-events @p1 @regression @parallel-safe
Scenario Outline: User can open event details                      # src/test/resources/features/events/event_discovery.feature:81
Aug 02, 2026 8:43:17 PM org.openqa.selenium.devtools.CdpVersionFinder findNearestMatch
WARNING: Unable to find CDP implementation matching 150
Aug 02, 2026 8:43:17 PM org.openqa.selenium.chromium.ChromiumDriver lambda$new$5
WARNING: Unable to find version of CDP to use for 150.0.7871.128. You may need to include a dependency on a specific version of the CDP using something similar to `org.seleniumhq.selenium:selenium-devtools-v86:4.23.1` where the version ("v86") matches the version of the chromium-based browser you're using and the version number of the artifact is the same as Selenium's.
  When I open the Events page                                # com.eventhub.automation.steps.EventSteps.iOpenTheEventsPage()
  And I search events for "Dilli Diwali Mela"                # com.eventhub.automation.steps.EventSteps.iSearchEventsFor(java.lang.String)
  Given I am signed in to EventHub                              # com.eventhub.automation.steps.AuthSteps.iAmSignedInToEventHub()
  And I filter events by city "Delhi"                        # com.eventhub.automation.steps.EventSteps.iFilterEventsByCity(java.lang.String)
  And I navigate away from event discovery and return        # com.eventhub.automation.steps.EventSteps.iNavigateAwayFromEventDiscoveryAndReturn()
  When I open the Events page                                   # com.eventhub.automation.steps.EventSteps.iOpenTheEventsPage()
  Then event filters should be reset                         # com.eventhub.automation.steps.EventSteps.eventFiltersShouldBeReset()
  And I search events for "No Selenium Event Should Match This" # com.eventhub.automation.steps.EventSteps.iSearchEventsFor(java.lang.String)
  And I should see seeded upcoming events                    # com.eventhub.automation.steps.EventSteps.iShouldSeeSeededUpcomingEvents()
  Then I should see the no events found message                 # com.eventhub.automation.steps.EventSteps.iShouldSeeTheNoEventsFoundMessage()

@events @ui @owner-platform @risk-discovery @intent-discovery @impact-events @p1 @regression @parallel-safe @critical
Scenario: Event detail deep link loads correct metadata           # src/test/resources/features/events/event_discovery.feature:84

@events @ui @owner-platform @risk-discovery @intent-discovery @impact-events @p1 @regression @parallel-safe @critical
Scenario: User can open a bookable event detail page from Book Now # src/test/resources/features/events/event_discovery.feature:89
Aug 02, 2026 8:43:19 PM org.openqa.selenium.devtools.CdpVersionFinder findNearestMatch
WARNING: Unable to find CDP implementation matching 150
Aug 02, 2026 8:43:19 PM org.openqa.selenium.chromium.ChromiumDriver lambda$new$5
WARNING: Unable to find version of CDP to use for 150.0.7871.128. You may need to include a dependency on a specific version of the CDP using something similar to `org.seleniumhq.selenium:selenium-devtools-v86:4.23.1` where the version ("v86") matches the version of the chromium-based browser you're using and the version number of the artifact is the same as Selenium's.
Aug 02, 2026 8:43:19 PM org.openqa.selenium.devtools.CdpVersionFinder findNearestMatch
WARNING: Unable to find CDP implementation matching 150
Aug 02, 2026 8:43:19 PM org.openqa.selenium.chromium.ChromiumDriver lambda$new$5
WARNING: Unable to find version of CDP to use for 150.0.7871.128. You may need to include a dependency on a specific version of the CDP using something similar to `org.seleniumhq.selenium:selenium-devtools-v86:4.23.1` where the version ("v86") matches the version of the chromium-based browser you're using and the version number of the artifact is the same as Selenium's.
  Given I am signed in to EventHub                                                                                                # com.eventhub.automation.steps.AuthSteps.iAmSignedInToEventHub()
  Given I am signed in to EventHub                                 # com.eventhub.automation.steps.AuthSteps.iAmSignedInToEventHub()
  When I open the Events page                                                                                                     # com.eventhub.automation.steps.EventSteps.iOpenTheEventsPage()
  Then event "Dilli Diwali Mela" card should show category "Festival", city "Delhi", price "$300", seats, and availability status # com.eventhub.automation.steps.EventSteps.eventCardShouldShowBusinessDetails(java.lang.String,java.lang.String,java.lang.String,java.lang.String)

@navigation @ui @owner-platform @risk-navigation @intent-navigation @impact-navigation @p1 @regression @parallel-safe
Scenario: Authenticated user can move across primary navigation # src/test/resources/features/navigation/navigation.feature:8
Aug 02, 2026 8:43:22 PM org.openqa.selenium.devtools.CdpVersionFinder findNearestMatch
WARNING: Unable to find CDP implementation matching 150
Aug 02, 2026 8:43:22 PM org.openqa.selenium.chromium.ChromiumDriver lambda$new$5
WARNING: Unable to find version of CDP to use for 150.0.7871.128. You may need to include a dependency on a specific version of the CDP using something similar to `org.seleniumhq.selenium:selenium-devtools-v86:4.23.1` where the version ("v86") matches the version of the chromium-based browser you're using and the version number of the artifact is the same as Selenium's.
  Given I am signed in to EventHub                                # com.eventhub.automation.steps.AuthSteps.iAmSignedInToEventHub()
  When I open details from the title for event "World Tech Summit" # com.eventhub.automation.steps.EventSteps.iOpenDetailsFromTheTitleForEvent(java.lang.String)
  Given I am signed in to EventHub                                 # com.eventhub.automation.steps.AuthSteps.iAmSignedInToEventHub()
  Then I should see metadata for event "World Tech Summit"         # com.eventhub.automation.steps.EventSteps.iShouldSeeMetadataForEvent(java.lang.String)

@accessibility @ui @owner-platform @risk-ux @intent-accessibility @impact-ux @p1 @regression @parallel-safe
Scenario Outline: Key pages expose basic accessibility semantics     # src/test/resources/features/ux/accessibility_smoke.feature:16
Aug 02, 2026 8:43:25 PM org.openqa.selenium.devtools.CdpVersionFinder findNearestMatch
WARNING: Unable to find CDP implementation matching 150
Aug 02, 2026 8:43:25 PM org.openqa.selenium.chromium.ChromiumDriver lambda$new$5
WARNING: Unable to find version of CDP to use for 150.0.7871.128. You may need to include a dependency on a specific version of the CDP using something similar to `org.seleniumhq.selenium:selenium-devtools-v86:4.23.1` where the version ("v86") matches the version of the chromium-based browser you're using and the version number of the artifact is the same as Selenium's.
  When I directly open event detail for event "World Tech Summit" # com.eventhub.automation.steps.EventSteps.iDirectlyOpenEventDetailForEvent(java.lang.String)
  When I open details from Book Now for a bookable event           # com.eventhub.automation.steps.EventSteps.iOpenDetailsFromBookNowForABookableEvent()
  Given I am signed in to EventHub                              # com.eventhub.automation.steps.AuthSteps.iAmSignedInToEventHub()
  When I open Home from the navigation                          # com.eventhub.automation.steps.NavigationSteps.iOpenHomeFromTheNavigation()
  Then the Home page should be loaded                           # com.eventhub.automation.steps.NavigationSteps.theHomePageShouldBeLoaded()
  Then I should see metadata for event "World Tech Summit"        # com.eventhub.automation.steps.EventSteps.iShouldSeeMetadataForEvent(java.lang.String)
  Then I should see the event detail booking panel                 # com.eventhub.automation.steps.BookingSteps.iShouldSeeTheEventDetailBookingPanel()

@accessibility @ui @owner-platform @risk-ux @intent-accessibility @impact-ux @p1 @regression @parallel-safe
Scenario Outline: Key pages expose basic accessibility semantics     # src/test/resources/features/ux/accessibility_smoke.feature:17

@accessibility @ui @owner-platform @risk-ux @intent-accessibility @impact-ux @p1 @regression @parallel-safe
Scenario Outline: Key pages expose basic accessibility semantics     # src/test/resources/features/ux/accessibility_smoke.feature:18
  When I open Events from the navigation                        # com.eventhub.automation.steps.NavigationSteps.iOpenEventsFromTheNavigation()
Aug 02, 2026 8:43:28 PM org.openqa.selenium.devtools.CdpVersionFinder findNearestMatch
WARNING: Unable to find CDP implementation matching 150
Aug 02, 2026 8:43:28 PM org.openqa.selenium.chromium.ChromiumDriver lambda$new$5
WARNING: Unable to find version of CDP to use for 150.0.7871.128. You may need to include a dependency on a specific version of the CDP using something similar to `org.seleniumhq.selenium:selenium-devtools-v86:4.23.1` where the version ("v86") matches the version of the chromium-based browser you're using and the version number of the artifact is the same as Selenium's.
Aug 02, 2026 8:43:28 PM org.openqa.selenium.devtools.CdpVersionFinder findNearestMatch
WARNING: Unable to find CDP implementation matching 150
Aug 02, 2026 8:43:28 PM org.openqa.selenium.chromium.ChromiumDriver lambda$new$5
WARNING: Unable to find version of CDP to use for 150.0.7871.128. You may need to include a dependency on a specific version of the CDP using something similar to `org.seleniumhq.selenium:selenium-devtools-v86:4.23.1` where the version ("v86") matches the version of the chromium-based browser you're using and the version number of the artifact is the same as Selenium's.
  Then the Events page should be loaded                         # com.eventhub.automation.steps.NavigationSteps.theEventsPageShouldBeLoaded()
  When I open My Bookings from the navigation                   # com.eventhub.automation.steps.NavigationSteps.iOpenMyBookingsFromTheNavigation()
  Then the My Bookings page should be loaded                    # com.eventhub.automation.steps.NavigationSteps.theMyBookingsPageShouldBeLoaded()

@accessibility @ui @owner-platform @risk-ux @intent-accessibility @impact-ux @p1 @regression @parallel-safe
Scenario Outline: Key pages expose basic accessibility semantics     # src/test/resources/features/ux/accessibility_smoke.feature:19
Aug 02, 2026 8:43:29 PM org.openqa.selenium.devtools.CdpVersionFinder findNearestMatch
WARNING: Unable to find CDP implementation matching 150
Aug 02, 2026 8:43:29 PM org.openqa.selenium.chromium.ChromiumDriver lambda$new$5
WARNING: Unable to find version of CDP to use for 150.0.7871.128. You may need to include a dependency on a specific version of the CDP using something similar to `org.seleniumhq.selenium:selenium-devtools-v86:4.23.1` where the version ("v86") matches the version of the chromium-based browser you're using and the version number of the artifact is the same as Selenium's.
  Given I am signed in to EventHub                                   # com.eventhub.automation.steps.AuthSteps.iAmSignedInToEventHub()
  When I open UX smoke page "home"                                   # com.eventhub.automation.steps.UxSmokeSteps.iOpenUxSmokePage(java.lang.String)
  Given I am signed in to EventHub                                   # com.eventhub.automation.steps.AuthSteps.iAmSignedInToEventHub()
  Then the page should expose basic accessibility semantics          # com.eventhub.automation.steps.UxSmokeSteps.thePageShouldExposeBasicAccessibilitySemantics()
  Given I am signed in to EventHub                                   # com.eventhub.automation.steps.AuthSteps.iAmSignedInToEventHub()
  When I open UX smoke page "bookings"                               # com.eventhub.automation.steps.UxSmokeSteps.iOpenUxSmokePage(java.lang.String)
  And the page should generate an Axe accessibility advisory report  # com.eventhub.automation.steps.UxSmokeSteps.thePageShouldGenerateAnAxeAccessibilityAdvisoryReport()
  When I open UX smoke page "events"                                 # com.eventhub.automation.steps.UxSmokeSteps.iOpenUxSmokePage(java.lang.String)
  Given I am signed in to EventHub                                   # com.eventhub.automation.steps.AuthSteps.iAmSignedInToEventHub()
  And the page should satisfy the configured accessibility threshold # com.eventhub.automation.steps.UxSmokeSteps.thePageShouldSatisfyTheConfiguredAccessibilityThreshold()

@responsive @ui @owner-platform @risk-ux @intent-responsive @impact-ux @p1 @regression @parallel-safe
Scenario Outline: Key authenticated pages fit common viewport sizes # src/test/resources/features/ux/responsive_smoke.feature:15
  When I open UX smoke page "admin events"                           # com.eventhub.automation.steps.UxSmokeSteps.iOpenUxSmokePage(java.lang.String)
  Then the page should expose basic accessibility semantics          # com.eventhub.automation.steps.UxSmokeSteps.thePageShouldExposeBasicAccessibilitySemantics()
Aug 02, 2026 8:43:35 PM org.openqa.selenium.devtools.CdpVersionFinder findNearestMatch
WARNING: Unable to find CDP implementation matching 150
Aug 02, 2026 8:43:35 PM org.openqa.selenium.chromium.ChromiumDriver lambda$new$5
WARNING: Unable to find version of CDP to use for 150.0.7871.128. You may need to include a dependency on a specific version of the CDP using something similar to `org.seleniumhq.selenium:selenium-devtools-v86:4.23.1` where the version ("v86") matches the version of the chromium-based browser you're using and the version number of the artifact is the same as Selenium's.
  Then the page should expose basic accessibility semantics          # com.eventhub.automation.steps.UxSmokeSteps.thePageShouldExposeBasicAccessibilitySemantics()
  And the page should generate an Axe accessibility advisory report  # com.eventhub.automation.steps.UxSmokeSteps.thePageShouldGenerateAnAxeAccessibilityAdvisoryReport()
  And the page should generate an Axe accessibility advisory report  # com.eventhub.automation.steps.UxSmokeSteps.thePageShouldGenerateAnAxeAccessibilityAdvisoryReport()
  Then the page should expose basic accessibility semantics          # com.eventhub.automation.steps.UxSmokeSteps.thePageShouldExposeBasicAccessibilitySemantics()
  And the page should satisfy the configured accessibility threshold # com.eventhub.automation.steps.UxSmokeSteps.thePageShouldSatisfyTheConfiguredAccessibilityThreshold()

@responsive @ui @owner-platform @risk-ux @intent-responsive @impact-ux @p1 @regression @parallel-safe
Scenario Outline: Key authenticated pages fit common viewport sizes # src/test/resources/features/ux/responsive_smoke.feature:16
  And the page should satisfy the configured accessibility threshold # com.eventhub.automation.steps.UxSmokeSteps.thePageShouldSatisfyTheConfiguredAccessibilityThreshold()

@responsive @ui @owner-platform @risk-ux @intent-responsive @impact-ux @p1 @regression @parallel-safe
Scenario Outline: Key authenticated pages fit common viewport sizes # src/test/resources/features/ux/responsive_smoke.feature:17
Aug 02, 2026 8:43:38 PM org.openqa.selenium.devtools.CdpVersionFinder findNearestMatch
WARNING: Unable to find CDP implementation matching 150
Aug 02, 2026 8:43:38 PM org.openqa.selenium.chromium.ChromiumDriver lambda$new$5
WARNING: Unable to find version of CDP to use for 150.0.7871.128. You may need to include a dependency on a specific version of the CDP using something similar to `org.seleniumhq.selenium:selenium-devtools-v86:4.23.1` where the version ("v86") matches the version of the chromium-based browser you're using and the version number of the artifact is the same as Selenium's.
Aug 02, 2026 8:43:38 PM org.openqa.selenium.devtools.CdpVersionFinder findNearestMatch
WARNING: Unable to find CDP implementation matching 150
Aug 02, 2026 8:43:38 PM org.openqa.selenium.chromium.ChromiumDriver lambda$new$5
WARNING: Unable to find version of CDP to use for 150.0.7871.128. You may need to include a dependency on a specific version of the CDP using something similar to `org.seleniumhq.selenium:selenium-devtools-v86:4.23.1` where the version ("v86") matches the version of the chromium-based browser you're using and the version number of the artifact is the same as Selenium's.
  And the page should generate an Axe accessibility advisory report  # com.eventhub.automation.steps.UxSmokeSteps.thePageShouldGenerateAnAxeAccessibilityAdvisoryReport()
  And the page should satisfy the configured accessibility threshold # com.eventhub.automation.steps.UxSmokeSteps.thePageShouldSatisfyTheConfiguredAccessibilityThreshold()

@responsive @ui @owner-platform @risk-ux @intent-responsive @impact-ux @p1 @regression @parallel-safe
Scenario Outline: Key authenticated pages fit common viewport sizes # src/test/resources/features/ux/responsive_smoke.feature:18
  Given I am signed in to EventHub                                  # com.eventhub.automation.steps.AuthSteps.iAmSignedInToEventHub()
  When I use viewport 390 by 844                                    # com.eventhub.automation.steps.UxSmokeSteps.iUseViewportBy(int,int)
  And I open UX smoke page "home"                                   # com.eventhub.automation.steps.UxSmokeSteps.iOpenUxSmokePage(java.lang.String)
  Then the page should fit the viewport without horizontal overflow # com.eventhub.automation.steps.UxSmokeSteps.thePageShouldFitTheViewportWithoutHorizontalOverflow()

@responsive @ui @owner-platform @risk-ux @intent-responsive @impact-ux @p1 @regression @parallel-safe
Scenario Outline: Key authenticated pages fit common viewport sizes # src/test/resources/features/ux/responsive_smoke.feature:19
Aug 02, 2026 8:43:40 PM org.openqa.selenium.devtools.CdpVersionFinder findNearestMatch
WARNING: Unable to find CDP implementation matching 150
Aug 02, 2026 8:43:40 PM org.openqa.selenium.chromium.ChromiumDriver lambda$new$5
WARNING: Unable to find version of CDP to use for 150.0.7871.128. You may need to include a dependency on a specific version of the CDP using something similar to `org.seleniumhq.selenium:selenium-devtools-v86:4.23.1` where the version ("v86") matches the version of the chromium-based browser you're using and the version number of the artifact is the same as Selenium's.
Aug 02, 2026 8:43:40 PM org.openqa.selenium.devtools.CdpVersionFinder findNearestMatch
WARNING: Unable to find CDP implementation matching 150
Aug 02, 2026 8:43:40 PM org.openqa.selenium.chromium.ChromiumDriver lambda$new$5
WARNING: Unable to find version of CDP to use for 150.0.7871.128. You may need to include a dependency on a specific version of the CDP using something similar to `org.seleniumhq.selenium:selenium-devtools-v86:4.23.1` where the version ("v86") matches the version of the chromium-based browser you're using and the version number of the artifact is the same as Selenium's.
  Given I am signed in to EventHub                                  # com.eventhub.automation.steps.AuthSteps.iAmSignedInToEventHub()
  When I use viewport 390 by 844                                    # com.eventhub.automation.steps.UxSmokeSteps.iUseViewportBy(int,int)
  Given I am signed in to EventHub                                  # com.eventhub.automation.steps.AuthSteps.iAmSignedInToEventHub()
  When I use viewport 390 by 844                                    # com.eventhub.automation.steps.UxSmokeSteps.iUseViewportBy(int,int)
  And I open UX smoke page "events"                                 # com.eventhub.automation.steps.UxSmokeSteps.iOpenUxSmokePage(java.lang.String)
  Then the page should fit the viewport without horizontal overflow # com.eventhub.automation.steps.UxSmokeSteps.thePageShouldFitTheViewportWithoutHorizontalOverflow()

@visual @ui @owner-platform @risk-ux @intent-visual @impact-ux @p2 @regression @parallel-safe
Scenario: Login page visual sanity screenshot is captured # src/test/resources/features/ux/visual_sanity.feature:5
Aug 02, 2026 8:43:43 PM org.openqa.selenium.devtools.CdpVersionFinder findNearestMatch
WARNING: Unable to find CDP implementation matching 150
Aug 02, 2026 8:43:43 PM org.openqa.selenium.chromium.ChromiumDriver lambda$new$5
WARNING: Unable to find version of CDP to use for 150.0.7871.128. You may need to include a dependency on a specific version of the CDP using something similar to `org.seleniumhq.selenium:selenium-devtools-v86:4.23.1` where the version ("v86") matches the version of the chromium-based browser you're using and the version number of the artifact is the same as Selenium's.
  Given I am signed in to EventHub                                  # com.eventhub.automation.steps.AuthSteps.iAmSignedInToEventHub()
  When I use viewport 1366 by 768                                   # com.eventhub.automation.steps.UxSmokeSteps.iUseViewportBy(int,int)
  And I open UX smoke page "bookings"                               # com.eventhub.automation.steps.UxSmokeSteps.iOpenUxSmokePage(java.lang.String)
  Then the page should fit the viewport without horizontal overflow # com.eventhub.automation.steps.UxSmokeSteps.thePageShouldFitTheViewportWithoutHorizontalOverflow()

@visual @ui @owner-platform @risk-ux @intent-visual @impact-ux @p2 @regression @parallel-safe
Scenario Outline: Authenticated key pages have visual sanity screenshots # src/test/resources/features/ux/visual_sanity.feature:17
  Given I am signed in to EventHub                                  # com.eventhub.automation.steps.AuthSteps.iAmSignedInToEventHub()
  When I use viewport 1440 by 900                                   # com.eventhub.automation.steps.UxSmokeSteps.iUseViewportBy(int,int)
Aug 02, 2026 8:43:45 PM org.openqa.selenium.devtools.CdpVersionFinder findNearestMatch
WARNING: Unable to find CDP implementation matching 150
Aug 02, 2026 8:43:45 PM org.openqa.selenium.chromium.ChromiumDriver lambda$new$5
WARNING: Unable to find version of CDP to use for 150.0.7871.128. You may need to include a dependency on a specific version of the CDP using something similar to `org.seleniumhq.selenium:selenium-devtools-v86:4.23.1` where the version ("v86") matches the version of the chromium-based browser you're using and the version number of the artifact is the same as Selenium's.
  And I open UX smoke page "admin events"                           # com.eventhub.automation.steps.UxSmokeSteps.iOpenUxSmokePage(java.lang.String)
  Then the page should fit the viewport without horizontal overflow # com.eventhub.automation.steps.UxSmokeSteps.thePageShouldFitTheViewportWithoutHorizontalOverflow()
  When I open UX smoke page "login"                       # com.eventhub.automation.steps.UxSmokeSteps.iOpenUxSmokePage(java.lang.String)

@visual @ui @owner-platform @risk-ux @intent-visual @impact-ux @p2 @regression @parallel-safe
Scenario Outline: Authenticated key pages have visual sanity screenshots # src/test/resources/features/ux/visual_sanity.feature:18
  And I open UX smoke page "events"                                 # com.eventhub.automation.steps.UxSmokeSteps.iOpenUxSmokePage(java.lang.String)
  Then the page should fit the viewport without horizontal overflow # com.eventhub.automation.steps.UxSmokeSteps.thePageShouldFitTheViewportWithoutHorizontalOverflow()

@visual @ui @owner-platform @risk-ux @intent-visual @impact-ux @p2 @regression @parallel-safe
Scenario Outline: Authenticated key pages have visual sanity screenshots # src/test/resources/features/ux/visual_sanity.feature:19
  Then the page should have a visual sanity screenshot    # com.eventhub.automation.steps.UxSmokeSteps.thePageShouldHaveAVisualSanityScreenshot()
Aug 02, 2026 8:43:46 PM org.openqa.selenium.devtools.CdpVersionFinder findNearestMatch
WARNING: Unable to find CDP implementation matching 150
Aug 02, 2026 8:43:46 PM org.openqa.selenium.chromium.ChromiumDriver lambda$new$5
WARNING: Unable to find version of CDP to use for 150.0.7871.128. You may need to include a dependency on a specific version of the CDP using something similar to `org.seleniumhq.selenium:selenium-devtools-v86:4.23.1` where the version ("v86") matches the version of the chromium-based browser you're using and the version number of the artifact is the same as Selenium's.
Aug 02, 2026 8:43:46 PM org.openqa.selenium.devtools.CdpVersionFinder findNearestMatch
WARNING: Unable to find CDP implementation matching 150
Aug 02, 2026 8:43:46 PM org.openqa.selenium.chromium.ChromiumDriver lambda$new$5
WARNING: Unable to find version of CDP to use for 150.0.7871.128. You may need to include a dependency on a specific version of the CDP using something similar to `org.seleniumhq.selenium:selenium-devtools-v86:4.23.1` where the version ("v86") matches the version of the chromium-based browser you're using and the version number of the artifact is the same as Selenium's.
  Given I am signed in to EventHub                                       # com.eventhub.automation.steps.AuthSteps.iAmSignedInToEventHub()
  When I open UX smoke page "events"                                     # com.eventhub.automation.steps.UxSmokeSteps.iOpenUxSmokePage(java.lang.String)
  Given I am signed in to EventHub                                       # com.eventhub.automation.steps.AuthSteps.iAmSignedInToEventHub()
  Given I am signed in to EventHub                                       # com.eventhub.automation.steps.AuthSteps.iAmSignedInToEventHub()
  Then the page should have a visual sanity screenshot                   # com.eventhub.automation.steps.UxSmokeSteps.thePageShouldHaveAVisualSanityScreenshot()
  When I open UX smoke page "admin events"                               # com.eventhub.automation.steps.UxSmokeSteps.iOpenUxSmokePage(java.lang.String)
  When I open UX smoke page "bookings"                                   # com.eventhub.automation.steps.UxSmokeSteps.iOpenUxSmokePage(java.lang.String)
  Then the page should have a visual sanity screenshot                   # com.eventhub.automation.steps.UxSmokeSteps.thePageShouldHaveAVisualSanityScreenshot()
  Then the page should have a visual sanity screenshot                   # com.eventhub.automation.steps.UxSmokeSteps.thePageShouldHaveAVisualSanityScreenshot()

73 Scenarios (73 passed)
247 Steps (247 passed)
1m39.137s


[INFO] Tests run: 73, Failures: 0, Errors: 0, Skipped: 0, Time elapsed: 108.6 s -- in TestSuite
[INFO] 
[INFO] Results:
[INFO] 
[INFO] Tests run: 73, Failures: 0, Errors: 0, Skipped: 0
[INFO] 
[INFO] ------------------------------------------------------------------------
[INFO] BUILD SUCCESS
[INFO] ------------------------------------------------------------------------
[INFO] Total time:  01:56 min
[INFO] Finished at: 2026-08-02T20:43:53Z
[INFO] ------------------------------------------------------------------------
