[INFO] Scanning for projects...
[INFO] 
[INFO] -----------------< com.eventhub:eventhub-selenium-bdd >-----------------
[INFO] Building EventHub Selenium Java BDD Framework 1.0.0-SNAPSHOT
[INFO]   from pom.xml
[INFO] --------------------------------[ jar ]---------------------------------
[INFO] 
[INFO] --- resources:3.4.0:resources (default-resources) @ eventhub-selenium-bdd ---
[INFO] skip non existing resourceDirectory /home/runner/work/EventHub-Selenium-BDD/EventHub-Selenium-BDD/src/main/resources
[INFO] 
[INFO] --- compiler:3.13.0:compile (default-compile) @ eventhub-selenium-bdd ---
[INFO] Recompiling the module because of changed source code.
[INFO] Compiling 1 source file with javac [debug release 17] to target/classes
[INFO] 
[INFO] --- resources:3.4.0:testResources (default-testResources) @ eventhub-selenium-bdd ---
[INFO] Copying 34 resources from src/test/resources to target/test-classes
[INFO] 
[INFO] --- compiler:3.13.0:testCompile (default-testCompile) @ eventhub-selenium-bdd ---
[INFO] Recompiling the module because of changed dependency.
[INFO] Compiling 50 source files with javac [debug release 17] to target/test-classes
[INFO] 
[INFO] --- surefire:3.3.1:test (default-test) @ eventhub-selenium-bdd ---
[INFO] Using auto detected provider org.apache.maven.surefire.testng.TestNGProvider
[INFO] 
[INFO] -------------------------------------------------------
[INFO]  T E S T S
[INFO] -------------------------------------------------------
[INFO] Running TestSuite
[ERROR] Preflight failed: configured EventHub credentials were rejected with HTTP 400
[INFO] 
[INFO] Results:
[INFO] 
[INFO] Tests run: 0, Failures: 0, Errors: 0, Skipped: 0
[INFO] 
[INFO] ------------------------------------------------------------------------
[INFO] BUILD FAILURE
[INFO] ------------------------------------------------------------------------
[INFO] Total time:  14.855 s
[INFO] Finished at: 2026-09-18T22:46:04Z
[INFO] ------------------------------------------------------------------------
[ERROR] Failed to execute goal org.apache.maven.plugins:maven-surefire-plugin:3.3.1:test (default-test) on project eventhub-selenium-bdd: 
[ERROR] 
[ERROR] Please refer to /home/runner/work/EventHub-Selenium-BDD/EventHub-Selenium-BDD/target/surefire-reports for the individual test results.
[ERROR] Please refer to dump files (if any exist) [date].dump, [date]-jvmRun[N].dump and [date].dumpstream.
[ERROR] There was an error in the forked process
[ERROR] Preflight failed: configured EventHub credentials were rejected with HTTP 400
[ERROR] org.apache.maven.surefire.booter.SurefireBooterForkException: There was an error in the forked process
[ERROR] Preflight failed: configured EventHub credentials were rejected with HTTP 400
[ERROR] 	at org.apache.maven.plugin.surefire.booterclient.ForkStarter.fork(ForkStarter.java:628)
[ERROR] 	at org.apache.maven.plugin.surefire.booterclient.ForkStarter.run(ForkStarter.java:285)
[ERROR] 	at org.apache.maven.plugin.surefire.booterclient.ForkStarter.run(ForkStarter.java:250)
[ERROR] 	at org.apache.maven.plugin.surefire.AbstractSurefireMojo.executeProvider(AbstractSurefireMojo.java:1256)
[ERROR] 	at org.apache.maven.plugin.surefire.AbstractSurefireMojo.executeAfterPreconditionsChecked(AbstractSurefireMojo.java:1105)
[ERROR] 	at org.apache.maven.plugin.surefire.AbstractSurefireMojo.execute(AbstractSurefireMojo.java:939)
[ERROR] 	at org.apache.maven.plugin.DefaultBuildPluginManager.executeMojo(DefaultBuildPluginManager.java:126)
[ERROR] 	at org.apache.maven.lifecycle.internal.MojoExecutor.doExecute2(MojoExecutor.java:328)
[ERROR] 	at org.apache.maven.lifecycle.internal.MojoExecutor.doExecute(MojoExecutor.java:316)
[ERROR] 	at org.apache.maven.lifecycle.internal.MojoExecutor.execute(MojoExecutor.java:212)
[ERROR] 	at org.apache.maven.lifecycle.internal.MojoExecutor.execute(MojoExecutor.java:174)
[ERROR] 	at org.apache.maven.lifecycle.internal.MojoExecutor.access$000(MojoExecutor.java:75)
[ERROR] 	at org.apache.maven.lifecycle.internal.MojoExecutor$1.run(MojoExecutor.java:162)
[ERROR] 	at org.apache.maven.plugin.DefaultMojosExecutionStrategy.execute(DefaultMojosExecutionStrategy.java:39)
[ERROR] 	at org.apache.maven.lifecycle.internal.MojoExecutor.execute(MojoExecutor.java:159)
[ERROR] 	at org.apache.maven.lifecycle.internal.LifecycleModuleBuilder.buildProject(LifecycleModuleBuilder.java:105)
[ERROR] 	at org.apache.maven.lifecycle.internal.LifecycleModuleBuilder.buildProject(LifecycleModuleBuilder.java:73)
[ERROR] 	at org.apache.maven.lifecycle.internal.builder.singlethreaded.SingleThreadedBuilder.build(SingleThreadedBuilder.java:53)
[ERROR] 	at org.apache.maven.lifecycle.internal.LifecycleStarter.execute(LifecycleStarter.java:118)
[ERROR] 	at org.apache.maven.DefaultMaven.doExecute(DefaultMaven.java:261)
[ERROR] 	at org.apache.maven.DefaultMaven.doExecute(DefaultMaven.java:173)
[ERROR] 	at org.apache.maven.DefaultMaven.execute(DefaultMaven.java:101)
[ERROR] 	at org.apache.maven.cli.MavenCli.execute(MavenCli.java:919)
[ERROR] 	at org.apache.maven.cli.MavenCli.doMain(MavenCli.java:285)
[ERROR] 	at org.apache.maven.cli.MavenCli.main(MavenCli.java:207)
[ERROR] 	at java.base/jdk.internal.reflect.NativeMethodAccessorImpl.invoke0(Native Method)
[ERROR] 	at java.base/jdk.internal.reflect.NativeMethodAccessorImpl.invoke(NativeMethodAccessorImpl.java:77)
[ERROR] 	at java.base/jdk.internal.reflect.DelegatingMethodAccessorImpl.invoke(DelegatingMethodAccessorImpl.java:43)
[ERROR] 	at java.base/java.lang.reflect.Method.invoke(Method.java:569)
[ERROR] 	at org.codehaus.plexus.classworlds.launcher.Launcher.launchEnhanced(Launcher.java:255)
[ERROR] 	at org.codehaus.plexus.classworlds.launcher.Launcher.launch(Launcher.java:201)
[ERROR] 	at org.codehaus.plexus.classworlds.launcher.Launcher.mainWithExitCode(Launcher.java:362)
[ERROR] 	at org.codehaus.plexus.classworlds.launcher.Launcher.main(Launcher.java:314)
[ERROR] 
[ERROR] -> [Help 1]
[ERROR] 
[ERROR] To see the full stack trace of the errors, re-run Maven with the -e switch.
[ERROR] Re-run Maven using the -X switch to enable full debug logging.
[ERROR] 
[ERROR] For more information about the errors and possible solutions, please read the following articles:
[ERROR] [Help 1] http://cwiki.apache.org/confluence/display/MAVEN/MojoExecutionException
