[INFO] Scanning for projects...
[INFO] 
[INFO] -----------------< com.eventhub:eventhub-selenium-bdd >-----------------
[INFO] Building EventHub Selenium Java BDD Framework 1.0.0-SNAPSHOT
[INFO]   from pom.xml
[INFO] --------------------------------[ jar ]---------------------------------
[INFO] 
[INFO] --- resources:3.4.0:resources (default-resources) @ eventhub-selenium-bdd ---
[INFO] skip non existing resourceDirectory /home/runner/work/EventHub-Selenium-BDD/EventHub-Selenium-BDD/src/main/resources
[INFO] 
[INFO] --- compiler:3.13.0:compile (default-compile) @ eventhub-selenium-bdd ---
[INFO] Recompiling the module because of changed source code.
[INFO] Compiling 1 source file with javac [debug release 17] to target/classes
[INFO] 
[INFO] --- resources:3.4.0:testResources (default-testResources) @ eventhub-selenium-bdd ---
[INFO] Copying 34 resources from src/test/resources to target/test-classes
[INFO] 
[INFO] --- compiler:3.13.0:testCompile (default-testCompile) @ eventhub-selenium-bdd ---
[INFO] Recompiling the module because of changed dependency.
[INFO] Compiling 50 source files with javac [debug release 17] to target/test-classes
[INFO] 
[INFO] --- surefire:3.3.1:test (default-test) @ eventhub-selenium-bdd ---
[INFO] Using auto detected provider org.apache.maven.surefire.testng.TestNGProvider
[INFO] 
[INFO] -------------------------------------------------------
[INFO]  T E S T S
[INFO] -------------------------------------------------------
[INFO] Running TestSuite

@admin @ui @owner-platform @risk-admin @intent-admin @impact-admin @p0 @smoke @parallel-safe @critical
Scenario: Admin Events page renders management controls                   # src/test/resources/features/admin/admin_event_management.feature:8
Aug 03, 2026 6:45:21 AM org.openqa.selenium.devtools.CdpVersionFinder findNearestMatch
WARNING: Unable to find CDP implementation matching 150
Aug 03, 2026 6:45:21 AM org.openqa.selenium.chromium.ChromiumDriver lambda$new$5
WARNING: Unable to find version of CDP to use for 150.0.7871.128. You may need to include a dependency on a specific version of the CDP using something similar to `org.seleniumhq.selenium:selenium-devtools-v86:4.23.1` where the version ("v86") matches the version of the chromium-based browser you're using and the version number of the artifact is the same as Selenium's.
  Given I am signed in to EventHub                                        # com.eventhub.automation.steps.AuthSteps.iAmSignedInToEventHub()
  When I open the Admin Events page                                       # com.eventhub.automation.steps.AdminSteps.iOpenTheAdminEventsPage()
  Then the Admin Events page should show the create form and events table # com.eventhub.automation.steps.AdminSteps.theAdminEventsPageShouldShowTheCreateFormAndEventsTable()

@api @contract @owner-platform @risk-contract @intent-api-contract @impact-api @p0 @smoke @parallel-safe @intent-health
Scenario: API health endpoint is available          # src/test/resources/features/api/api_contract.feature:5
  When I request the API health endpoint            # com.eventhub.automation.steps.ApiSteps.iRequestTheApiHealthEndpoint()
  Then the API health response should be successful # com.eventhub.automation.steps.ApiSteps.theApiHealthResponseShouldBeSuccessful()

@api @contract @owner-platform @risk-contract @intent-api-contract @impact-api @p0 @smoke @parallel-safe @intent-auth
Scenario: Registered user can authenticate through API                          # src/test/resources/features/api/api_contract.feature:14
  When I authenticate through the API                                           # com.eventhub.automation.steps.ApiSteps.iAuthenticateThroughTheApi()
  Then the API should return the registered user identity                       # com.eventhub.automation.steps.ApiSteps.theApiShouldReturnTheRegisteredUserIdentity()
  And the API response should match schema "schemas/login-response.schema.json" # com.eventhub.automation.steps.ApiSteps.theApiResponseShouldMatchSchema(java.lang.String)

@api @contract @owner-platform @risk-contract @intent-api-contract @impact-api @p0 @smoke @parallel-safe @intent-discovery
Scenario: Authenticated user can list events through API                         # src/test/resources/features/api/api_contract.feature:26
  When I request events through the API                                          # com.eventhub.automation.steps.ApiSteps.iRequestEventsThroughTheApi()
  Then the API events response should include seeded EventHub events             # com.eventhub.automation.steps.ApiSteps.theApiEventsResponseShouldIncludeSeededEventHubEvents()
  And the API response should match schema "schemas/events-response.schema.json" # com.eventhub.automation.steps.ApiSteps.theApiResponseShouldMatchSchema(java.lang.String)

@api @contract @owner-platform @risk-contract @intent-api-contract @impact-api @p0 @smoke @stateful @intent-booking
Scenario: Authenticated user can create and cancel a booking through API          # src/test/resources/features/api/api_contract.feature:50
  When I create a booking through the API                                         # com.eventhub.automation.steps.ApiSteps.iCreateABookingThroughTheApi()
  Then the API booking response should include a booking reference                # com.eventhub.automation.steps.ApiSteps.theApiBookingResponseShouldIncludeABookingReference()
  And the API response should match schema "schemas/booking-response.schema.json" # com.eventhub.automation.steps.ApiSteps.theApiResponseShouldMatchSchema(java.lang.String)
  When I cancel the API-created booking                                           # com.eventhub.automation.steps.ApiSteps.iCancelTheApiCreatedBooking()
  Then the API booking cancellation should be successful                          # com.eventhub.automation.steps.ApiSteps.theApiBookingCancellationShouldBeSuccessful()

@auth @ui @owner-platform @risk-auth @intent-auth @impact-auth @p0 @smoke @parallel-safe @critical @intent-session
Scenario: Registered user can sign in and sign out # src/test/resources/features/auth/login.feature:5
Aug 03, 2026 6:45:36 AM org.openqa.selenium.devtools.CdpVersionFinder findNearestMatch
WARNING: Unable to find CDP implementation matching 150
Aug 03, 2026 6:45:36 AM org.openqa.selenium.chromium.ChromiumDriver lambda$new$5
WARNING: Unable to find version of CDP to use for 150.0.7871.128. You may need to include a dependency on a specific version of the CDP using something similar to `org.seleniumhq.selenium:selenium-devtools-v86:4.23.1` where the version ("v86") matches the version of the chromium-based browser you're using and the version number of the artifact is the same as Selenium's.
  Given I am on the EventHub login page            # com.eventhub.automation.steps.AuthSteps.iAmOnTheEventHubLoginPage()
  When I sign in with valid registered credentials # com.eventhub.automation.steps.AuthSteps.iSignInWithValidRegisteredCredentials()
  Then I should see the authenticated navigation   # com.eventhub.automation.steps.AuthSteps.iShouldSeeTheAuthenticatedNavigation()
  When I sign out                                  # com.eventhub.automation.steps.AuthSteps.iSignOut()
  Then I should be returned to the login page      # com.eventhub.automation.steps.AuthSteps.iShouldBeReturnedToTheLoginPage()

@bookings @ui @owner-platform @risk-revenue @intent-booking @impact-bookings @p0 @smoke @stateful @critical
Scenario: User can book a ticket and view it under My Bookings # src/test/resources/features/bookings/booking_lifecycle.feature:8
Aug 03, 2026 6:45:41 AM org.openqa.selenium.devtools.CdpVersionFinder findNearestMatch
WARNING: Unable to find CDP implementation matching 150
Aug 03, 2026 6:45:41 AM org.openqa.selenium.chromium.ChromiumDriver lambda$new$5
WARNING: Unable to find version of CDP to use for 150.0.7871.128. You may need to include a dependency on a specific version of the CDP using something similar to `org.seleniumhq.selenium:selenium-devtools-v86:4.23.1` where the version ("v86") matches the version of the chromium-based browser you're using and the version number of the artifact is the same as Selenium's.
  Given I am signed in to EventHub                             # com.eventhub.automation.steps.AuthSteps.iAmSignedInToEventHub()
  When I book 1 ticket for a bookable event                    # com.eventhub.automation.steps.BookingSteps.iBookTicketsForABookableEvent(int)
  Then I should see the booking confirmation                   # com.eventhub.automation.steps.BookingSteps.iShouldSeeTheBookingConfirmation()
  When I open My Bookings from the confirmation                # com.eventhub.automation.steps.BookingSteps.iOpenMyBookingsFromTheConfirmation()
  Then I should see booking for the selected event             # com.eventhub.automation.steps.BookingSteps.iShouldSeeBookingForTheSelectedEvent()

@events @ui @owner-platform @risk-discovery @intent-discovery @impact-events @p0 @smoke @parallel-safe @critical
Scenario: User can view upcoming events    # src/test/resources/features/events/event_discovery.feature:8
Aug 03, 2026 6:45:52 AM org.openqa.selenium.devtools.CdpVersionFinder findNearestMatch
WARNING: Unable to find CDP implementation matching 150
Aug 03, 2026 6:45:52 AM org.openqa.selenium.chromium.ChromiumDriver lambda$new$5
WARNING: Unable to find version of CDP to use for 150.0.7871.128. You may need to include a dependency on a specific version of the CDP using something similar to `org.seleniumhq.selenium:selenium-devtools-v86:4.23.1` where the version ("v86") matches the version of the chromium-based browser you're using and the version number of the artifact is the same as Selenium's.
  Given I am signed in to EventHub         # com.eventhub.automation.steps.AuthSteps.iAmSignedInToEventHub()
  When I open the Events page              # com.eventhub.automation.steps.EventSteps.iOpenTheEventsPage()
  Then I should see seeded upcoming events # com.eventhub.automation.steps.EventSteps.iShouldSeeSeededUpcomingEvents()

8 Scenarios (8 passed)
29 Steps (29 passed)
0m47.646s


[INFO] Tests run: 8, Failures: 0, Errors: 0, Skipped: 0, Time elapsed: 56.67 s -- in TestSuite
[INFO] 
[INFO] Results:
[INFO] 
[INFO] Tests run: 8, Failures: 0, Errors: 0, Skipped: 0
[INFO] 
[INFO] ------------------------------------------------------------------------
[INFO] BUILD SUCCESS
[INFO] ------------------------------------------------------------------------
[INFO] Total time:  01:06 min
[INFO] Finished at: 2026-08-03T06:45:58Z
[INFO] ------------------------------------------------------------------------
