[INFO] Scanning for projects...
[INFO] 
[INFO] -----------------< com.eventhub:eventhub-selenium-bdd >-----------------
[INFO] Building EventHub Selenium Java BDD Framework 1.0.0-SNAPSHOT
[INFO]   from pom.xml
[INFO] --------------------------------[ jar ]---------------------------------
[INFO] 
[INFO] --- resources:3.4.0:resources (default-resources) @ eventhub-selenium-bdd ---
[INFO] skip non existing resourceDirectory /home/runner/work/EventHub-Selenium-BDD/EventHub-Selenium-BDD/src/main/resources
[INFO] 
[INFO] --- compiler:3.13.0:compile (default-compile) @ eventhub-selenium-bdd ---
[INFO] Recompiling the module because of changed source code.
[INFO] Compiling 1 source file with javac [debug release 17] to target/classes
[INFO] 
[INFO] --- resources:3.4.0:testResources (default-testResources) @ eventhub-selenium-bdd ---
[INFO] Copying 28 resources from src/test/resources to target/test-classes
[INFO] 
[INFO] --- compiler:3.13.0:testCompile (default-testCompile) @ eventhub-selenium-bdd ---
[INFO] Recompiling the module because of changed dependency.
[INFO] Compiling 49 source files with javac [debug release 17] to target/test-classes
[INFO] 
[INFO] --- surefire:3.3.1:test (default-test) @ eventhub-selenium-bdd ---
[INFO] Using auto detected provider org.apache.maven.surefire.testng.TestNGProvider
[INFO] 
[INFO] -------------------------------------------------------
[INFO]  T E S T S
[INFO] -------------------------------------------------------
[INFO] Running TestSuite

@hybrid @ui @stateful @owner-platform @risk-integration @intent-hybrid @impact-integration @p1 @regression
Scenario: Booking created through API is visible in My Bookings    # src/test/resources/features/hybrid/api_ui_hybrid.feature:8
  Given I am signed in to EventHub                                 # com.eventhub.automation.steps.AuthSteps.iAmSignedInToEventHub()
  When I create a booking through the API for cleanup              # com.eventhub.automation.steps.BookingSteps.iCreateABookingThroughTheApiForCleanup()
  And I directly open protected route "/bookings"                  # com.eventhub.automation.steps.AuthSteps.iDirectlyOpenProtectedRoute(java.lang.String)
  Then I should see booking for the selected event                 # com.eventhub.automation.steps.BookingSteps.iShouldSeeBookingForTheSelectedEvent()
  When I clean Selenium-created bookings through the API           # com.eventhub.automation.steps.BookingSteps.iCleanSeleniumCreatedBookingsThroughTheApi()
  Then no bookings for the current Selenium customer should remain # com.eventhub.automation.steps.BookingSteps.noBookingsForTheCurrentSeleniumCustomerShouldRemain()

@hybrid @ui @stateful @owner-platform @risk-integration @intent-hybrid @impact-integration @p1 @regression @api-cleanup
Scenario: API-created event is searchable and deep-linkable in the UI # src/test/resources/features/hybrid/api_ui_hybrid.feature:16
  Given I am signed in to EventHub                                    # com.eventhub.automation.steps.AuthSteps.iAmSignedInToEventHub()
  When I create a one-seat admin event through the API                # com.eventhub.automation.steps.AdminSteps.iCreateAOneSeatAdminEventThroughTheApi()
  Then the created admin event should appear in event discovery       # com.eventhub.automation.steps.AdminSteps.theCreatedAdminEventShouldAppearInEventDiscovery()
  When I directly open event detail for the created admin event       # com.eventhub.automation.steps.EventSteps.iDirectlyOpenEventDetailForTheCreatedAdminEvent()
  Then I should see metadata for the created admin event              # com.eventhub.automation.steps.EventSteps.iShouldSeeMetadataForTheCreatedAdminEvent()

@hybrid @ui @stateful @owner-platform @risk-integration @intent-hybrid @impact-integration @p1 @regression @api-cleanup
Scenario: API-created event appears in admin management and discovery # src/test/resources/features/hybrid/api_ui_hybrid.feature:23
  Given I am signed in to EventHub                                    # com.eventhub.automation.steps.AuthSteps.iAmSignedInToEventHub()
  When I create a one-seat admin event through the API                # com.eventhub.automation.steps.AdminSteps.iCreateAOneSeatAdminEventThroughTheApi()
  And I open the Admin Events page                                    # com.eventhub.automation.steps.AdminSteps.iOpenTheAdminEventsPage()
  Then the created admin event should appear in the admin table       # com.eventhub.automation.steps.AdminSteps.theCreatedAdminEventShouldAppearInTheAdminTable()
  And the created admin event should appear in event discovery        # com.eventhub.automation.steps.AdminSteps.theCreatedAdminEventShouldAppearInEventDiscovery()

@hybrid @ui @stateful @owner-platform @risk-integration @intent-hybrid @impact-integration @p1 @regression @api-cleanup
Scenario: UI booking for API-created event is visible through the API  # src/test/resources/features/hybrid/api_ui_hybrid.feature:30
  Given I am signed in to EventHub                                     # com.eventhub.automation.steps.AuthSteps.iAmSignedInToEventHub()
  When I create a one-seat admin event through the API                 # com.eventhub.automation.steps.AdminSteps.iCreateAOneSeatAdminEventThroughTheApi()
  And I book 1 ticket for the created admin event                      # com.eventhub.automation.steps.AdminSteps.iBookTicketForTheCreatedAdminEvent(int)
  Then I should see the booking confirmation                           # com.eventhub.automation.steps.BookingSteps.iShouldSeeTheBookingConfirmation()
  When I request bookings through the API                              # com.eventhub.automation.steps.ApiSteps.iRequestBookingsThroughTheApi()
  Then the API bookings response should include the UI-created booking # com.eventhub.automation.steps.ApiSteps.theApiBookingsResponseShouldIncludeTheUiCreatedBooking()

@hybrid @ui @stateful @owner-platform @risk-integration @intent-hybrid @impact-integration @p1 @regression @api-cleanup
Scenario: API cleanup of an API-created booking is reflected in the UI # src/test/resources/features/hybrid/api_ui_hybrid.feature:38
  Given I am signed in to EventHub                                     # com.eventhub.automation.steps.AuthSteps.iAmSignedInToEventHub()
  When I create a booking through the API for cleanup                  # com.eventhub.automation.steps.BookingSteps.iCreateABookingThroughTheApiForCleanup()
  And I directly open protected route "/bookings"                      # com.eventhub.automation.steps.AuthSteps.iDirectlyOpenProtectedRoute(java.lang.String)
  Then I should see booking for the selected event                     # com.eventhub.automation.steps.BookingSteps.iShouldSeeBookingForTheSelectedEvent()
  When I clean Selenium-created bookings through the API               # com.eventhub.automation.steps.BookingSteps.iCleanSeleniumCreatedBookingsThroughTheApi()
  And I directly open protected route "/bookings"                      # com.eventhub.automation.steps.AuthSteps.iDirectlyOpenProtectedRoute(java.lang.String)
  Then no bookings for the current Selenium customer should remain     # com.eventhub.automation.steps.BookingSteps.noBookingsForTheCurrentSeleniumCustomerShouldRemain()

@hybrid @ui @stateful @owner-platform @risk-integration @intent-hybrid @impact-integration @p1 @regression
Scenario: API-created booking details can be opened in the UI # src/test/resources/features/hybrid/api_ui_hybrid.feature:47
  Given I am signed in to EventHub                            # com.eventhub.automation.steps.AuthSteps.iAmSignedInToEventHub()
  When I create a booking through the API for cleanup         # com.eventhub.automation.steps.BookingSteps.iCreateABookingThroughTheApiForCleanup()
  And I directly open protected route "/bookings"             # com.eventhub.automation.steps.AuthSteps.iDirectlyOpenProtectedRoute(java.lang.String)
  And I open the booking details                              # com.eventhub.automation.steps.BookingSteps.iOpenTheBookingDetails()
  Then I should see booking for the selected event            # com.eventhub.automation.steps.BookingSteps.iShouldSeeBookingForTheSelectedEvent()
  When I clean Selenium-created bookings through the API      # com.eventhub.automation.steps.BookingSteps.iCleanSeleniumCreatedBookingsThroughTheApi()

@hybrid @ui @stateful @owner-platform @risk-integration @intent-hybrid @impact-integration @p1 @regression @negative @api-cleanup
Scenario: API-created sold-out event is unavailable in event discovery                      # src/test/resources/features/hybrid/api_ui_hybrid.feature:55
  Given I am signed in to EventHub                                                          # com.eventhub.automation.steps.AuthSteps.iAmSignedInToEventHub()
  When I create a sold-out one-seat admin event through the API                             # com.eventhub.automation.steps.AdminSteps.iCreateASoldOutOneSeatAdminEventThroughTheApi()
  Then the created admin event should show no remaining seats or be unavailable for booking # com.eventhub.automation.steps.AdminSteps.theCreatedAdminEventShouldShowNoRemainingSeatsOrBeUnavailableForBooking()

7 Scenarios (7 passed)
38 Steps (38 passed)
1m54.783s


[INFO] Tests run: 7, Failures: 0, Errors: 0, Skipped: 0, Time elapsed: 122.3 s -- in TestSuite
[INFO] 
[INFO] Results:
[INFO] 
[INFO] Tests run: 7, Failures: 0, Errors: 0, Skipped: 0
[INFO] 
[INFO] ------------------------------------------------------------------------
[INFO] BUILD SUCCESS
[INFO] ------------------------------------------------------------------------
[INFO] Total time:  02:08 min
[INFO] Finished at: 2026-08-02T21:00:32Z
[INFO] ------------------------------------------------------------------------
