[INFO] Scanning for projects...
[INFO] 
[INFO] -----------------< com.eventhub:eventhub-selenium-bdd >-----------------
[INFO] Building EventHub Selenium Java BDD Framework 1.0.0-SNAPSHOT
[INFO]   from pom.xml
[INFO] --------------------------------[ jar ]---------------------------------
[INFO] 
[INFO] --- resources:3.4.0:resources (default-resources) @ eventhub-selenium-bdd ---
[INFO] skip non existing resourceDirectory /home/runner/work/EventHub-Selenium-BDD/EventHub-Selenium-BDD/src/main/resources
[INFO] 
[INFO] --- compiler:3.13.0:compile (default-compile) @ eventhub-selenium-bdd ---
[INFO] Recompiling the module because of changed source code.
[INFO] Compiling 1 source file with javac [debug release 17] to target/classes
[INFO] 
[INFO] --- resources:3.4.0:testResources (default-testResources) @ eventhub-selenium-bdd ---
[INFO] Copying 34 resources from src/test/resources to target/test-classes
[INFO] 
[INFO] --- compiler:3.13.0:testCompile (default-testCompile) @ eventhub-selenium-bdd ---
[INFO] Recompiling the module because of changed dependency.
[INFO] Compiling 50 source files with javac [debug release 17] to target/test-classes
[INFO] 
[INFO] --- surefire:3.3.1:test (default-test) @ eventhub-selenium-bdd ---
[INFO] Using auto detected provider org.apache.maven.surefire.testng.TestNGProvider
[INFO] 
[INFO] -------------------------------------------------------
[INFO]  T E S T S
[INFO] -------------------------------------------------------
[INFO] Running TestSuite

@admin @ui @owner-platform @risk-admin @intent-admin @impact-admin @p1 @regression @parallel-safe @intent-validation
Scenario: Admin event form validates required fields        # src/test/resources/features/admin/admin_event_management.feature:13

@api @contract @owner-platform @risk-contract @intent-api-contract @impact-api @p1 @regression @parallel-safe @intent-auth
Scenario: Authenticated user can retrieve current user profile through API             # src/test/resources/features/api/api_contract.feature:20

@admin @ui @owner-platform @risk-admin @intent-admin @impact-admin @p1 @regression @parallel-safe @negative @intent-validation
Scenario: Admin event form rejects invalid numeric values  # src/test/resources/features/admin/admin_event_management.feature:19

@api @contract @owner-platform @risk-contract @intent-api-contract @impact-api @p1 @regression @parallel-safe @intent-documentation
Scenario: Internal API contract manifest documents automated endpoints   # src/test/resources/features/api/api_contract.feature:10
  Then the internal API contract should document the automated endpoints # com.eventhub.automation.steps.ApiSteps.theInternalApiContractShouldDocumentTheAutomatedEndpoints()

@api @contract @owner-platform @risk-contract @intent-api-contract @impact-api @p1 @regression @parallel-safe @intent-discovery
Scenario: Event list maps to POJO responses with required business fields          # src/test/resources/features/api/api_contract.feature:32
  When I request the current user profile through the API                              # com.eventhub.automation.steps.ApiSteps.iRequestTheCurrentUserProfileThroughTheApi()
  Then the API current user response should include the registered identity            # com.eventhub.automation.steps.ApiSteps.theApiCurrentUserResponseShouldIncludeTheRegisteredIdentity()
  When I request events through the API                                            # com.eventhub.automation.steps.ApiSteps.iRequestEventsThroughTheApi()
  And the API response should match schema "schemas/current-user-response.schema.json" # com.eventhub.automation.steps.ApiSteps.theApiResponseShouldMatchSchema(java.lang.String)

@api @contract @owner-platform @risk-contract @intent-api-contract @impact-api @p1 @regression @parallel-safe @intent-discovery
Scenario: Authenticated user can retrieve an event detail through API                  # src/test/resources/features/api/api_contract.feature:38
  Then the API events response should map to event list POJOs with business fields # com.eventhub.automation.steps.ApiSteps.theApiEventsResponseShouldMapToEventListPojosWithBusinessFields()
  And the API response should match schema "schemas/events-response.schema.json"   # com.eventhub.automation.steps.ApiSteps.theApiResponseShouldMatchSchema(java.lang.String)

@api @contract @owner-platform @risk-contract @intent-api-contract @impact-api @p1 @regression @parallel-safe @intent-discovery
Scenario: Event detail maps to a POJO with required business fields                      # src/test/resources/features/api/api_contract.feature:44
  When I request event "World Tech Summit" through the API                               # com.eventhub.automation.steps.ApiSteps.iRequestEventThroughTheApi(java.lang.String)
  When I request event "World Tech Summit" through the API                             # com.eventhub.automation.steps.ApiSteps.iRequestEventThroughTheApi(java.lang.String)
  Then the API event detail response should describe "World Tech Summit"               # com.eventhub.automation.steps.ApiSteps.theApiEventDetailResponseShouldDescribe(java.lang.String)
  And the API response should match schema "schemas/event-detail-response.schema.json" # com.eventhub.automation.steps.ApiSteps.theApiResponseShouldMatchSchema(java.lang.String)

@api @contract @owner-platform @risk-contract @intent-api-contract @impact-api @p1 @regression @negative @parallel-safe @intent-security
Scenario Outline: Protected API rejects invalid or anonymous requests # src/test/resources/features/api/api_contract.feature:73
  Then the API event detail response should map to an event POJO for "World Tech Summit" # com.eventhub.automation.steps.ApiSteps.theApiEventDetailResponseShouldMapToAnEventPojoFor(java.lang.String)
  And the API response should match schema "schemas/event-detail-response.schema.json"   # com.eventhub.automation.steps.ApiSteps.theApiResponseShouldMatchSchema(java.lang.String)

@api @contract @owner-platform @risk-contract @intent-api-contract @impact-api @p1 @regression @negative @parallel-safe @intent-security
Scenario Outline: Protected API rejects invalid or anonymous requests            # src/test/resources/features/api/api_contract.feature:74
  When I authenticate through the API with invalid credentials        # com.eventhub.automation.steps.ApiSteps.iAuthenticateThroughTheApiWithInvalidCredentials()
  Then the API should reject the request with status 400              # com.eventhub.automation.steps.ApiSteps.theApiShouldRejectTheRequestWithStatus(int)
  When I request the current user profile through the API without authentication # com.eventhub.automation.steps.ApiSteps.iRequestTheCurrentUserProfileThroughTheApiWithoutAuthentication()
  Then the API should reject the request with status 401                         # com.eventhub.automation.steps.ApiSteps.theApiShouldRejectTheRequestWithStatus(int)

@api @contract @owner-platform @risk-contract @intent-api-contract @impact-api @p1 @regression @negative @parallel-safe @intent-security
Scenario Outline: Protected API rejects invalid or anonymous requests # src/test/resources/features/api/api_contract.feature:75

@api @contract @owner-platform @risk-contract @intent-api-contract @impact-api @p1 @regression @negative @parallel-safe @intent-security
Scenario Outline: Protected API rejects invalid or anonymous requests # src/test/resources/features/api/api_contract.feature:76
  When I request bookings through the API without authentication      # com.eventhub.automation.steps.ApiSteps.iRequestBookingsThroughTheApiWithoutAuthentication()
  Then the API should reject the request with status 401              # com.eventhub.automation.steps.ApiSteps.theApiShouldRejectTheRequestWithStatus(int)

@api @contract @owner-platform @risk-contract @intent-api-contract @impact-api @p1 @regression @negative @parallel-safe @intent-security
Scenario Outline: Protected API rejects invalid or anonymous requests # src/test/resources/features/api/api_contract.feature:77
  When I create a booking through the API without authentication      # com.eventhub.automation.steps.ApiSteps.iCreateABookingThroughTheApiWithoutAuthentication()
  Then the API should reject the request with status 401              # com.eventhub.automation.steps.ApiSteps.theApiShouldRejectTheRequestWithStatus(int)

@api @contract @owner-platform @risk-contract @intent-api-contract @impact-api @p1 @regression @negative @parallel-safe @intent-security
Scenario Outline: Protected API rejects invalid or anonymous requests # src/test/resources/features/api/api_contract.feature:78
  When I request unknown event detail through the API                 # com.eventhub.automation.steps.ApiSteps.iRequestUnknownEventDetailThroughTheApi()
  Then the API should reject the request with status 500              # com.eventhub.automation.steps.ApiSteps.theApiShouldRejectTheRequestWithStatus(int)

@api @contract @owner-platform @risk-contract @intent-api-contract @impact-api @p1 @regression @negative @parallel-safe @intent-security
Scenario Outline: Protected API rejects invalid or anonymous requests # src/test/resources/features/api/api_contract.feature:79
  When I cancel an unknown booking through the API                    # com.eventhub.automation.steps.ApiSteps.iCancelAnUnknownBookingThroughTheApi()
  Then the API should reject the request with status 500              # com.eventhub.automation.steps.ApiSteps.theApiShouldRejectTheRequestWithStatus(int)

@api @contract @owner-platform @risk-contract @intent-api-contract @impact-api @p1 @regression @negative @parallel-safe @intent-contract
Scenario Outline: API error responses follow the error contract # src/test/resources/features/api/api_contract.feature:88
  When I create a booking through the API with invalid payload        # com.eventhub.automation.steps.ApiSteps.iCreateABookingThroughTheApiWithInvalidPayload()
  Then the API should reject the request with status 400              # com.eventhub.automation.steps.ApiSteps.theApiShouldRejectTheRequestWithStatus(int)
  When I authenticate through the API with invalid credentials  # com.eventhub.automation.steps.ApiSteps.iAuthenticateThroughTheApiWithInvalidCredentials()

@api @contract @owner-platform @risk-contract @intent-api-contract @impact-api @p1 @regression @negative @parallel-safe @intent-contract
Scenario Outline: API error responses follow the error contract  # src/test/resources/features/api/api_contract.feature:89
  Then the API should reject the request with an error response # com.eventhub.automation.steps.ApiSteps.theApiShouldRejectTheRequestWithAnErrorResponse()

@api @contract @owner-platform @risk-contract @intent-api-contract @impact-api @p1 @regression @negative @parallel-safe @intent-contract
Scenario Outline: API error responses follow the error contract # src/test/resources/features/api/api_contract.feature:90
Aug 15, 2026 8:50:48 PM org.openqa.selenium.devtools.CdpVersionFinder findNearestMatch
WARNING: Unable to find an exact match for CDP version 151, returning the closest version; found: 149; Please update to a Selenium version that supports CDP version 151
Aug 15, 2026 8:50:48 PM org.openqa.selenium.devtools.CdpVersionFinder findNearestMatch
WARNING: Unable to find an exact match for CDP version 151, returning the closest version; found: 149; Please update to a Selenium version that supports CDP version 151
  When I request bookings through the API without authentication # com.eventhub.automation.steps.ApiSteps.iRequestBookingsThroughTheApiWithoutAuthentication()
  Then the API should reject the request with an error response  # com.eventhub.automation.steps.ApiSteps.theApiShouldRejectTheRequestWithAnErrorResponse()

@api @contract @owner-platform @risk-contract @intent-api-contract @impact-api @p1 @regression @negative @parallel-safe @intent-contract
Scenario Outline: API error responses follow the error contract # src/test/resources/features/api/api_contract.feature:91
  When I create a booking through the API with invalid payload  # com.eventhub.automation.steps.ApiSteps.iCreateABookingThroughTheApiWithInvalidPayload()
  Then the API should reject the request with an error response # com.eventhub.automation.steps.ApiSteps.theApiShouldRejectTheRequestWithAnErrorResponse()

@api @contract @owner-platform @risk-contract @intent-api-contract @impact-api @p1 @regression @negative @parallel-safe @intent-contract
Scenario Outline: Malformed booking payloads are rejected by the API contract       # src/test/resources/features/api/api_contract.feature:100
  When I create an event through the API with invalid payload   # com.eventhub.automation.steps.ApiSteps.iCreateAnEventThroughTheApiWithInvalidPayload()
  Then the API should reject the request with an error response # com.eventhub.automation.steps.ApiSteps.theApiShouldRejectTheRequestWithAnErrorResponse()

@api @contract @owner-platform @risk-contract @intent-api-contract @impact-api @p1 @regression @negative @parallel-safe @intent-contract
Scenario Outline: Malformed booking payloads are rejected by the API contract            # src/test/resources/features/api/api_contract.feature:101
  When I create a booking through the API with malformed payload "missing event id" # com.eventhub.automation.steps.ApiSteps.iCreateABookingThroughTheApiWithMalformedPayload(java.lang.String)
  Then the API should reject the request with an error response                     # com.eventhub.automation.steps.ApiSteps.theApiShouldRejectTheRequestWithAnErrorResponse()

@api @contract @owner-platform @risk-contract @intent-api-contract @impact-api @p1 @regression @negative @parallel-safe @intent-contract
Scenario Outline: Malformed booking payloads are rejected by the API contract        # src/test/resources/features/api/api_contract.feature:102
  Given I am signed in to EventHub                          # com.eventhub.automation.steps.AuthSteps.iAmSignedInToEventHub()
  Given I am signed in to EventHub                         # com.eventhub.automation.steps.AuthSteps.iAmSignedInToEventHub()
  When I create a booking through the API with malformed payload "invalid quantity type" # com.eventhub.automation.steps.ApiSteps.iCreateABookingThroughTheApiWithMalformedPayload(java.lang.String)
  Then the API should reject the request with an error response                          # com.eventhub.automation.steps.ApiSteps.theApiShouldRejectTheRequestWithAnErrorResponse()

@api @contract @owner-platform @risk-contract @intent-api-contract @impact-api @p1 @regression @negative @parallel-safe @intent-contract
Scenario Outline: Malformed event payloads are rejected by the API contract     # src/test/resources/features/api/api_contract.feature:111
  When I open the Admin Events page                         # com.eventhub.automation.steps.AdminSteps.iOpenTheAdminEventsPage()
  When I open the Admin Events page                        # com.eventhub.automation.steps.AdminSteps.iOpenTheAdminEventsPage()
  When I create an event through the API with malformed payload "missing title" # com.eventhub.automation.steps.ApiSteps.iCreateAnEventThroughTheApiWithMalformedPayload(java.lang.String)
  When I create a booking through the API with malformed payload "negative quantity" # com.eventhub.automation.steps.ApiSteps.iCreateABookingThroughTheApiWithMalformedPayload(java.lang.String)
  Then the API should reject the request with an error response                 # com.eventhub.automation.steps.ApiSteps.theApiShouldRejectTheRequestWithAnErrorResponse()
  Then the API should reject the request with an error response                      # com.eventhub.automation.steps.ApiSteps.theApiShouldRejectTheRequestWithAnErrorResponse()

@api @contract @owner-platform @risk-contract @intent-api-contract @impact-api @p1 @regression @negative @parallel-safe @intent-contract
Scenario Outline: Malformed event payloads are rejected by the API contract          # src/test/resources/features/api/api_contract.feature:112

@api @contract @owner-platform @risk-contract @intent-api-contract @impact-api @p1 @regression @negative @parallel-safe @intent-contract
Scenario Outline: Malformed event payloads are rejected by the API contract      # src/test/resources/features/api/api_contract.feature:113
  And I submit the admin event form without required fields # com.eventhub.automation.steps.AdminSteps.iSubmitTheAdminEventFormWithoutRequiredFields()
  Then the admin form should show required field validation # com.eventhub.automation.steps.AdminSteps.theAdminFormShouldShowRequiredFieldValidation()

@auth @ui @owner-platform @risk-auth @intent-auth @impact-auth @p1 @regression @parallel-safe @critical @intent-session
Scenario: Authenticated session survives page refresh # src/test/resources/features/auth/login.feature:13
Aug 15, 2026 8:50:56 PM org.openqa.selenium.devtools.CdpVersionFinder findNearestMatch
WARNING: Unable to find an exact match for CDP version 151, returning the closest version; found: 149; Please update to a Selenium version that supports CDP version 151
  And I submit an admin event with invalid price and seats # com.eventhub.automation.steps.AdminSteps.iSubmitAnAdminEventWithInvalidPriceAndSeats()
  When I create an event through the API with malformed payload "invalid price type" # com.eventhub.automation.steps.ApiSteps.iCreateAnEventThroughTheApiWithMalformedPayload(java.lang.String)
  Then the admin numeric fields should show validation     # com.eventhub.automation.steps.AdminSteps.theAdminNumericFieldsShouldShowValidation()
  Then the API should reject the request with an error response                      # com.eventhub.automation.steps.ApiSteps.theApiShouldRejectTheRequestWithAnErrorResponse()

@auth @ui @owner-platform @risk-auth @intent-auth @impact-auth @p1 @regression @parallel-safe @intent-validation
Scenario: Login form validates required credentials         # src/test/resources/features/auth/login.feature:19

@auth @ui @owner-platform @risk-auth @intent-auth @impact-auth @p1 @regression @parallel-safe @negative @intent-validation
Scenario Outline: Invalid credentials are rejected # src/test/resources/features/auth/login.feature:32
  When I create an event through the API with malformed payload "negative seats" # com.eventhub.automation.steps.ApiSteps.iCreateAnEventThroughTheApiWithMalformedPayload(java.lang.String)
  Then the API should reject the request with an error response                  # com.eventhub.automation.steps.ApiSteps.theApiShouldRejectTheRequestWithAnErrorResponse()

@auth @ui @owner-platform @risk-auth @intent-auth @impact-auth @p1 @regression @parallel-safe @negative @intent-validation
Scenario Outline: Invalid credentials are rejected # src/test/resources/features/auth/login.feature:33
Aug 15, 2026 8:50:57 PM org.openqa.selenium.devtools.CdpVersionFinder findNearestMatch
WARNING: Unable to find an exact match for CDP version 151, returning the closest version; found: 149; Please update to a Selenium version that supports CDP version 151
Aug 15, 2026 8:50:58 PM org.openqa.selenium.devtools.CdpVersionFinder findNearestMatch
WARNING: Unable to find an exact match for CDP version 151, returning the closest version; found: 149; Please update to a Selenium version that supports CDP version 151
Aug 15, 2026 8:50:58 PM org.openqa.selenium.devtools.CdpVersionFinder findNearestMatch
WARNING: Unable to find an exact match for CDP version 151, returning the closest version; found: 149; Please update to a Selenium version that supports CDP version 151
  Given I am on the EventHub login page                     # com.eventhub.automation.steps.AuthSteps.iAmOnTheEventHubLoginPage()
  When I submit the login form without credentials          # com.eventhub.automation.steps.AuthSteps.iSubmitTheLoginFormWithoutCredentials()
  Then the login form should show required field validation # com.eventhub.automation.steps.AuthSteps.theLoginFormShouldShowRequiredFieldValidation()
  Given I am on the EventHub login page            # com.eventhub.automation.steps.AuthSteps.iAmOnTheEventHubLoginPage()

@auth @ui @owner-platform @risk-auth @intent-auth @impact-auth @p2 @regression @parallel-safe @intent-navigation
Scenario: Register link opens account registration # src/test/resources/features/auth/login.feature:36
  Given I am on the EventHub login page            # com.eventhub.automation.steps.AuthSteps.iAmOnTheEventHubLoginPage()
Aug 15, 2026 8:51:01 PM org.openqa.selenium.devtools.CdpVersionFinder findNearestMatch
WARNING: Unable to find an exact match for CDP version 151, returning the closest version; found: 149; Please update to a Selenium version that supports CDP version 151
  Given I am signed in to EventHub                    # com.eventhub.automation.steps.AuthSteps.iAmSignedInToEventHub()
  When I sign in with password "Test@12345"        # com.eventhub.automation.steps.AuthSteps.iSignInWithPassword(java.lang.String)
  When I sign in with password "WrongPassword@123" # com.eventhub.automation.steps.AuthSteps.iSignInWithPassword(java.lang.String)
  Then I should see a login error                  # com.eventhub.automation.steps.AuthSteps.iShouldSeeALoginError()
  Then I should see a login error                  # com.eventhub.automation.steps.AuthSteps.iShouldSeeALoginError()

@auth @ui @owner-platform @risk-auth @intent-auth @impact-auth @p0 @regression @parallel-safe @critical @intent-security
Scenario: Anonymous user is redirected from protected route # src/test/resources/features/auth/login.feature:42

@auth @ui @owner-platform @risk-auth @intent-auth @impact-auth @p0 @regression @parallel-safe @critical @intent-security
Scenario: Anonymous user is redirected from the admin route # src/test/resources/features/auth/login.feature:48
  When I refresh the current page                     # com.eventhub.automation.steps.AuthSteps.iRefreshTheCurrentPage()
Aug 15, 2026 8:51:03 PM org.openqa.selenium.devtools.CdpVersionFinder findNearestMatch
WARNING: Unable to find an exact match for CDP version 151, returning the closest version; found: 149; Please update to a Selenium version that supports CDP version 151
Aug 15, 2026 8:51:03 PM org.openqa.selenium.devtools.CdpVersionFinder findNearestMatch
WARNING: Unable to find an exact match for CDP version 151, returning the closest version; found: 149; Please update to a Selenium version that supports CDP version 151
  Then I should see the authenticated navigation      # com.eventhub.automation.steps.AuthSteps.iShouldSeeTheAuthenticatedNavigation()

@auth @ui @owner-platform @risk-auth @intent-auth @impact-auth @p1 @regression @parallel-safe @intent-session
Scenario: Authenticated user can directly open a protected route # src/test/resources/features/auth/login.feature:54
  Given I am on the EventHub login page            # com.eventhub.automation.steps.AuthSteps.iAmOnTheEventHubLoginPage()
  When I open the registration page from login     # com.eventhub.automation.steps.AuthSteps.iOpenTheRegistrationPageFromLogin()
  Then I should be on the registration page        # com.eventhub.automation.steps.AuthSteps.iShouldBeOnTheRegistrationPage()
Aug 15, 2026 8:51:04 PM org.openqa.selenium.devtools.CdpVersionFinder findNearestMatch
WARNING: Unable to find an exact match for CDP version 151, returning the closest version; found: 149; Please update to a Selenium version that supports CDP version 151

@auth @ui @owner-platform @risk-auth @intent-auth @impact-auth @p1 @regression @parallel-safe @intent-session
Scenario Outline: Authenticated session survives refresh on protected pages # src/test/resources/features/auth/login.feature:68
Aug 15, 2026 8:51:05 PM org.openqa.selenium.devtools.CdpVersionFinder findNearestMatch
WARNING: Unable to find an exact match for CDP version 151, returning the closest version; found: 149; Please update to a Selenium version that supports CDP version 151
  Given I am an anonymous visitor                           # com.eventhub.automation.steps.AuthSteps.iAmAnAnonymousVisitor()
  Given I am an anonymous visitor                           # com.eventhub.automation.steps.AuthSteps.iAmAnAnonymousVisitor()
  When I directly open protected route "/admin/events"      # com.eventhub.automation.steps.AuthSteps.iDirectlyOpenProtectedRoute(java.lang.String)
  When I directly open protected route "/bookings"          # com.eventhub.automation.steps.AuthSteps.iDirectlyOpenProtectedRoute(java.lang.String)
  Then I should be returned to the login page               # com.eventhub.automation.steps.AuthSteps.iShouldBeReturnedToTheLoginPage()
  Then I should be returned to the login page               # com.eventhub.automation.steps.AuthSteps.iShouldBeReturnedToTheLoginPage()

@auth @ui @owner-platform @risk-auth @intent-auth @impact-auth @p1 @regression @parallel-safe @intent-session
Scenario Outline: Authenticated session survives refresh on protected pages # src/test/resources/features/auth/login.feature:69

@auth @ui @owner-platform @risk-auth @intent-auth @impact-auth @p1 @regression @parallel-safe @intent-session
Scenario Outline: Authenticated session survives refresh on protected pages # src/test/resources/features/auth/login.feature:70
Aug 15, 2026 8:51:07 PM org.openqa.selenium.devtools.CdpVersionFinder findNearestMatch
WARNING: Unable to find an exact match for CDP version 151, returning the closest version; found: 149; Please update to a Selenium version that supports CDP version 151
Aug 15, 2026 8:51:07 PM org.openqa.selenium.devtools.CdpVersionFinder findNearestMatch
WARNING: Unable to find an exact match for CDP version 151, returning the closest version; found: 149; Please update to a Selenium version that supports CDP version 151
  Given I am signed in to EventHub                               # com.eventhub.automation.steps.AuthSteps.iAmSignedInToEventHub()
  Given I am signed in to EventHub                                          # com.eventhub.automation.steps.AuthSteps.iAmSignedInToEventHub()
  When I directly open protected route "/bookings"               # com.eventhub.automation.steps.AuthSteps.iDirectlyOpenProtectedRoute(java.lang.String)
  Then the My Bookings page should be loaded                     # com.eventhub.automation.steps.NavigationSteps.theMyBookingsPageShouldBeLoaded()

@auth @ui @owner-platform @risk-auth @intent-auth @impact-auth @p1 @regression @parallel-safe @negative @intent-security @impact-events
Scenario: Anonymous user is redirected from an event detail deep link # src/test/resources/features/auth/login.feature:73
  When I directly open protected route "/events"                            # com.eventhub.automation.steps.AuthSteps.iDirectlyOpenProtectedRoute(java.lang.String)
  Given I am signed in to EventHub                                          # com.eventhub.automation.steps.AuthSteps.iAmSignedInToEventHub()
Aug 15, 2026 8:51:11 PM org.openqa.selenium.devtools.CdpVersionFinder findNearestMatch
WARNING: Unable to find an exact match for CDP version 151, returning the closest version; found: 149; Please update to a Selenium version that supports CDP version 151
  Given I am signed in to EventHub                                          # com.eventhub.automation.steps.AuthSteps.iAmSignedInToEventHub()
  And I refresh the current page                                            # com.eventhub.automation.steps.AuthSteps.iRefreshTheCurrentPage()
  Then protected page "events" should remain loaded                         # com.eventhub.automation.steps.AuthSteps.protectedPageShouldRemainLoaded(java.lang.String)

@bookings @ui @owner-platform @risk-revenue @intent-booking @impact-bookings @p1 @regression @parallel-safe
Scenario: Event detail page shows booking form and event content # src/test/resources/features/bookings/booking_lifecycle.feature:51
  When I directly open protected route "/bookings"                          # com.eventhub.automation.steps.AuthSteps.iDirectlyOpenProtectedRoute(java.lang.String)
Aug 15, 2026 8:51:13 PM org.openqa.selenium.devtools.CdpVersionFinder findNearestMatch
WARNING: Unable to find an exact match for CDP version 151, returning the closest version; found: 149; Please update to a Selenium version that supports CDP version 151
  Given I am an anonymous visitor                                     # com.eventhub.automation.steps.AuthSteps.iAmAnAnonymousVisitor()
  When I directly open protected route "/admin/events"                      # com.eventhub.automation.steps.AuthSteps.iDirectlyOpenProtectedRoute(java.lang.String)
  And I refresh the current page                                            # com.eventhub.automation.steps.AuthSteps.iRefreshTheCurrentPage()
  Then protected page "bookings" should remain loaded                       # com.eventhub.automation.steps.AuthSteps.protectedPageShouldRemainLoaded(java.lang.String)

@bookings @ui @owner-platform @risk-revenue @intent-booking @impact-bookings @p1 @regression @parallel-safe
Scenario: Ticket quantity controls update the booking total          # src/test/resources/features/bookings/booking_lifecycle.feature:56
  And I refresh the current page                                            # com.eventhub.automation.steps.AuthSteps.iRefreshTheCurrentPage()
Aug 15, 2026 8:51:14 PM org.openqa.selenium.devtools.CdpVersionFinder findNearestMatch
WARNING: Unable to find an exact match for CDP version 151, returning the closest version; found: 149; Please update to a Selenium version that supports CDP version 151
  Then protected page "admin events" should remain loaded                   # com.eventhub.automation.steps.AuthSteps.protectedPageShouldRemainLoaded(java.lang.String)

@bookings @ui @owner-platform @risk-revenue @intent-booking @impact-bookings @p1 @regression @parallel-safe @negative @intent-capacity
Scenario: Ticket quantity cannot be decreased below one              # src/test/resources/features/bookings/booking_lifecycle.feature:66
Aug 15, 2026 8:51:15 PM org.openqa.selenium.devtools.CdpVersionFinder findNearestMatch
WARNING: Unable to find an exact match for CDP version 151, returning the closest version; found: 149; Please update to a Selenium version that supports CDP version 151
  When I directly open event detail for event "World Tech Summit"     # com.eventhub.automation.steps.EventSteps.iDirectlyOpenEventDetailForEvent(java.lang.String)
  Then I should be returned to the login page                         # com.eventhub.automation.steps.AuthSteps.iShouldBeReturnedToTheLoginPage()

@bookings @ui @owner-platform @risk-revenue @intent-booking @impact-bookings @p1 @regression @parallel-safe @negative @intent-validation
Scenario Outline: Booking form validates invalid customer data                   # src/test/resources/features/bookings/booking_lifecycle.feature:88
Aug 15, 2026 8:51:16 PM org.openqa.selenium.devtools.CdpVersionFinder findNearestMatch
WARNING: Unable to find an exact match for CDP version 151, returning the closest version; found: 149; Please update to a Selenium version that supports CDP version 151
  Given I am signed in to EventHub                                   # com.eventhub.automation.steps.AuthSteps.iAmSignedInToEventHub()
  Given I am signed in to EventHub                                   # com.eventhub.automation.steps.AuthSteps.iAmSignedInToEventHub()
  Given I am signed in to EventHub                                               # com.eventhub.automation.steps.AuthSteps.iAmSignedInToEventHub()
  When I open details for a bookable event                                       # com.eventhub.automation.steps.BookingSteps.iOpenDetailsForABookableEvent()
  When I open details for an event with at least 4 available tickets # com.eventhub.automation.steps.BookingSteps.iOpenDetailsForAnEventWithAtLeastAvailableTickets(int)
  Then the ticket quantity should be 1                               # com.eventhub.automation.steps.BookingSteps.theTicketQuantityShouldBe(int)
  And the ticket decrement control should be disabled                # com.eventhub.automation.steps.BookingSteps.theTicketDecrementControlShouldBeDisabled()
  When I increase tickets by 1                                       # com.eventhub.automation.steps.BookingSteps.iIncreaseTicketsBy(int)
  Then the ticket quantity should be 2                               # com.eventhub.automation.steps.BookingSteps.theTicketQuantityShouldBe(int)
  When I decrease tickets by 1                                       # com.eventhub.automation.steps.BookingSteps.iDecreaseTicketsBy(int)
  Then the ticket quantity should be 1                               # com.eventhub.automation.steps.BookingSteps.theTicketQuantityShouldBe(int)

@bookings @ui @owner-platform @risk-revenue @intent-booking @impact-bookings @p1 @regression @parallel-safe @negative @intent-validation
Scenario Outline: Booking form validates invalid customer data                   # src/test/resources/features/bookings/booking_lifecycle.feature:89
  When I open details for an event with at least 4 available tickets # com.eventhub.automation.steps.BookingSteps.iOpenDetailsForAnEventWithAtLeastAvailableTickets(int)
  And I attempt to decrease tickets by 3                             # com.eventhub.automation.steps.BookingSteps.iAttemptToDecreaseTicketsBy(int)
  Then the ticket quantity should be 1                               # com.eventhub.automation.steps.BookingSteps.theTicketQuantityShouldBe(int)
  And the ticket decrement control should be disabled                # com.eventhub.automation.steps.BookingSteps.theTicketDecrementControlShouldBeDisabled()
Aug 15, 2026 8:51:23 PM org.openqa.selenium.devtools.CdpVersionFinder findNearestMatch
WARNING: Unable to find an exact match for CDP version 151, returning the closest version; found: 149; Please update to a Selenium version that supports CDP version 151

@bookings @ui @owner-platform @risk-revenue @intent-booking @impact-bookings @p1 @regression @parallel-safe @intent-validation
Scenario: Booking form validates required customer details    # src/test/resources/features/bookings/booking_lifecycle.feature:92
Aug 15, 2026 8:51:24 PM org.openqa.selenium.devtools.CdpVersionFinder findNearestMatch
WARNING: Unable to find an exact match for CDP version 151, returning the closest version; found: 149; Please update to a Selenium version that supports CDP version 151
  And I enter booking customer email "invalid-email" and phone "+91 98765 43210" # com.eventhub.automation.steps.BookingSteps.iEnterBookingCustomerEmailAndPhone(java.lang.String,java.lang.String)
  Then the booking email field should be invalid                                 # com.eventhub.automation.steps.BookingSteps.theBookingEmailFieldShouldBeInvalid()

@bookings @ui @owner-platform @risk-revenue @intent-booking @impact-bookings @p2 @regression @parallel-safe @intent-validation
Scenario: Booking form accepts generated valid customer data before submit # src/test/resources/features/bookings/booking_lifecycle.feature:98
Aug 15, 2026 8:51:25 PM org.openqa.selenium.devtools.CdpVersionFinder findNearestMatch
WARNING: Unable to find an exact match for CDP version 151, returning the closest version; found: 149; Please update to a Selenium version that supports CDP version 151
  Given I am signed in to EventHub                                               # com.eventhub.automation.steps.AuthSteps.iAmSignedInToEventHub()
  Given I am signed in to EventHub                            # com.eventhub.automation.steps.AuthSteps.iAmSignedInToEventHub()
  When I open details for a bookable event                                       # com.eventhub.automation.steps.BookingSteps.iOpenDetailsForABookableEvent()
  Given I am signed in to EventHub                                         # com.eventhub.automation.steps.AuthSteps.iAmSignedInToEventHub()
  When I open details for a bookable event                    # com.eventhub.automation.steps.BookingSteps.iOpenDetailsForABookableEvent()
  Given I am signed in to EventHub                               # com.eventhub.automation.steps.AuthSteps.iAmSignedInToEventHub()
      org.openqa.selenium.TimeoutException: Expected condition failed: waiting for com.eventhub.automation.utils.Waits$$Lambda$1659/0x00007f96b89df3a8@24c76136
(tried for 15 seconds with 500 milliseconds interval)
Build info: version: '4.45.0', revision: 'cd6a3cd cd6a3cdfca6970f62e5bc8344109d0fe0e2af05e'
System info: os.name: 'Linux', os.arch: 'amd64', os.version: '6.17.0-1022-azure', java.version: '17.0.20'
Driver info: org.openqa.selenium.chrome.ChromeDriver
Capabilities {acceptInsecureCerts: false, browserName: chrome, browserVersion: 151.0.7922.108, chrome: {chromedriverVersion: 151.0.7922.138 (41fa8244239..., userDataDir: /tmp/org.chromium.Chromium....}, fedcm:accounts: true, goog:chromeOptions: {debuggerAddress: localhost:35965}, goog:processID: 4317, networkConnectionEnabled: false, pageLoadStrategy: normal, platformName: linux, proxy: Proxy(), se:cdp: ws://localhost:35965/devtoo..., se:cdpVersion: 151.0.7922.108, setWindowRect: true, strictFileInteractability: false, timeouts: {implicit: 0, pageLoad: 300000, script: 30000}, unhandledPromptBehavior: dismiss and notify, webauthn:extension:credBlob: true, webauthn:extension:largeBlob: true, webauthn:extension:minPinLength: true, webauthn:extension:prf: true, webauthn:virtualAuthenticators: true}
Session ID: e3a9b56e85d5a416b442f1028e038ee4
	at org.openqa.selenium.support.ui.WebDriverWait.timeoutException(WebDriverWait.java:85)
	at org.openqa.selenium.support.ui.FluentWait.until(FluentWait.java:234)
	at com.eventhub.automation.utils.Waits.loadingComplete(Waits.java:49)
	at com.eventhub.automation.utils.Waits.appReady(Waits.java:45)
	at com.eventhub.automation.pages.BasePage.open(BasePage.java:20)
	at com.eventhub.automation.pages.LoginPage.openLoginPage(LoginPage.java:18)
	at com.eventhub.automation.steps.AuthSteps.iAmSignedInToEventHub(AuthSteps.java:30)
	at ✽.I am signed in to EventHub(file:///home/runner/work/EventHub-Selenium-BDD/EventHub-Selenium-BDD/src/test/resources/features/bookings/booking_lifecycle.feature:5)

  When I open details for a bookable event                       # com.eventhub.automation.steps.BookingSteps.iOpenDetailsForABookableEvent()
  Then I should see the event detail booking panel               # com.eventhub.automation.steps.BookingSteps.iShouldSeeTheEventDetailBookingPanel()

    Embedding failure screenshot [image/png 7930 bytes]


@events @ui @owner-platform @risk-discovery @intent-discovery @impact-events @p1 @regression @parallel-safe
Scenario Outline: User can search for events by keyword # src/test/resources/features/events/event_discovery.feature:20
Aug 15, 2026 8:51:31 PM org.openqa.selenium.devtools.CdpVersionFinder findNearestMatch
WARNING: Unable to find an exact match for CDP version 151, returning the closest version; found: 149; Please update to a Selenium version that supports CDP version 151
  And I submit the booking form without customer details      # com.eventhub.automation.steps.BookingSteps.iSubmitTheBookingFormWithoutCustomerDetails()
  Then the booking form should show required field validation # com.eventhub.automation.steps.BookingSteps.theBookingFormShouldShowRequiredFieldValidation()

@events @ui @owner-platform @risk-discovery @intent-discovery @impact-events @p1 @regression @parallel-safe
Scenario Outline: User can search for events by keyword # src/test/resources/features/events/event_discovery.feature:21
  And I enter booking customer email "gauravarora1091@gmail.com" and phone "123" # com.eventhub.automation.steps.BookingSteps.iEnterBookingCustomerEmailAndPhone(java.lang.String,java.lang.String)
  Then the booking phone field should be invalid                                 # com.eventhub.automation.steps.BookingSteps.theBookingPhoneFieldShouldBeInvalid()

@events @ui @owner-platform @risk-discovery @intent-discovery @impact-events @p1 @regression @parallel-safe
Scenario Outline: User can search for events by keyword # src/test/resources/features/events/event_discovery.feature:22
Aug 15, 2026 8:51:32 PM org.openqa.selenium.devtools.CdpVersionFinder findNearestMatch
WARNING: Unable to find an exact match for CDP version 151, returning the closest version; found: 149; Please update to a Selenium version that supports CDP version 151
Aug 15, 2026 8:51:32 PM org.openqa.selenium.devtools.CdpVersionFinder findNearestMatch
WARNING: Unable to find an exact match for CDP version 151, returning the closest version; found: 149; Please update to a Selenium version that supports CDP version 151
  When I enter valid booking customer details for a bookable event         # com.eventhub.automation.steps.BookingSteps.iEnterValidBookingCustomerDetailsForABookableEvent()
  Then the booking form should contain the generated customer details      # com.eventhub.automation.steps.BookingSteps.theBookingFormShouldContainTheGeneratedCustomerDetails()

@events @ui @owner-platform @risk-discovery @intent-discovery @impact-events @p1 @regression @parallel-safe
Scenario: User can search for an event by title and exclude unrelated cards # src/test/resources/features/events/event_discovery.feature:25
Aug 15, 2026 8:51:34 PM org.openqa.selenium.devtools.CdpVersionFinder findNearestMatch
WARNING: Unable to find an exact match for CDP version 151, returning the closest version; found: 149; Please update to a Selenium version that supports CDP version 151
  Given I am signed in to EventHub                      # com.eventhub.automation.steps.AuthSteps.iAmSignedInToEventHub()
  Given I am signed in to EventHub                      # com.eventhub.automation.steps.AuthSteps.iAmSignedInToEventHub()
  When I open the Events page                           # com.eventhub.automation.steps.EventSteps.iOpenTheEventsPage()
  Given I am signed in to EventHub                      # com.eventhub.automation.steps.AuthSteps.iAmSignedInToEventHub()
  And I search events for "Dilli Diwali Mela"           # com.eventhub.automation.steps.EventSteps.iSearchEventsFor(java.lang.String)
  Then I should see event "Dilli Diwali Mela"           # com.eventhub.automation.steps.EventSteps.iShouldSeeEvent(java.lang.String)

@events @ui @owner-platform @risk-discovery @intent-discovery @impact-events @p1 @regression @parallel-safe
Scenario: User can filter events by city and category # src/test/resources/features/events/event_discovery.feature:32
Aug 15, 2026 8:51:37 PM org.openqa.selenium.devtools.CdpVersionFinder findNearestMatch
WARNING: Unable to find an exact match for CDP version 151, returning the closest version; found: 149; Please update to a Selenium version that supports CDP version 151
  When I open the Events page                           # com.eventhub.automation.steps.EventSteps.iOpenTheEventsPage()
  And I search events for "Pragati Maidan"              # com.eventhub.automation.steps.EventSteps.iSearchEventsFor(java.lang.String)
  Then I should see event "Dilli Diwali Mela"           # com.eventhub.automation.steps.EventSteps.iShouldSeeEvent(java.lang.String)

@events @ui @owner-platform @risk-discovery @intent-discovery @impact-events @p1 @regression @parallel-safe
Scenario: User can clear filters and restore the event list # src/test/resources/features/events/event_discovery.feature:39
  Given I am signed in to EventHub                                          # com.eventhub.automation.steps.AuthSteps.iAmSignedInToEventHub()
  When I open the Events page                           # com.eventhub.automation.steps.EventSteps.iOpenTheEventsPage()
Aug 15, 2026 8:51:39 PM org.openqa.selenium.devtools.CdpVersionFinder findNearestMatch
WARNING: Unable to find an exact match for CDP version 151, returning the closest version; found: 149; Please update to a Selenium version that supports CDP version 151
  And I search events for "World Tech Summit"           # com.eventhub.automation.steps.EventSteps.iSearchEventsFor(java.lang.String)
  Then I should see event "World Tech Summit"           # com.eventhub.automation.steps.EventSteps.iShouldSeeEvent(java.lang.String)

@events @ui @owner-platform @risk-discovery @intent-discovery @impact-events @p1 @regression @parallel-safe
Scenario: Event filters reset after refresh   # src/test/resources/features/events/event_discovery.feature:47
Aug 15, 2026 8:51:40 PM org.openqa.selenium.devtools.CdpVersionFinder findNearestMatch
WARNING: Unable to find an exact match for CDP version 151, returning the closest version; found: 149; Please update to a Selenium version that supports CDP version 151
  When I open the Events page                                               # com.eventhub.automation.steps.EventSteps.iOpenTheEventsPage()
  And I search events for "Dilli Diwali Mela"                               # com.eventhub.automation.steps.EventSteps.iSearchEventsFor(java.lang.String)
  Then I should see event "Dilli Diwali Mela"                               # com.eventhub.automation.steps.EventSteps.iShouldSeeEvent(java.lang.String)
  And I should not see event "World Tech Summit"                            # com.eventhub.automation.steps.EventSteps.iShouldNotSeeEvent(java.lang.String)

@events @ui @owner-platform @risk-discovery @intent-discovery @impact-events @p1 @regression @parallel-safe
Scenario: Event filters reset after navigating away and back # src/test/resources/features/events/event_discovery.feature:55
Aug 15, 2026 8:51:41 PM org.openqa.selenium.devtools.CdpVersionFinder findNearestMatch
WARNING: Unable to find an exact match for CDP version 151, returning the closest version; found: 149; Please update to a Selenium version that supports CDP version 151
  Given I am signed in to EventHub                    # com.eventhub.automation.steps.AuthSteps.iAmSignedInToEventHub()
  Given I am signed in to EventHub                          # com.eventhub.automation.steps.AuthSteps.iAmSignedInToEventHub()
  When I open the Events page                         # com.eventhub.automation.steps.EventSteps.iOpenTheEventsPage()
  And I filter events by category "Festival"          # com.eventhub.automation.steps.EventSteps.iFilterEventsByCategory(java.lang.String)
  Given I am signed in to EventHub            # com.eventhub.automation.steps.AuthSteps.iAmSignedInToEventHub()
  And I filter events by city "Delhi"                 # com.eventhub.automation.steps.EventSteps.iFilterEventsByCity(java.lang.String)
  When I open the Events page                               # com.eventhub.automation.steps.EventSteps.iOpenTheEventsPage()
  And I filter events by category "Festival"                # com.eventhub.automation.steps.EventSteps.iFilterEventsByCategory(java.lang.String)
  And I filter events by city "Delhi"                       # com.eventhub.automation.steps.EventSteps.iFilterEventsByCity(java.lang.String)
  And I clear event filters                                 # com.eventhub.automation.steps.EventSteps.iClearEventFilters()
  Then I should see seeded upcoming events                  # com.eventhub.automation.steps.EventSteps.iShouldSeeSeededUpcomingEvents()

@events @ui @owner-platform @risk-discovery @intent-discovery @impact-events @p1 @regression @parallel-safe @negative
Scenario: User sees an empty state for unmatched search         # src/test/resources/features/events/event_discovery.feature:64
  Then I should see event "Dilli Diwali Mela"         # com.eventhub.automation.steps.EventSteps.iShouldSeeEvent(java.lang.String)

@events @ui @owner-platform @risk-discovery @intent-discovery @impact-events @p1 @regression @parallel-safe @negative @intent-validation
Scenario: Special-character event search does not show unrelated results # src/test/resources/features/events/event_discovery.feature:70
  When I open the Events page                 # com.eventhub.automation.steps.EventSteps.iOpenTheEventsPage()
Aug 15, 2026 8:51:45 PM org.openqa.selenium.devtools.CdpVersionFinder findNearestMatch
WARNING: Unable to find an exact match for CDP version 151, returning the closest version; found: 149; Please update to a Selenium version that supports CDP version 151
  And I search events for "Dilli Diwali Mela" # com.eventhub.automation.steps.EventSteps.iSearchEventsFor(java.lang.String)
Aug 15, 2026 8:51:46 PM org.openqa.selenium.devtools.CdpVersionFinder findNearestMatch
WARNING: Unable to find an exact match for CDP version 151, returning the closest version; found: 149; Please update to a Selenium version that supports CDP version 151
  Given I am signed in to EventHub                           # com.eventhub.automation.steps.AuthSteps.iAmSignedInToEventHub()
  And I refresh the current page              # com.eventhub.automation.steps.AuthSteps.iRefreshTheCurrentPage()
  Then event filters should be reset          # com.eventhub.automation.steps.EventSteps.eventFiltersShouldBeReset()
  And I should see seeded upcoming events     # com.eventhub.automation.steps.EventSteps.iShouldSeeSeededUpcomingEvents()

@events @ui @owner-platform @risk-discovery @intent-discovery @impact-events @p1 @regression @parallel-safe @negative @intent-filtering
Scenario: Incompatible event filters show an empty result state # src/test/resources/features/events/event_discovery.feature:76
Aug 15, 2026 8:51:47 PM org.openqa.selenium.devtools.CdpVersionFinder findNearestMatch
WARNING: Unable to find an exact match for CDP version 151, returning the closest version; found: 149; Please update to a Selenium version that supports CDP version 151
  When I open the Events page                                # com.eventhub.automation.steps.EventSteps.iOpenTheEventsPage()
  And I search events for "Dilli Diwali Mela"                # com.eventhub.automation.steps.EventSteps.iSearchEventsFor(java.lang.String)
  And I filter events by city "Delhi"                        # com.eventhub.automation.steps.EventSteps.iFilterEventsByCity(java.lang.String)
  And I navigate away from event discovery and return        # com.eventhub.automation.steps.EventSteps.iNavigateAwayFromEventDiscoveryAndReturn()
  Then event filters should be reset                         # com.eventhub.automation.steps.EventSteps.eventFiltersShouldBeReset()
  And I should see seeded upcoming events                    # com.eventhub.automation.steps.EventSteps.iShouldSeeSeededUpcomingEvents()

@events @ui @owner-platform @risk-discovery @intent-discovery @impact-events @p1 @regression @parallel-safe
Scenario: Event cards expose business-critical details                                                                            # src/test/resources/features/events/event_discovery.feature:83
Aug 15, 2026 8:51:50 PM org.openqa.selenium.devtools.CdpVersionFinder findNearestMatch
WARNING: Unable to find an exact match for CDP version 151, returning the closest version; found: 149; Please update to a Selenium version that supports CDP version 151
  Given I am signed in to EventHub                                       # com.eventhub.automation.steps.AuthSteps.iAmSignedInToEventHub()
  Given I am signed in to EventHub                              # com.eventhub.automation.steps.AuthSteps.iAmSignedInToEventHub()
  Given I am signed in to EventHub                              # com.eventhub.automation.steps.AuthSteps.iAmSignedInToEventHub()
  When I open the Events page                                            # com.eventhub.automation.steps.EventSteps.iOpenTheEventsPage()
  When I open the Events page                                   # com.eventhub.automation.steps.EventSteps.iOpenTheEventsPage()
  And I search events for "###@@@NoEvent"                                # com.eventhub.automation.steps.EventSteps.iSearchEventsFor(java.lang.String)
  Then I should see no events for query "###@@@NoEvent"                  # com.eventhub.automation.steps.EventSteps.iShouldSeeNoEventsForQuery(java.lang.String)
  And I search events for "No Selenium Event Should Match This" # com.eventhub.automation.steps.EventSteps.iSearchEventsFor(java.lang.String)

@events @ui @owner-platform @risk-discovery @intent-discovery @impact-events @p1 @regression @parallel-safe
Scenario Outline: User can open event details                      # src/test/resources/features/events/event_discovery.feature:94
  Then I should see the no events found message                 # com.eventhub.automation.steps.EventSteps.iShouldSeeTheNoEventsFoundMessage()

@events @ui @owner-platform @risk-discovery @intent-discovery @impact-events @p1 @regression @parallel-safe @critical
Scenario: Event detail deep link loads correct metadata           # src/test/resources/features/events/event_discovery.feature:97
Aug 15, 2026 8:51:53 PM org.openqa.selenium.devtools.CdpVersionFinder findNearestMatch
WARNING: Unable to find an exact match for CDP version 151, returning the closest version; found: 149; Please update to a Selenium version that supports CDP version 151
  When I open the Events page                                   # com.eventhub.automation.steps.EventSteps.iOpenTheEventsPage()
Aug 15, 2026 8:51:53 PM org.openqa.selenium.devtools.CdpVersionFinder findNearestMatch
WARNING: Unable to find an exact match for CDP version 151, returning the closest version; found: 149; Please update to a Selenium version that supports CDP version 151
  And I filter events by category "Festival"                    # com.eventhub.automation.steps.EventSteps.iFilterEventsByCategory(java.lang.String)
  And I filter events by city "Hyderabad"                       # com.eventhub.automation.steps.EventSteps.iFilterEventsByCity(java.lang.String)
  Given I am signed in to EventHub                                                                                                # com.eventhub.automation.steps.AuthSteps.iAmSignedInToEventHub()
  Then I should see no matching events                          # com.eventhub.automation.steps.EventSteps.iShouldSeeNoMatchingEvents()

@events @ui @owner-platform @risk-discovery @intent-discovery @impact-events @p1 @regression @parallel-safe @critical @intent-navigation @impact-ux
Scenario: Event detail remains stable after browser refresh       # src/test/resources/features/events/event_discovery.feature:102
  When I open the Events page                                                                                                     # com.eventhub.automation.steps.EventSteps.iOpenTheEventsPage()
Aug 15, 2026 8:51:56 PM org.openqa.selenium.devtools.CdpVersionFinder findNearestMatch
WARNING: Unable to find an exact match for CDP version 151, returning the closest version; found: 149; Please update to a Selenium version that supports CDP version 151
  Then event "Dilli Diwali Mela" card should show category "Festival", city "Delhi", price "$300", seats, and availability status # com.eventhub.automation.steps.EventSteps.eventCardShouldShowBusinessDetails(java.lang.String,java.lang.String,java.lang.String,java.lang.String)

@events @ui @owner-platform @risk-discovery @intent-discovery @impact-events @p1 @regression @parallel-safe @critical
Scenario: User can open a bookable event detail page from Book Now # src/test/resources/features/events/event_discovery.feature:108
Aug 15, 2026 8:51:57 PM org.openqa.selenium.devtools.CdpVersionFinder findNearestMatch
WARNING: Unable to find an exact match for CDP version 151, returning the closest version; found: 149; Please update to a Selenium version that supports CDP version 151
  Given I am signed in to EventHub                                 # com.eventhub.automation.steps.AuthSteps.iAmSignedInToEventHub()
  Given I am signed in to EventHub                                # com.eventhub.automation.steps.AuthSteps.iAmSignedInToEventHub()
  When I open details from the title for event "World Tech Summit" # com.eventhub.automation.steps.EventSteps.iOpenDetailsFromTheTitleForEvent(java.lang.String)
  Given I am signed in to EventHub                                # com.eventhub.automation.steps.AuthSteps.iAmSignedInToEventHub()
  Given I am signed in to EventHub                                 # com.eventhub.automation.steps.AuthSteps.iAmSignedInToEventHub()
  Then I should see metadata for event "World Tech Summit"         # com.eventhub.automation.steps.EventSteps.iShouldSeeMetadataForEvent(java.lang.String)

@events @ui @owner-platform @risk-discovery @intent-discovery @impact-events @p1 @regression @parallel-safe @critical @intent-navigation @impact-ux
Scenario: Browser back from event detail leaves the event journey usable # src/test/resources/features/events/event_discovery.feature:113
Aug 15, 2026 8:52:01 PM org.openqa.selenium.devtools.CdpVersionFinder findNearestMatch
WARNING: Unable to find an exact match for CDP version 151, returning the closest version; found: 149; Please update to a Selenium version that supports CDP version 151
  When I directly open event detail for event "World Tech Summit" # com.eventhub.automation.steps.EventSteps.iDirectlyOpenEventDetailForEvent(java.lang.String)
  When I open details from Book Now for a bookable event           # com.eventhub.automation.steps.EventSteps.iOpenDetailsFromBookNowForABookableEvent()
  When I directly open event detail for event "World Tech Summit" # com.eventhub.automation.steps.EventSteps.iDirectlyOpenEventDetailForEvent(java.lang.String)
  Then I should see metadata for event "World Tech Summit"        # com.eventhub.automation.steps.EventSteps.iShouldSeeMetadataForEvent(java.lang.String)

@navigation @ui @owner-platform @risk-navigation @intent-navigation @impact-navigation @p1 @regression @parallel-safe
Scenario: Authenticated user can move across primary navigation # src/test/resources/features/navigation/navigation.feature:8
Aug 15, 2026 8:52:03 PM org.openqa.selenium.devtools.CdpVersionFinder findNearestMatch
WARNING: Unable to find an exact match for CDP version 151, returning the closest version; found: 149; Please update to a Selenium version that supports CDP version 151
  Then I should see the event detail booking panel                 # com.eventhub.automation.steps.BookingSteps.iShouldSeeTheEventDetailBookingPanel()

@accessibility @ui @owner-platform @risk-ux @intent-accessibility @impact-ux @p1 @regression @parallel-safe
Scenario Outline: Key pages expose basic accessibility semantics     # src/test/resources/features/ux/accessibility_smoke.feature:16
  And I refresh the current page                                  # com.eventhub.automation.steps.AuthSteps.iRefreshTheCurrentPage()
  Then I should see metadata for event "World Tech Summit"        # com.eventhub.automation.steps.EventSteps.iShouldSeeMetadataForEvent(java.lang.String)

@accessibility @ui @owner-platform @risk-ux @intent-accessibility @impact-ux @p1 @regression @parallel-safe
Scenario Outline: Key pages expose basic accessibility semantics     # src/test/resources/features/ux/accessibility_smoke.feature:17
Aug 15, 2026 8:52:04 PM org.openqa.selenium.devtools.CdpVersionFinder findNearestMatch
WARNING: Unable to find an exact match for CDP version 151, returning the closest version; found: 149; Please update to a Selenium version that supports CDP version 151
Aug 15, 2026 8:52:05 PM org.openqa.selenium.devtools.CdpVersionFinder findNearestMatch
WARNING: Unable to find an exact match for CDP version 151, returning the closest version; found: 149; Please update to a Selenium version that supports CDP version 151
  Given I am signed in to EventHub                                       # com.eventhub.automation.steps.AuthSteps.iAmSignedInToEventHub()
  Given I am signed in to EventHub                              # com.eventhub.automation.steps.AuthSteps.iAmSignedInToEventHub()
  When I open Home from the navigation                          # com.eventhub.automation.steps.NavigationSteps.iOpenHomeFromTheNavigation()
  Then the Home page should be loaded                           # com.eventhub.automation.steps.NavigationSteps.theHomePageShouldBeLoaded()
  When I open Events from the navigation                        # com.eventhub.automation.steps.NavigationSteps.iOpenEventsFromTheNavigation()
  When I open details from Book Now for a bookable event                 # com.eventhub.automation.steps.EventSteps.iOpenDetailsFromBookNowForABookableEvent()
  And I go back in the browser                                           # com.eventhub.automation.steps.AuthSteps.iGoBackInTheBrowser()
  Then the event journey should remain usable                            # com.eventhub.automation.steps.EventSteps.theEventJourneyShouldRemainUsable()

@accessibility @ui @owner-platform @risk-ux @intent-accessibility @impact-ux @p1 @regression @parallel-safe
Scenario Outline: Key pages expose basic accessibility semantics     # src/test/resources/features/ux/accessibility_smoke.feature:18
  Then the Events page should be loaded                         # com.eventhub.automation.steps.NavigationSteps.theEventsPageShouldBeLoaded()
Aug 15, 2026 8:52:08 PM org.openqa.selenium.devtools.CdpVersionFinder findNearestMatch
WARNING: Unable to find an exact match for CDP version 151, returning the closest version; found: 149; Please update to a Selenium version that supports CDP version 151
  Given I am signed in to EventHub                                   # com.eventhub.automation.steps.AuthSteps.iAmSignedInToEventHub()
  When I open UX smoke page "home"                                   # com.eventhub.automation.steps.UxSmokeSteps.iOpenUxSmokePage(java.lang.String)
  When I open My Bookings from the navigation                   # com.eventhub.automation.steps.NavigationSteps.iOpenMyBookingsFromTheNavigation()
  Given I am signed in to EventHub                                   # com.eventhub.automation.steps.AuthSteps.iAmSignedInToEventHub()
  Then the My Bookings page should be loaded                    # com.eventhub.automation.steps.NavigationSteps.theMyBookingsPageShouldBeLoaded()

@accessibility @ui @owner-platform @risk-ux @intent-accessibility @impact-ux @p1 @regression @parallel-safe
Scenario Outline: Key pages expose basic accessibility semantics     # src/test/resources/features/ux/accessibility_smoke.feature:19
Aug 15, 2026 8:52:10 PM org.openqa.selenium.devtools.CdpVersionFinder findNearestMatch
WARNING: Unable to find an exact match for CDP version 151, returning the closest version; found: 149; Please update to a Selenium version that supports CDP version 151
  When I open UX smoke page "events"                                 # com.eventhub.automation.steps.UxSmokeSteps.iOpenUxSmokePage(java.lang.String)
  Then the page should expose basic accessibility semantics          # com.eventhub.automation.steps.UxSmokeSteps.thePageShouldExposeBasicAccessibilitySemantics()
  Given I am signed in to EventHub                                   # com.eventhub.automation.steps.AuthSteps.iAmSignedInToEventHub()
  Then the page should expose basic accessibility semantics          # com.eventhub.automation.steps.UxSmokeSteps.thePageShouldExposeBasicAccessibilitySemantics()
  And the page should generate an Axe accessibility advisory report  # com.eventhub.automation.steps.UxSmokeSteps.thePageShouldGenerateAnAxeAccessibilityAdvisoryReport()
  When I open UX smoke page "bookings"                               # com.eventhub.automation.steps.UxSmokeSteps.iOpenUxSmokePage(java.lang.String)
  Given I am signed in to EventHub                                   # com.eventhub.automation.steps.AuthSteps.iAmSignedInToEventHub()
  And the page should generate an Axe accessibility advisory report  # com.eventhub.automation.steps.UxSmokeSteps.thePageShouldGenerateAnAxeAccessibilityAdvisoryReport()
  And the page should satisfy the configured accessibility threshold # com.eventhub.automation.steps.UxSmokeSteps.thePageShouldSatisfyTheConfiguredAccessibilityThreshold()

@responsive @ui @owner-platform @risk-ux @intent-responsive @impact-ux @p1 @regression @parallel-safe
Scenario Outline: Key authenticated pages fit common viewport sizes # src/test/resources/features/ux/responsive_smoke.feature:15
Aug 15, 2026 8:52:15 PM org.openqa.selenium.devtools.CdpVersionFinder findNearestMatch
WARNING: Unable to find an exact match for CDP version 151, returning the closest version; found: 149; Please update to a Selenium version that supports CDP version 151
  And the page should satisfy the configured accessibility threshold # com.eventhub.automation.steps.UxSmokeSteps.thePageShouldSatisfyTheConfiguredAccessibilityThreshold()
  When I open UX smoke page "admin events"                           # com.eventhub.automation.steps.UxSmokeSteps.iOpenUxSmokePage(java.lang.String)
  Then the page should expose basic accessibility semantics          # com.eventhub.automation.steps.UxSmokeSteps.thePageShouldExposeBasicAccessibilitySemantics()

@responsive @ui @owner-platform @risk-ux @intent-responsive @impact-ux @p1 @regression @parallel-safe
Scenario Outline: Key authenticated pages fit common viewport sizes # src/test/resources/features/ux/responsive_smoke.feature:16
Aug 15, 2026 8:52:16 PM org.openqa.selenium.devtools.CdpVersionFinder findNearestMatch
WARNING: Unable to find an exact match for CDP version 151, returning the closest version; found: 149; Please update to a Selenium version that supports CDP version 151
  Then the page should expose basic accessibility semantics          # com.eventhub.automation.steps.UxSmokeSteps.thePageShouldExposeBasicAccessibilitySemantics()
  And the page should generate an Axe accessibility advisory report  # com.eventhub.automation.steps.UxSmokeSteps.thePageShouldGenerateAnAxeAccessibilityAdvisoryReport()
  And the page should generate an Axe accessibility advisory report  # com.eventhub.automation.steps.UxSmokeSteps.thePageShouldGenerateAnAxeAccessibilityAdvisoryReport()
  And the page should satisfy the configured accessibility threshold # com.eventhub.automation.steps.UxSmokeSteps.thePageShouldSatisfyTheConfiguredAccessibilityThreshold()

@responsive @ui @owner-platform @risk-ux @intent-responsive @impact-ux @p1 @regression @parallel-safe
Scenario Outline: Key authenticated pages fit common viewport sizes # src/test/resources/features/ux/responsive_smoke.feature:17
  And the page should satisfy the configured accessibility threshold # com.eventhub.automation.steps.UxSmokeSteps.thePageShouldSatisfyTheConfiguredAccessibilityThreshold()

@responsive @ui @owner-platform @risk-ux @intent-responsive @impact-ux @p1 @regression @parallel-safe
Scenario Outline: Key authenticated pages fit common viewport sizes # src/test/resources/features/ux/responsive_smoke.feature:18
Aug 15, 2026 8:52:19 PM org.openqa.selenium.devtools.CdpVersionFinder findNearestMatch
WARNING: Unable to find an exact match for CDP version 151, returning the closest version; found: 149; Please update to a Selenium version that supports CDP version 151
  Given I am signed in to EventHub                                  # com.eventhub.automation.steps.AuthSteps.iAmSignedInToEventHub()
  When I use viewport 390 by 844                                    # com.eventhub.automation.steps.UxSmokeSteps.iUseViewportBy(int,int)
  And I open UX smoke page "home"                                   # com.eventhub.automation.steps.UxSmokeSteps.iOpenUxSmokePage(java.lang.String)
  Then the page should fit the viewport without horizontal overflow # com.eventhub.automation.steps.UxSmokeSteps.thePageShouldFitTheViewportWithoutHorizontalOverflow()

@responsive @ui @owner-platform @risk-ux @intent-responsive @impact-ux @p1 @regression @parallel-safe
Scenario Outline: Key authenticated pages fit common viewport sizes # src/test/resources/features/ux/responsive_smoke.feature:19
Aug 15, 2026 8:52:20 PM org.openqa.selenium.devtools.CdpVersionFinder findNearestMatch
WARNING: Unable to find an exact match for CDP version 151, returning the closest version; found: 149; Please update to a Selenium version that supports CDP version 151
Aug 15, 2026 8:52:21 PM org.openqa.selenium.devtools.CdpVersionFinder findNearestMatch
WARNING: Unable to find an exact match for CDP version 151, returning the closest version; found: 149; Please update to a Selenium version that supports CDP version 151
  Given I am signed in to EventHub                                  # com.eventhub.automation.steps.AuthSteps.iAmSignedInToEventHub()
  When I use viewport 390 by 844                                    # com.eventhub.automation.steps.UxSmokeSteps.iUseViewportBy(int,int)
  And I open UX smoke page "events"                                 # com.eventhub.automation.steps.UxSmokeSteps.iOpenUxSmokePage(java.lang.String)
  Then the page should fit the viewport without horizontal overflow # com.eventhub.automation.steps.UxSmokeSteps.thePageShouldFitTheViewportWithoutHorizontalOverflow()

@responsive @ui @owner-platform @risk-ux @intent-responsive @impact-ux @p1 @regression @parallel-safe
Scenario Outline: Key authenticated pages fit common viewport sizes # src/test/resources/features/ux/responsive_smoke.feature:20
Aug 15, 2026 8:52:23 PM org.openqa.selenium.devtools.CdpVersionFinder findNearestMatch
WARNING: Unable to find an exact match for CDP version 151, returning the closest version; found: 149; Please update to a Selenium version that supports CDP version 151
  Given I am signed in to EventHub                                  # com.eventhub.automation.steps.AuthSteps.iAmSignedInToEventHub()
  When I use viewport 390 by 844                                    # com.eventhub.automation.steps.UxSmokeSteps.iUseViewportBy(int,int)
  Given I am signed in to EventHub                                  # com.eventhub.automation.steps.AuthSteps.iAmSignedInToEventHub()
  When I use viewport 390 by 844                                    # com.eventhub.automation.steps.UxSmokeSteps.iUseViewportBy(int,int)
  Given I am signed in to EventHub                                  # com.eventhub.automation.steps.AuthSteps.iAmSignedInToEventHub()
  When I use viewport 1366 by 768                                   # com.eventhub.automation.steps.UxSmokeSteps.iUseViewportBy(int,int)
  And I open UX smoke page "bookings"                               # com.eventhub.automation.steps.UxSmokeSteps.iOpenUxSmokePage(java.lang.String)
  Then the page should fit the viewport without horizontal overflow # com.eventhub.automation.steps.UxSmokeSteps.thePageShouldFitTheViewportWithoutHorizontalOverflow()

@responsive @ui @owner-platform @risk-ux @intent-responsive @impact-ux @p1 @regression @parallel-safe
Scenario Outline: Key authenticated pages fit common viewport sizes # src/test/resources/features/ux/responsive_smoke.feature:21
Aug 15, 2026 8:52:26 PM org.openqa.selenium.devtools.CdpVersionFinder findNearestMatch
WARNING: Unable to find an exact match for CDP version 151, returning the closest version; found: 149; Please update to a Selenium version that supports CDP version 151
  And I open UX smoke page "admin events"                           # com.eventhub.automation.steps.UxSmokeSteps.iOpenUxSmokePage(java.lang.String)
  Then the page should fit the viewport without horizontal overflow # com.eventhub.automation.steps.UxSmokeSteps.thePageShouldFitTheViewportWithoutHorizontalOverflow()

@visual @ui @owner-platform @risk-ux @intent-visual @impact-ux @p2 @regression @parallel-safe
Scenario: Login page visual sanity screenshot is captured # src/test/resources/features/ux/visual_sanity.feature:5
  Given I am signed in to EventHub                                  # com.eventhub.automation.steps.AuthSteps.iAmSignedInToEventHub()
  When I use viewport 1440 by 900                                   # com.eventhub.automation.steps.UxSmokeSteps.iUseViewportBy(int,int)
Aug 15, 2026 8:52:27 PM org.openqa.selenium.devtools.CdpVersionFinder findNearestMatch
WARNING: Unable to find an exact match for CDP version 151, returning the closest version; found: 149; Please update to a Selenium version that supports CDP version 151
  And I open UX smoke page "event detail"                           # com.eventhub.automation.steps.UxSmokeSteps.iOpenUxSmokePage(java.lang.String)
  Then the page should fit the viewport without horizontal overflow # com.eventhub.automation.steps.UxSmokeSteps.thePageShouldFitTheViewportWithoutHorizontalOverflow()

@visual @ui @owner-platform @risk-ux @intent-visual @impact-ux @p2 @regression @parallel-safe
Scenario Outline: Authenticated key pages have visual sanity screenshots # src/test/resources/features/ux/visual_sanity.feature:17
Aug 15, 2026 8:52:28 PM org.openqa.selenium.devtools.CdpVersionFinder findNearestMatch
WARNING: Unable to find an exact match for CDP version 151, returning the closest version; found: 149; Please update to a Selenium version that supports CDP version 151
  And I open UX smoke page "events"                                 # com.eventhub.automation.steps.UxSmokeSteps.iOpenUxSmokePage(java.lang.String)
  Then the page should fit the viewport without horizontal overflow # com.eventhub.automation.steps.UxSmokeSteps.thePageShouldFitTheViewportWithoutHorizontalOverflow()

@visual @ui @owner-platform @risk-ux @intent-visual @impact-ux @p2 @regression @parallel-safe
Scenario Outline: Authenticated key pages have visual sanity screenshots # src/test/resources/features/ux/visual_sanity.feature:18
Aug 15, 2026 8:52:29 PM org.openqa.selenium.devtools.CdpVersionFinder findNearestMatch
WARNING: Unable to find an exact match for CDP version 151, returning the closest version; found: 149; Please update to a Selenium version that supports CDP version 151
  When I open UX smoke page "login"                       # com.eventhub.automation.steps.UxSmokeSteps.iOpenUxSmokePage(java.lang.String)
  Then the page should have a visual sanity screenshot    # com.eventhub.automation.steps.UxSmokeSteps.thePageShouldHaveAVisualSanityScreenshot()
  Given I am signed in to EventHub                                  # com.eventhub.automation.steps.AuthSteps.iAmSignedInToEventHub()

@visual @ui @owner-platform @risk-ux @intent-visual @impact-ux @p2 @regression @parallel-safe
Scenario Outline: Authenticated key pages have visual sanity screenshots # src/test/resources/features/ux/visual_sanity.feature:19
  When I use viewport 1440 by 900                                   # com.eventhub.automation.steps.UxSmokeSteps.iUseViewportBy(int,int)
Aug 15, 2026 8:52:31 PM org.openqa.selenium.devtools.CdpVersionFinder findNearestMatch
WARNING: Unable to find an exact match for CDP version 151, returning the closest version; found: 149; Please update to a Selenium version that supports CDP version 151
  Given I am signed in to EventHub                                       # com.eventhub.automation.steps.AuthSteps.iAmSignedInToEventHub()
  And I open UX smoke page "event detail"                           # com.eventhub.automation.steps.UxSmokeSteps.iOpenUxSmokePage(java.lang.String)
  Then the page should fit the viewport without horizontal overflow # com.eventhub.automation.steps.UxSmokeSteps.thePageShouldFitTheViewportWithoutHorizontalOverflow()
  Given I am signed in to EventHub                                       # com.eventhub.automation.steps.AuthSteps.iAmSignedInToEventHub()
  When I open UX smoke page "events"                                     # com.eventhub.automation.steps.UxSmokeSteps.iOpenUxSmokePage(java.lang.String)
  Then the page should have a visual sanity screenshot                   # com.eventhub.automation.steps.UxSmokeSteps.thePageShouldHaveAVisualSanityScreenshot()
  When I open UX smoke page "bookings"                                   # com.eventhub.automation.steps.UxSmokeSteps.iOpenUxSmokePage(java.lang.String)
  Given I am signed in to EventHub                                       # com.eventhub.automation.steps.AuthSteps.iAmSignedInToEventHub()
  Then the page should have a visual sanity screenshot                   # com.eventhub.automation.steps.UxSmokeSteps.thePageShouldHaveAVisualSanityScreenshot()
  When I open UX smoke page "admin events"                               # com.eventhub.automation.steps.UxSmokeSteps.iOpenUxSmokePage(java.lang.String)
  Then the page should have a visual sanity screenshot                   # com.eventhub.automation.steps.UxSmokeSteps.thePageShouldHaveAVisualSanityScreenshot()

Failed scenarios:
file:///home/runner/work/EventHub-Selenium-BDD/EventHub-Selenium-BDD/src/test/resources/features/bookings/booking_lifecycle.feature:51 # Event detail page shows booking form and event content

76 Scenarios (1 failed, 75 passed)
265 Steps (1 failed, 2 skipped, 262 passed)
2m0.429s


org.openqa.selenium.TimeoutException: Expected condition failed: waiting for com.eventhub.automation.utils.Waits$$Lambda$1659/0x00007f96b89df3a8@24c76136
(tried for 15 seconds with 500 milliseconds interval)
Build info: version: '4.45.0', revision: 'cd6a3cd cd6a3cdfca6970f62e5bc8344109d0fe0e2af05e'
System info: os.name: 'Linux', os.arch: 'amd64', os.version: '6.17.0-1022-azure', java.version: '17.0.20'
Driver info: org.openqa.selenium.chrome.ChromeDriver
Capabilities {acceptInsecureCerts: false, browserName: chrome, browserVersion: 151.0.7922.108, chrome: {chromedriverVersion: 151.0.7922.138 (41fa8244239..., userDataDir: /tmp/org.chromium.Chromium....}, fedcm:accounts: true, goog:chromeOptions: {debuggerAddress: localhost:35965}, goog:processID: 4317, networkConnectionEnabled: false, pageLoadStrategy: normal, platformName: linux, proxy: Proxy(), se:cdp: ws://localhost:35965/devtoo..., se:cdpVersion: 151.0.7922.108, setWindowRect: true, strictFileInteractability: false, timeouts: {implicit: 0, pageLoad: 300000, script: 30000}, unhandledPromptBehavior: dismiss and notify, webauthn:extension:credBlob: true, webauthn:extension:largeBlob: true, webauthn:extension:minPinLength: true, webauthn:extension:prf: true, webauthn:virtualAuthenticators: true}
Session ID: e3a9b56e85d5a416b442f1028e038ee4
	at org.openqa.selenium.support.ui.WebDriverWait.timeoutException(WebDriverWait.java:85)
	at org.openqa.selenium.support.ui.FluentWait.until(FluentWait.java:234)
	at com.eventhub.automation.utils.Waits.loadingComplete(Waits.java:49)
	at com.eventhub.automation.utils.Waits.appReady(Waits.java:45)
	at com.eventhub.automation.pages.BasePage.open(BasePage.java:20)
	at com.eventhub.automation.pages.LoginPage.openLoginPage(LoginPage.java:18)
	at com.eventhub.automation.steps.AuthSteps.iAmSignedInToEventHub(AuthSteps.java:30)
	at ✽.I am signed in to EventHub(file:///home/runner/work/EventHub-Selenium-BDD/EventHub-Selenium-BDD/src/test/resources/features/bookings/booking_lifecycle.feature:5)


[ERROR] Tests run: 76, Failures: 1, Errors: 0, Skipped: 0, Time elapsed: 129.9 s <<< FAILURE! -- in TestSuite
[ERROR] com.eventhub.automation.runners.ParallelCucumberTestRunner.runScenario["Event detail page shows booking form and event content", "Event booking lifecycle"](40) -- Time elapsed: 5.695 s <<< FAILURE!
org.openqa.selenium.TimeoutException: 
Expected condition failed: waiting for com.eventhub.automation.utils.Waits$$Lambda$1659/0x00007f96b89df3a8@24c76136
(tried for 15 seconds with 500 milliseconds interval)
Build info: version: '4.45.0', revision: 'cd6a3cd cd6a3cdfca6970f62e5bc8344109d0fe0e2af05e'
System info: os.name: 'Linux', os.arch: 'amd64', os.version: '6.17.0-1022-azure', java.version: '17.0.20'
Driver info: org.openqa.selenium.chrome.ChromeDriver
Capabilities {acceptInsecureCerts: false, browserName: chrome, browserVersion: 151.0.7922.108, chrome: {chromedriverVersion: 151.0.7922.138 (41fa8244239..., userDataDir: /tmp/org.chromium.Chromium....}, fedcm:accounts: true, goog:chromeOptions: {debuggerAddress: localhost:35965}, goog:processID: 4317, networkConnectionEnabled: false, pageLoadStrategy: normal, platformName: linux, proxy: Proxy(), se:cdp: ws://localhost:35965/devtoo..., se:cdpVersion: 151.0.7922.108, setWindowRect: true, strictFileInteractability: false, timeouts: {implicit: 0, pageLoad: 300000, script: 30000}, unhandledPromptBehavior: dismiss and notify, webauthn:extension:credBlob: true, webauthn:extension:largeBlob: true, webauthn:extension:minPinLength: true, webauthn:extension:prf: true, webauthn:virtualAuthenticators: true}
Session ID: e3a9b56e85d5a416b442f1028e038ee4
	at org.openqa.selenium.support.ui.WebDriverWait.timeoutException(WebDriverWait.java:85)
	at org.openqa.selenium.support.ui.FluentWait.until(FluentWait.java:234)
	at com.eventhub.automation.utils.Waits.loadingComplete(Waits.java:49)
	at com.eventhub.automation.utils.Waits.appReady(Waits.java:45)
	at com.eventhub.automation.pages.BasePage.open(BasePage.java:20)
	at com.eventhub.automation.pages.LoginPage.openLoginPage(LoginPage.java:18)
	at com.eventhub.automation.steps.AuthSteps.iAmSignedInToEventHub(AuthSteps.java:30)
	at ✽.I am signed in to EventHub(file:///home/runner/work/EventHub-Selenium-BDD/EventHub-Selenium-BDD/src/test/resources/features/bookings/booking_lifecycle.feature:5)

[INFO] 
[INFO] Results:
[INFO] 
[ERROR] Failures: 
[ERROR]   ParallelCucumberTestRunner.runScenario » Timeout Expected condition failed: waiting for com.eventhub.automation.utils.Waits$$Lambda$1659/0x00007f96b89df3a8@24c76136
(tried for 15 seconds with 500 milliseconds interval)
Build info: version: '4.45.0', revision: 'cd6a3cd cd6a3cdfca6970f62e5bc8344109d0fe0e2af05e'
System info: os.name: 'Linux', os.arch: 'amd64', os.version: '6.17.0-1022-azure', java.version: '17.0.20'
Driver info: org.openqa.selenium.chrome.ChromeDriver
Capabilities {acceptInsecureCerts: false, browserName: chrome, browserVersion: 151.0.7922.108, chrome: {chromedriverVersion: 151.0.7922.138 (41fa8244239..., userDataDir: /tmp/org.chromium.Chromium....}, fedcm:accounts: true, goog:chromeOptions: {debuggerAddress: localhost:35965}, goog:processID: 4317, networkConnectionEnabled: false, pageLoadStrategy: normal, platformName: linux, proxy: Proxy(), se:cdp: ws://localhost:35965/devtoo..., se:cdpVersion: 151.0.7922.108, setWindowRect: true, strictFileInteractability: false, timeouts: {implicit: 0, pageLoad: 300000, script: 30000}, unhandledPromptBehavior: dismiss and notify, webauthn:extension:credBlob: true, webauthn:extension:largeBlob: true, webauthn:extension:minPinLength: true, webauthn:extension:prf: true, webauthn:virtualAuthenticators: true}
Session ID: e3a9b56e85d5a416b442f1028e038ee4
[INFO] 
[ERROR] Tests run: 76, Failures: 1, Errors: 0, Skipped: 0
[INFO] 
[INFO] ------------------------------------------------------------------------
[INFO] BUILD FAILURE
[INFO] ------------------------------------------------------------------------
[INFO] Total time:  02:19 min
[INFO] Finished at: 2026-08-15T20:52:38Z
[INFO] ------------------------------------------------------------------------
[ERROR] Failed to execute goal org.apache.maven.plugins:maven-surefire-plugin:3.3.1:test (default-test) on project eventhub-selenium-bdd: There are test failures.
[ERROR] 
[ERROR] Please refer to /home/runner/work/EventHub-Selenium-BDD/EventHub-Selenium-BDD/target/surefire-reports for the individual test results.
[ERROR] Please refer to dump files (if any exist) [date].dump, [date]-jvmRun[N].dump and [date].dumpstream.
[ERROR] -> [Help 1]
[ERROR] 
[ERROR] To see the full stack trace of the errors, re-run Maven with the -e switch.
[ERROR] Re-run Maven using the -X switch to enable full debug logging.
[ERROR] 
[ERROR] For more information about the errors and possible solutions, please read the following articles:
[ERROR] [Help 1] http://cwiki.apache.org/confluence/display/MAVEN/MojoFailureException
