[INFO] Scanning for projects...
[INFO] 
[INFO] -----------------< com.eventhub:eventhub-selenium-bdd >-----------------
[INFO] Building EventHub Selenium Java BDD Framework 1.0.0-SNAPSHOT
[INFO]   from pom.xml
[INFO] --------------------------------[ jar ]---------------------------------
[INFO] 
[INFO] --- resources:3.4.0:resources (default-resources) @ eventhub-selenium-bdd ---
[INFO] skip non existing resourceDirectory /home/runner/work/EventHub-Selenium-BDD/EventHub-Selenium-BDD/src/main/resources
[INFO] 
[INFO] --- compiler:3.13.0:compile (default-compile) @ eventhub-selenium-bdd ---
[INFO] Recompiling the module because of changed source code.
[INFO] Compiling 1 source file with javac [debug release 17] to target/classes
[INFO] 
[INFO] --- resources:3.4.0:testResources (default-testResources) @ eventhub-selenium-bdd ---
[INFO] Copying 34 resources from src/test/resources to target/test-classes
[INFO] 
[INFO] --- compiler:3.13.0:testCompile (default-testCompile) @ eventhub-selenium-bdd ---
[INFO] Recompiling the module because of changed dependency.
[INFO] Compiling 50 source files with javac [debug release 17] to target/test-classes
[INFO] 
[INFO] --- surefire:3.3.1:test (default-test) @ eventhub-selenium-bdd ---
[INFO] Using auto detected provider org.apache.maven.surefire.testng.TestNGProvider
[INFO] 
[INFO] -------------------------------------------------------
[INFO]  T E S T S
[INFO] -------------------------------------------------------
[INFO] Running TestSuite

@admin @ui @owner-platform @risk-admin @intent-admin @impact-admin @p1 @regression @stateful @api-cleanup
Scenario: Admin can create a disposable event and find it in discovery    # src/test/resources/features/admin/admin_event_management.feature:25
Aug 05, 2026 9:49:31 PM org.openqa.selenium.devtools.CdpVersionFinder findNearestMatch
WARNING: Unable to find an exact match for CDP version 150, returning the closest version; found: 149; Please update to a Selenium version that supports CDP version 150
  Given I am signed in to EventHub                                        # com.eventhub.automation.steps.AuthSteps.iAmSignedInToEventHub()
  When I create a one-seat admin event through the API                    # com.eventhub.automation.steps.AdminSteps.iCreateAOneSeatAdminEventThroughTheApi()
  And I open the Admin Events page                                        # com.eventhub.automation.steps.AdminSteps.iOpenTheAdminEventsPage()
  Then the created admin event should appear in the admin table           # com.eventhub.automation.steps.AdminSteps.theCreatedAdminEventShouldAppearInTheAdminTable()
  And the created admin event should appear in event discovery            # com.eventhub.automation.steps.AdminSteps.theCreatedAdminEventShouldAppearInEventDiscovery()
  When I clean up the created admin event through API                     # com.eventhub.automation.steps.AdminSteps.iCleanUpTheCreatedAdminEventThroughApi()
  Then the created admin event should not appear through API or discovery # com.eventhub.automation.steps.AdminSteps.theCreatedAdminEventShouldNotAppearThroughApiOrDiscovery()

@admin @ui @owner-platform @risk-admin @intent-admin @impact-admin @p1 @regression @stateful @api-cleanup @negative @intent-capacity
Scenario: Sold-out admin event is unavailable from discovery                                # src/test/resources/features/admin/admin_event_management.feature:34
Aug 05, 2026 9:49:46 PM org.openqa.selenium.devtools.CdpVersionFinder findNearestMatch
WARNING: Unable to find an exact match for CDP version 150, returning the closest version; found: 149; Please update to a Selenium version that supports CDP version 150
  Given I am signed in to EventHub                                                          # com.eventhub.automation.steps.AuthSteps.iAmSignedInToEventHub()
  When I create a sold-out one-seat admin event through the API                             # com.eventhub.automation.steps.AdminSteps.iCreateASoldOutOneSeatAdminEventThroughTheApi()
  Then the created admin event should show no remaining seats or be unavailable for booking # com.eventhub.automation.steps.AdminSteps.theCreatedAdminEventShouldShowNoRemainingSeatsOrBeUnavailableForBooking()

@api @contract @owner-platform @risk-contract @intent-api-contract @impact-api @p0 @smoke @stateful @intent-booking
Scenario: Authenticated user can create and cancel a booking through API          # src/test/resources/features/api/api_contract.feature:50
  When I create a booking through the API                                         # com.eventhub.automation.steps.ApiSteps.iCreateABookingThroughTheApi()
  Then the API booking response should include a booking reference                # com.eventhub.automation.steps.ApiSteps.theApiBookingResponseShouldIncludeABookingReference()
  And the API response should match schema "schemas/booking-response.schema.json" # com.eventhub.automation.steps.ApiSteps.theApiResponseShouldMatchSchema(java.lang.String)
  When I cancel the API-created booking                                           # com.eventhub.automation.steps.ApiSteps.iCancelTheApiCreatedBooking()
  Then the API booking cancellation should be successful                          # com.eventhub.automation.steps.ApiSteps.theApiBookingCancellationShouldBeSuccessful()

@api @contract @owner-platform @risk-contract @intent-api-contract @impact-api @p1 @regression @stateful @intent-booking
Scenario: Booking cancellation is not silently repeatable          # src/test/resources/features/api/api_contract.feature:58
  When I create a booking through the API                          # com.eventhub.automation.steps.ApiSteps.iCreateABookingThroughTheApi()
  Then the API booking response should include a booking reference # com.eventhub.automation.steps.ApiSteps.theApiBookingResponseShouldIncludeABookingReference()
  When I cancel the API-created booking                            # com.eventhub.automation.steps.ApiSteps.iCancelTheApiCreatedBooking()
  Then the API booking cancellation should be successful           # com.eventhub.automation.steps.ApiSteps.theApiBookingCancellationShouldBeSuccessful()
  When I cancel the API-created booking again                      # com.eventhub.automation.steps.ApiSteps.iCancelTheApiCreatedBookingAgain()
  Then the API should reject the request with an error response    # com.eventhub.automation.steps.ApiSteps.theApiShouldRejectTheRequestWithAnErrorResponse()

@api @contract @owner-platform @risk-contract @intent-api-contract @impact-api @p1 @regression @stateful @api-cleanup @intent-booking
Scenario: Booking list maps to POJO responses after API booking creation             # src/test/resources/features/api/api_contract.feature:116
  When I create a booking through the API                                            # com.eventhub.automation.steps.ApiSteps.iCreateABookingThroughTheApi()
  And I request bookings through the API                                             # com.eventhub.automation.steps.ApiSteps.iRequestBookingsThroughTheApi()
  Then the API bookings response should map to booking POJOs for the created booking # com.eventhub.automation.steps.ApiSteps.theApiBookingsResponseShouldMapToBookingPojosForTheCreatedBooking()

@api @contract @owner-platform @risk-contract @intent-api-contract @impact-api @p1 @regression @stateful @api-cleanup @intent-booking
Scenario: Duplicate booking attempts are handled consistently                # src/test/resources/features/api/api_contract.feature:122
  When I create the same booking through the API twice                       # com.eventhub.automation.steps.ApiSteps.iCreateTheSameBookingThroughTheApiTwice()
  Then the duplicate booking response should follow the booking API contract # com.eventhub.automation.steps.ApiSteps.theDuplicateBookingResponseShouldFollowTheBookingApiContract()

@api @contract @owner-platform @risk-contract @intent-api-contract @impact-api @p1 @regression @stateful @api-cleanup @intent-capacity
Scenario: Event capacity boundary rejects booking beyond available seats # src/test/resources/features/api/api_contract.feature:127
  When I create a one-seat event through the API                         # com.eventhub.automation.steps.AdminSteps.iCreateAOneSeatEventThroughTheApi()
  And I book the full API event capacity                                 # com.eventhub.automation.steps.ApiSteps.iBookTheFullApiEventCapacity()
  And I create one more booking for the capacity-bound event             # com.eventhub.automation.steps.ApiSteps.iCreateOneMoreBookingForTheCapacityBoundEvent()
  Then the API should reject the request with an error response          # com.eventhub.automation.steps.ApiSteps.theApiShouldRejectTheRequestWithAnErrorResponse()

@bookings @ui @owner-platform @risk-revenue @intent-booking @impact-bookings @p0 @smoke @stateful @critical
Scenario: User can book a ticket and view it under My Bookings # src/test/resources/features/bookings/booking_lifecycle.feature:8
Aug 05, 2026 9:50:17 PM org.openqa.selenium.devtools.CdpVersionFinder findNearestMatch
WARNING: Unable to find an exact match for CDP version 150, returning the closest version; found: 149; Please update to a Selenium version that supports CDP version 150
  Given I am signed in to EventHub                             # com.eventhub.automation.steps.AuthSteps.iAmSignedInToEventHub()
  When I book 1 ticket for a bookable event                    # com.eventhub.automation.steps.BookingSteps.iBookTicketsForABookableEvent(int)
  Then I should see the booking confirmation                   # com.eventhub.automation.steps.BookingSteps.iShouldSeeTheBookingConfirmation()
  When I open My Bookings from the confirmation                # com.eventhub.automation.steps.BookingSteps.iOpenMyBookingsFromTheConfirmation()
  Then I should see booking for the selected event             # com.eventhub.automation.steps.BookingSteps.iShouldSeeBookingForTheSelectedEvent()

@bookings @ui @owner-platform @risk-revenue @intent-booking @impact-bookings @p1 @regression @stateful
Scenario Outline: User can book tickets and see confirmation # src/test/resources/features/bookings/booking_lifecycle.feature:21
Aug 05, 2026 9:50:28 PM org.openqa.selenium.devtools.CdpVersionFinder findNearestMatch
WARNING: Unable to find an exact match for CDP version 150, returning the closest version; found: 149; Please update to a Selenium version that supports CDP version 150
  Given I am signed in to EventHub                           # com.eventhub.automation.steps.AuthSteps.iAmSignedInToEventHub()
  When I book 1 tickets for a bookable event                 # com.eventhub.automation.steps.BookingSteps.iBookTicketsForABookableEvent(int)
  Then I should see the booking confirmation                 # com.eventhub.automation.steps.BookingSteps.iShouldSeeTheBookingConfirmation()

@bookings @ui @owner-platform @risk-revenue @intent-booking @impact-bookings @p1 @regression @stateful
Scenario Outline: User can book tickets and see confirmation # src/test/resources/features/bookings/booking_lifecycle.feature:22
Aug 05, 2026 9:50:38 PM org.openqa.selenium.devtools.CdpVersionFinder findNearestMatch
WARNING: Unable to find an exact match for CDP version 150, returning the closest version; found: 149; Please update to a Selenium version that supports CDP version 150
  Given I am signed in to EventHub                           # com.eventhub.automation.steps.AuthSteps.iAmSignedInToEventHub()
  When I book 2 tickets for a bookable event                 # com.eventhub.automation.steps.BookingSteps.iBookTicketsForABookableEvent(int)
  Then I should see the booking confirmation                 # com.eventhub.automation.steps.BookingSteps.iShouldSeeTheBookingConfirmation()

@bookings @ui @owner-platform @risk-revenue @intent-booking @impact-bookings @p1 @regression @stateful @critical
Scenario: Booking confirmation shows customer, quantity, event, and total                     # src/test/resources/features/bookings/booking_lifecycle.feature:25
Aug 05, 2026 9:50:48 PM org.openqa.selenium.devtools.CdpVersionFinder findNearestMatch
WARNING: Unable to find an exact match for CDP version 150, returning the closest version; found: 149; Please update to a Selenium version that supports CDP version 150
  Given I am signed in to EventHub                                                            # com.eventhub.automation.steps.AuthSteps.iAmSignedInToEventHub()
  When I book 2 tickets for a bookable event                                                  # com.eventhub.automation.steps.BookingSteps.iBookTicketsForABookableEvent(int)
  Then the booking confirmation should show the selected event, customer, quantity, and total # com.eventhub.automation.steps.BookingSteps.theBookingConfirmationShouldShowTheSelectedEventCustomerQuantityAndTotal()

@bookings @ui @owner-platform @risk-revenue @intent-booking @impact-bookings @p1 @regression @stateful
Scenario: User can view booking details            # src/test/resources/features/bookings/booking_lifecycle.feature:30
Aug 05, 2026 9:50:58 PM org.openqa.selenium.devtools.CdpVersionFinder findNearestMatch
WARNING: Unable to find an exact match for CDP version 150, returning the closest version; found: 149; Please update to a Selenium version that supports CDP version 150
  Given I am signed in to EventHub                 # com.eventhub.automation.steps.AuthSteps.iAmSignedInToEventHub()
  When I book 1 ticket for a bookable event        # com.eventhub.automation.steps.BookingSteps.iBookTicketsForABookableEvent(int)
  And I open My Bookings from the confirmation     # com.eventhub.automation.steps.BookingSteps.iOpenMyBookingsFromTheConfirmation()
  And I open the booking details                   # com.eventhub.automation.steps.BookingSteps.iOpenTheBookingDetails()
  Then I should see booking for the selected event # com.eventhub.automation.steps.BookingSteps.iShouldSeeBookingForTheSelectedEvent()

@bookings @ui @owner-platform @risk-revenue @intent-booking @impact-bookings @p1 @regression @stateful @critical
Scenario: User can cancel a booking                                # src/test/resources/features/bookings/booking_lifecycle.feature:37
Aug 05, 2026 9:51:08 PM org.openqa.selenium.devtools.CdpVersionFinder findNearestMatch
WARNING: Unable to find an exact match for CDP version 150, returning the closest version; found: 149; Please update to a Selenium version that supports CDP version 150
  Given I am signed in to EventHub                                 # com.eventhub.automation.steps.AuthSteps.iAmSignedInToEventHub()
  When I book 1 ticket for a bookable event                        # com.eventhub.automation.steps.BookingSteps.iBookTicketsForABookableEvent(int)
  And I open My Bookings from the confirmation                     # com.eventhub.automation.steps.BookingSteps.iOpenMyBookingsFromTheConfirmation()
  And I cancel the booking                                         # com.eventhub.automation.steps.BookingSteps.iCancelTheBooking()
  Then no bookings for the current Selenium customer should remain # com.eventhub.automation.steps.BookingSteps.noBookingsForTheCurrentSeleniumCustomerShouldRemain()

@bookings @ui @owner-platform @risk-revenue @intent-booking @impact-bookings @p1 @regression @stateful
Scenario: User can clear all bookings                              # src/test/resources/features/bookings/booking_lifecycle.feature:44
Aug 05, 2026 9:51:21 PM org.openqa.selenium.devtools.CdpVersionFinder findNearestMatch
WARNING: Unable to find an exact match for CDP version 150, returning the closest version; found: 149; Please update to a Selenium version that supports CDP version 150
  Given I am signed in to EventHub                                 # com.eventhub.automation.steps.AuthSteps.iAmSignedInToEventHub()
  When I book 1 ticket for a bookable event                        # com.eventhub.automation.steps.BookingSteps.iBookTicketsForABookableEvent(int)
  And I open My Bookings from the confirmation                     # com.eventhub.automation.steps.BookingSteps.iOpenMyBookingsFromTheConfirmation()
  And I clear all bookings                                         # com.eventhub.automation.steps.BookingSteps.iClearAllBookings()
  Then no bookings for the current Selenium customer should remain # com.eventhub.automation.steps.BookingSteps.noBookingsForTheCurrentSeleniumCustomerShouldRemain()

@bookings @ui @owner-platform @risk-revenue @intent-booking @impact-bookings @p1 @regression @stateful @api-cleanup @negative
Scenario: Booking cannot exceed available tickets        # src/test/resources/features/bookings/booking_lifecycle.feature:73
Aug 05, 2026 9:51:33 PM org.openqa.selenium.devtools.CdpVersionFinder findNearestMatch
WARNING: Unable to find an exact match for CDP version 150, returning the closest version; found: 149; Please update to a Selenium version that supports CDP version 150
  Given I am signed in to EventHub                       # com.eventhub.automation.steps.AuthSteps.iAmSignedInToEventHub()
  When I create a one-seat admin event through the API   # com.eventhub.automation.steps.AdminSteps.iCreateAOneSeatAdminEventThroughTheApi()
  And I open booking details for the created admin event # com.eventhub.automation.steps.AdminSteps.iOpenBookingDetailsForTheCreatedAdminEvent()
  Then the ticket quantity should be 1                   # com.eventhub.automation.steps.BookingSteps.theTicketQuantityShouldBe(int)
  And the ticket decrement control should be disabled    # com.eventhub.automation.steps.BookingSteps.theTicketDecrementControlShouldBeDisabled()
  And the ticket increment control should be disabled    # com.eventhub.automation.steps.BookingSteps.theTicketIncrementControlShouldBeDisabled()

@bookings @ui @owner-platform @risk-revenue @intent-booking @impact-bookings @p1 @regression @stateful @intent-cleanup
Scenario: Selenium-created bookings can be cleaned through API     # src/test/resources/features/bookings/booking_lifecycle.feature:103
Aug 05, 2026 9:51:43 PM org.openqa.selenium.devtools.CdpVersionFinder findNearestMatch
WARNING: Unable to find an exact match for CDP version 150, returning the closest version; found: 149; Please update to a Selenium version that supports CDP version 150
  Given I am signed in to EventHub                                 # com.eventhub.automation.steps.AuthSteps.iAmSignedInToEventHub()
  When I create a booking through the API for cleanup              # com.eventhub.automation.steps.BookingSteps.iCreateABookingThroughTheApiForCleanup()
  And I clean Selenium-created bookings through the API            # com.eventhub.automation.steps.BookingSteps.iCleanSeleniumCreatedBookingsThroughTheApi()
  Then no bookings for the current Selenium customer should remain # com.eventhub.automation.steps.BookingSteps.noBookingsForTheCurrentSeleniumCustomerShouldRemain()
  And My Bookings should show an empty state                       # com.eventhub.automation.steps.BookingSteps.myBookingsShouldShowAnEmptyState()

@hybrid @ui @stateful @owner-platform @risk-integration @intent-hybrid @impact-integration @p1 @regression
Scenario: Booking created through API is visible in My Bookings    # src/test/resources/features/hybrid/api_ui_hybrid.feature:8
Aug 05, 2026 9:51:52 PM org.openqa.selenium.devtools.CdpVersionFinder findNearestMatch
WARNING: Unable to find an exact match for CDP version 150, returning the closest version; found: 149; Please update to a Selenium version that supports CDP version 150
  Given I am signed in to EventHub                                 # com.eventhub.automation.steps.AuthSteps.iAmSignedInToEventHub()
  When I create a booking through the API for cleanup              # com.eventhub.automation.steps.BookingSteps.iCreateABookingThroughTheApiForCleanup()
  And I directly open protected route "/bookings"                  # com.eventhub.automation.steps.AuthSteps.iDirectlyOpenProtectedRoute(java.lang.String)
  Then I should see booking for the selected event                 # com.eventhub.automation.steps.BookingSteps.iShouldSeeBookingForTheSelectedEvent()
  When I clean Selenium-created bookings through the API           # com.eventhub.automation.steps.BookingSteps.iCleanSeleniumCreatedBookingsThroughTheApi()
  Then no bookings for the current Selenium customer should remain # com.eventhub.automation.steps.BookingSteps.noBookingsForTheCurrentSeleniumCustomerShouldRemain()

@hybrid @ui @stateful @owner-platform @risk-integration @intent-hybrid @impact-integration @p1 @regression @api-cleanup
Scenario: API-created event is searchable and deep-linkable in the UI # src/test/resources/features/hybrid/api_ui_hybrid.feature:16
Aug 05, 2026 9:52:03 PM org.openqa.selenium.devtools.CdpVersionFinder findNearestMatch
WARNING: Unable to find an exact match for CDP version 150, returning the closest version; found: 149; Please update to a Selenium version that supports CDP version 150
  Given I am signed in to EventHub                                    # com.eventhub.automation.steps.AuthSteps.iAmSignedInToEventHub()
  When I create a one-seat admin event through the API                # com.eventhub.automation.steps.AdminSteps.iCreateAOneSeatAdminEventThroughTheApi()
  Then the created admin event should appear in event discovery       # com.eventhub.automation.steps.AdminSteps.theCreatedAdminEventShouldAppearInEventDiscovery()
  When I directly open event detail for the created admin event       # com.eventhub.automation.steps.EventSteps.iDirectlyOpenEventDetailForTheCreatedAdminEvent()
  Then I should see metadata for the created admin event              # com.eventhub.automation.steps.EventSteps.iShouldSeeMetadataForTheCreatedAdminEvent()

@hybrid @ui @stateful @owner-platform @risk-integration @intent-hybrid @impact-integration @p1 @regression @api-cleanup
Scenario: API-created event appears in admin management and discovery # src/test/resources/features/hybrid/api_ui_hybrid.feature:23
Aug 05, 2026 9:52:13 PM org.openqa.selenium.devtools.CdpVersionFinder findNearestMatch
WARNING: Unable to find an exact match for CDP version 150, returning the closest version; found: 149; Please update to a Selenium version that supports CDP version 150
  Given I am signed in to EventHub                                    # com.eventhub.automation.steps.AuthSteps.iAmSignedInToEventHub()
  When I create a one-seat admin event through the API                # com.eventhub.automation.steps.AdminSteps.iCreateAOneSeatAdminEventThroughTheApi()
  And I open the Admin Events page                                    # com.eventhub.automation.steps.AdminSteps.iOpenTheAdminEventsPage()
  Then the created admin event should appear in the admin table       # com.eventhub.automation.steps.AdminSteps.theCreatedAdminEventShouldAppearInTheAdminTable()
  And the created admin event should appear in event discovery        # com.eventhub.automation.steps.AdminSteps.theCreatedAdminEventShouldAppearInEventDiscovery()

@hybrid @ui @stateful @owner-platform @risk-integration @intent-hybrid @impact-integration @p1 @regression @api-cleanup
Scenario: UI booking for API-created event is visible through the API  # src/test/resources/features/hybrid/api_ui_hybrid.feature:30
Aug 05, 2026 9:52:23 PM org.openqa.selenium.devtools.CdpVersionFinder findNearestMatch
WARNING: Unable to find an exact match for CDP version 150, returning the closest version; found: 149; Please update to a Selenium version that supports CDP version 150
  Given I am signed in to EventHub                                     # com.eventhub.automation.steps.AuthSteps.iAmSignedInToEventHub()
  When I create a one-seat admin event through the API                 # com.eventhub.automation.steps.AdminSteps.iCreateAOneSeatAdminEventThroughTheApi()
  And I book 1 ticket for the created admin event                      # com.eventhub.automation.steps.AdminSteps.iBookTicketForTheCreatedAdminEvent(int)
  Then I should see the booking confirmation                           # com.eventhub.automation.steps.BookingSteps.iShouldSeeTheBookingConfirmation()
  When I request bookings through the API                              # com.eventhub.automation.steps.ApiSteps.iRequestBookingsThroughTheApi()
  Then the API bookings response should include the UI-created booking # com.eventhub.automation.steps.ApiSteps.theApiBookingsResponseShouldIncludeTheUiCreatedBooking()

@hybrid @ui @stateful @owner-platform @risk-integration @intent-hybrid @impact-integration @p1 @regression @api-cleanup
Scenario: API cleanup of an API-created booking is reflected in the UI # src/test/resources/features/hybrid/api_ui_hybrid.feature:38
Aug 05, 2026 9:52:36 PM org.openqa.selenium.devtools.CdpVersionFinder findNearestMatch
WARNING: Unable to find an exact match for CDP version 150, returning the closest version; found: 149; Please update to a Selenium version that supports CDP version 150
  Given I am signed in to EventHub                                     # com.eventhub.automation.steps.AuthSteps.iAmSignedInToEventHub()
  When I create a booking through the API for cleanup                  # com.eventhub.automation.steps.BookingSteps.iCreateABookingThroughTheApiForCleanup()
  And I directly open protected route "/bookings"                      # com.eventhub.automation.steps.AuthSteps.iDirectlyOpenProtectedRoute(java.lang.String)
  Then I should see booking for the selected event                     # com.eventhub.automation.steps.BookingSteps.iShouldSeeBookingForTheSelectedEvent()
  When I clean Selenium-created bookings through the API               # com.eventhub.automation.steps.BookingSteps.iCleanSeleniumCreatedBookingsThroughTheApi()
  And I directly open protected route "/bookings"                      # com.eventhub.automation.steps.AuthSteps.iDirectlyOpenProtectedRoute(java.lang.String)
  Then no bookings for the current Selenium customer should remain     # com.eventhub.automation.steps.BookingSteps.noBookingsForTheCurrentSeleniumCustomerShouldRemain()

@hybrid @ui @stateful @owner-platform @risk-integration @intent-hybrid @impact-integration @p1 @regression
Scenario: API-created booking details can be opened in the UI # src/test/resources/features/hybrid/api_ui_hybrid.feature:47
Aug 05, 2026 9:52:48 PM org.openqa.selenium.devtools.CdpVersionFinder findNearestMatch
WARNING: Unable to find an exact match for CDP version 150, returning the closest version; found: 149; Please update to a Selenium version that supports CDP version 150
  Given I am signed in to EventHub                            # com.eventhub.automation.steps.AuthSteps.iAmSignedInToEventHub()
  When I create a booking through the API for cleanup         # com.eventhub.automation.steps.BookingSteps.iCreateABookingThroughTheApiForCleanup()
  And I directly open protected route "/bookings"             # com.eventhub.automation.steps.AuthSteps.iDirectlyOpenProtectedRoute(java.lang.String)
  And I open the booking details                              # com.eventhub.automation.steps.BookingSteps.iOpenTheBookingDetails()
  Then I should see booking for the selected event            # com.eventhub.automation.steps.BookingSteps.iShouldSeeBookingForTheSelectedEvent()
  When I clean Selenium-created bookings through the API      # com.eventhub.automation.steps.BookingSteps.iCleanSeleniumCreatedBookingsThroughTheApi()

@hybrid @ui @stateful @owner-platform @risk-integration @intent-hybrid @impact-integration @p1 @regression @negative @api-cleanup
Scenario: API-created sold-out event is unavailable in event discovery                      # src/test/resources/features/hybrid/api_ui_hybrid.feature:55
Aug 05, 2026 9:52:57 PM org.openqa.selenium.devtools.CdpVersionFinder findNearestMatch
WARNING: Unable to find an exact match for CDP version 150, returning the closest version; found: 149; Please update to a Selenium version that supports CDP version 150
  Given I am signed in to EventHub                                                          # com.eventhub.automation.steps.AuthSteps.iAmSignedInToEventHub()
  When I create a sold-out one-seat admin event through the API                             # com.eventhub.automation.steps.AdminSteps.iCreateASoldOutOneSeatAdminEventThroughTheApi()
  Then the created admin event should show no remaining seats or be unavailable for booking # com.eventhub.automation.steps.AdminSteps.theCreatedAdminEventShouldShowNoRemainingSeatsOrBeUnavailableForBooking()

23 Scenarios (23 passed)
108 Steps (108 passed)
3m45.775s


[INFO] Tests run: 23, Failures: 0, Errors: 0, Skipped: 0, Time elapsed: 234.5 s -- in TestSuite
[INFO] 
[INFO] Results:
[INFO] 
[INFO] Tests run: 23, Failures: 0, Errors: 0, Skipped: 0
[INFO] 
[INFO] ------------------------------------------------------------------------
[INFO] BUILD SUCCESS
[INFO] ------------------------------------------------------------------------
[INFO] Total time:  04:03 min
[INFO] Finished at: 2026-08-05T21:53:08Z
[INFO] ------------------------------------------------------------------------
