[INFO] Scanning for projects...
[INFO] 
[INFO] -----------------< com.eventhub:eventhub-selenium-bdd >-----------------
[INFO] Building EventHub Selenium Java BDD Framework 1.0.0-SNAPSHOT
[INFO]   from pom.xml
[INFO] --------------------------------[ jar ]---------------------------------
[INFO] 
[INFO] --- resources:3.4.0:resources (default-resources) @ eventhub-selenium-bdd ---
[INFO] skip non existing resourceDirectory /home/runner/work/EventHub-Selenium-BDD/EventHub-Selenium-BDD/src/main/resources
[INFO] 
[INFO] --- compiler:3.13.0:compile (default-compile) @ eventhub-selenium-bdd ---
[INFO] Recompiling the module because of changed source code.
[INFO] Compiling 1 source file with javac [debug release 17] to target/classes
[INFO] 
[INFO] --- resources:3.4.0:testResources (default-testResources) @ eventhub-selenium-bdd ---
[INFO] Copying 28 resources from src/test/resources to target/test-classes
[INFO] 
[INFO] --- compiler:3.13.0:testCompile (default-testCompile) @ eventhub-selenium-bdd ---
[INFO] Recompiling the module because of changed dependency.
[INFO] Compiling 49 source files with javac [debug release 17] to target/test-classes
[INFO] 
[INFO] --- surefire:3.3.1:test (default-test) @ eventhub-selenium-bdd ---
[INFO] Using auto detected provider org.apache.maven.surefire.testng.TestNGProvider
[INFO] 
[INFO] -------------------------------------------------------
[INFO]  T E S T S
[INFO] -------------------------------------------------------
[INFO] Running TestSuite

@bookings @ui @owner-platform @risk-revenue @intent-booking @impact-bookings @p1 @regression @parallel-safe @negative @intent-validation
Scenario Outline: Booking form validates invalid customer data                   # src/test/resources/features/bookings/booking_lifecycle.feature:82

@bookings @ui @owner-platform @risk-revenue @intent-booking @impact-bookings @p1 @regression @parallel-safe @negative @intent-validation
Scenario Outline: Booking form validates invalid customer data                   # src/test/resources/features/bookings/booking_lifecycle.feature:81

@bookings @ui @owner-platform @risk-revenue @intent-booking @impact-bookings @p1 @regression @parallel-safe @intent-validation
Scenario: Booking form validates required customer details    # src/test/resources/features/bookings/booking_lifecycle.feature:85

@bookings @ui @owner-platform @risk-revenue @intent-booking @impact-bookings @p1 @regression @parallel-safe
Scenario: Ticket quantity controls update the booking total          # src/test/resources/features/bookings/booking_lifecycle.feature:56

@bookings @ui @owner-platform @risk-revenue @intent-booking @impact-bookings @p1 @regression @parallel-safe
Scenario: Event detail page shows booking form and event content # src/test/resources/features/bookings/booking_lifecycle.feature:51
Aug 01, 2026 10:00:09 PM org.openqa.selenium.devtools.CdpVersionFinder findNearestMatch
WARNING: Unable to find CDP implementation matching 150
Aug 01, 2026 10:00:09 PM org.openqa.selenium.chromium.ChromiumDriver lambda$new$5
WARNING: Unable to find version of CDP to use for 150.0.7871.128. You may need to include a dependency on a specific version of the CDP using something similar to `org.seleniumhq.selenium:selenium-devtools-v86:4.23.1` where the version ("v86") matches the version of the chromium-based browser you're using and the version number of the artifact is the same as Selenium's.
Aug 01, 2026 10:00:09 PM org.openqa.selenium.devtools.CdpVersionFinder findNearestMatch
WARNING: Unable to find CDP implementation matching 150
Aug 01, 2026 10:00:09 PM org.openqa.selenium.devtools.CdpVersionFinder findNearestMatch
WARNING: Unable to find CDP implementation matching 150
Aug 01, 2026 10:00:09 PM org.openqa.selenium.chromium.ChromiumDriver lambda$new$5
WARNING: Unable to find version of CDP to use for 150.0.7871.128. You may need to include a dependency on a specific version of the CDP using something similar to `org.seleniumhq.selenium:selenium-devtools-v86:4.23.1` where the version ("v86") matches the version of the chromium-based browser you're using and the version number of the artifact is the same as Selenium's.
Aug 01, 2026 10:00:09 PM org.openqa.selenium.chromium.ChromiumDriver lambda$new$5
WARNING: Unable to find version of CDP to use for 150.0.7871.128. You may need to include a dependency on a specific version of the CDP using something similar to `org.seleniumhq.selenium:selenium-devtools-v86:4.23.1` where the version ("v86") matches the version of the chromium-based browser you're using and the version number of the artifact is the same as Selenium's.
Aug 01, 2026 10:00:09 PM org.openqa.selenium.devtools.CdpVersionFinder findNearestMatch
WARNING: Unable to find CDP implementation matching 150
Aug 01, 2026 10:00:09 PM org.openqa.selenium.chromium.ChromiumDriver lambda$new$5
WARNING: Unable to find version of CDP to use for 150.0.7871.128. You may need to include a dependency on a specific version of the CDP using something similar to `org.seleniumhq.selenium:selenium-devtools-v86:4.23.1` where the version ("v86") matches the version of the chromium-based browser you're using and the version number of the artifact is the same as Selenium's.
Aug 01, 2026 10:00:09 PM org.openqa.selenium.devtools.CdpVersionFinder findNearestMatch
WARNING: Unable to find CDP implementation matching 150
Aug 01, 2026 10:00:09 PM org.openqa.selenium.chromium.ChromiumDriver lambda$new$5
WARNING: Unable to find version of CDP to use for 150.0.7871.128. You may need to include a dependency on a specific version of the CDP using something similar to `org.seleniumhq.selenium:selenium-devtools-v86:4.23.1` where the version ("v86") matches the version of the chromium-based browser you're using and the version number of the artifact is the same as Selenium's.
  Given I am signed in to EventHub                               # com.eventhub.automation.steps.AuthSteps.iAmSignedInToEventHub()
  Given I am signed in to EventHub                                               # com.eventhub.automation.steps.AuthSteps.iAmSignedInToEventHub()
  Given I am signed in to EventHub                                   # com.eventhub.automation.steps.AuthSteps.iAmSignedInToEventHub()
  Given I am signed in to EventHub                                               # com.eventhub.automation.steps.AuthSteps.iAmSignedInToEventHub()
  Given I am signed in to EventHub                            # com.eventhub.automation.steps.AuthSteps.iAmSignedInToEventHub()
  When I open details for a bookable event                       # com.eventhub.automation.steps.BookingSteps.iOpenDetailsForABookableEvent()
  When I open details for a bookable event                                       # com.eventhub.automation.steps.BookingSteps.iOpenDetailsForABookableEvent()
  When I open details for a bookable event                                       # com.eventhub.automation.steps.BookingSteps.iOpenDetailsForABookableEvent()
  When I open details for a bookable event                    # com.eventhub.automation.steps.BookingSteps.iOpenDetailsForABookableEvent()
  Then I should see the event detail booking panel               # com.eventhub.automation.steps.BookingSteps.iShouldSeeTheEventDetailBookingPanel()

@bookings @ui @owner-platform @risk-revenue @intent-booking @impact-bookings @p2 @regression @parallel-safe @intent-validation
Scenario: Booking form accepts generated valid customer data before submit # src/test/resources/features/bookings/booking_lifecycle.feature:91
Aug 01, 2026 10:00:20 PM org.openqa.selenium.devtools.CdpVersionFinder findNearestMatch
WARNING: Unable to find CDP implementation matching 150
Aug 01, 2026 10:00:20 PM org.openqa.selenium.chromium.ChromiumDriver lambda$new$5
WARNING: Unable to find version of CDP to use for 150.0.7871.128. You may need to include a dependency on a specific version of the CDP using something similar to `org.seleniumhq.selenium:selenium-devtools-v86:4.23.1` where the version ("v86") matches the version of the chromium-based browser you're using and the version number of the artifact is the same as Selenium's.
  And I submit the booking form without customer details      # com.eventhub.automation.steps.BookingSteps.iSubmitTheBookingFormWithoutCustomerDetails()
  Then the booking form should show required field validation # com.eventhub.automation.steps.BookingSteps.theBookingFormShouldShowRequiredFieldValidation()
  And I enter booking customer email "invalid-email" and phone "+91 98765 43210" # com.eventhub.automation.steps.BookingSteps.iEnterBookingCustomerEmailAndPhone(java.lang.String,java.lang.String)
  Then the booking email field should be invalid                                 # com.eventhub.automation.steps.BookingSteps.theBookingEmailFieldShouldBeInvalid()
  And I enter booking customer email "gauravarora1091@gmail.com" and phone "123" # com.eventhub.automation.steps.BookingSteps.iEnterBookingCustomerEmailAndPhone(java.lang.String,java.lang.String)
  Then the booking phone field should be invalid                                 # com.eventhub.automation.steps.BookingSteps.theBookingPhoneFieldShouldBeInvalid()
  When I open details for an event with at least 4 available tickets # com.eventhub.automation.steps.BookingSteps.iOpenDetailsForAnEventWithAtLeastAvailableTickets(int)
  Then the ticket quantity should be 1                               # com.eventhub.automation.steps.BookingSteps.theTicketQuantityShouldBe(int)
  And the ticket decrement control should be disabled                # com.eventhub.automation.steps.BookingSteps.theTicketDecrementControlShouldBeDisabled()
  When I increase tickets by 1                                       # com.eventhub.automation.steps.BookingSteps.iIncreaseTicketsBy(int)
  Then the ticket quantity should be 2                               # com.eventhub.automation.steps.BookingSteps.theTicketQuantityShouldBe(int)
  When I decrease tickets by 1                                       # com.eventhub.automation.steps.BookingSteps.iDecreaseTicketsBy(int)
  Then the ticket quantity should be 1                               # com.eventhub.automation.steps.BookingSteps.theTicketQuantityShouldBe(int)
  Given I am signed in to EventHub                                         # com.eventhub.automation.steps.AuthSteps.iAmSignedInToEventHub()
  When I enter valid booking customer details for a bookable event         # com.eventhub.automation.steps.BookingSteps.iEnterValidBookingCustomerDetailsForABookableEvent()
  Then the booking form should contain the generated customer details      # com.eventhub.automation.steps.BookingSteps.theBookingFormShouldContainTheGeneratedCustomerDetails()

6 Scenarios (6 passed)
26 Steps (26 passed)
0m37.452s


[INFO] Tests run: 6, Failures: 0, Errors: 0, Skipped: 0, Time elapsed: 44.70 s -- in TestSuite
[INFO] 
[INFO] Results:
[INFO] 
[INFO] Tests run: 6, Failures: 0, Errors: 0, Skipped: 0
[INFO] 
[INFO] ------------------------------------------------------------------------
[INFO] BUILD SUCCESS
[INFO] ------------------------------------------------------------------------
[INFO] Total time:  51.217 s
[INFO] Finished at: 2026-08-01T22:00:27Z
[INFO] ------------------------------------------------------------------------
