[INFO] Scanning for projects...
[INFO] 
[INFO] -----------------< com.eventhub:eventhub-selenium-bdd >-----------------
[INFO] Building EventHub Selenium Java BDD Framework 1.0.0-SNAPSHOT
[INFO]   from pom.xml
[INFO] --------------------------------[ jar ]---------------------------------
[INFO] 
[INFO] --- resources:3.4.0:resources (default-resources) @ eventhub-selenium-bdd ---
[INFO] skip non existing resourceDirectory /home/runner/work/EventHub-Selenium-BDD/EventHub-Selenium-BDD/src/main/resources
[INFO] 
[INFO] --- compiler:3.13.0:compile (default-compile) @ eventhub-selenium-bdd ---
[INFO] Recompiling the module because of changed source code.
[INFO] Compiling 1 source file with javac [debug release 17] to target/classes
[INFO] 
[INFO] --- resources:3.4.0:testResources (default-testResources) @ eventhub-selenium-bdd ---
[INFO] Copying 34 resources from src/test/resources to target/test-classes
[INFO] 
[INFO] --- compiler:3.13.0:testCompile (default-testCompile) @ eventhub-selenium-bdd ---
[INFO] Recompiling the module because of changed dependency.
[INFO] Compiling 50 source files with javac [debug release 17] to target/test-classes
[INFO] 
[INFO] --- surefire:3.3.1:test (default-test) @ eventhub-selenium-bdd ---
[INFO] Using auto detected provider org.apache.maven.surefire.testng.TestNGProvider
[INFO] 
[INFO] -------------------------------------------------------
[INFO]  T E S T S
[INFO] -------------------------------------------------------
[INFO] Running TestSuite

@api @contract @owner-platform @risk-contract @intent-api-contract @impact-api @p1 @regression @parallel-safe @intent-documentation
Scenario: Internal API contract manifest documents automated endpoints   # src/test/resources/features/api/api_contract.feature:10

@api @contract @owner-platform @risk-contract @intent-api-contract @impact-api @p0 @smoke @parallel-safe @intent-health
Scenario: API health endpoint is available          # src/test/resources/features/api/api_contract.feature:5
  Then the internal API contract should document the automated endpoints # com.eventhub.automation.steps.ApiSteps.theInternalApiContractShouldDocumentTheAutomatedEndpoints()

@api @contract @owner-platform @risk-contract @intent-api-contract @impact-api @p0 @smoke @parallel-safe @intent-auth
Scenario: Registered user can authenticate through API                          # src/test/resources/features/api/api_contract.feature:14
  When I request the API health endpoint            # com.eventhub.automation.steps.ApiSteps.iRequestTheApiHealthEndpoint()
  Then the API health response should be successful # com.eventhub.automation.steps.ApiSteps.theApiHealthResponseShouldBeSuccessful()

@api @contract @owner-platform @risk-contract @intent-api-contract @impact-api @p1 @regression @parallel-safe @intent-auth
Scenario: Authenticated user can retrieve current user profile through API             # src/test/resources/features/api/api_contract.feature:20
  When I authenticate through the API                                           # com.eventhub.automation.steps.ApiSteps.iAuthenticateThroughTheApi()
  Then the API should return the registered user identity                       # com.eventhub.automation.steps.ApiSteps.theApiShouldReturnTheRegisteredUserIdentity()
  And the API response should match schema "schemas/login-response.schema.json" # com.eventhub.automation.steps.ApiSteps.theApiResponseShouldMatchSchema(java.lang.String)

@api @contract @owner-platform @risk-contract @intent-api-contract @impact-api @p0 @smoke @parallel-safe @intent-discovery
Scenario: Authenticated user can list events through API                         # src/test/resources/features/api/api_contract.feature:26
  When I request the current user profile through the API                              # com.eventhub.automation.steps.ApiSteps.iRequestTheCurrentUserProfileThroughTheApi()
  Then the API current user response should include the registered identity            # com.eventhub.automation.steps.ApiSteps.theApiCurrentUserResponseShouldIncludeTheRegisteredIdentity()
  And the API response should match schema "schemas/current-user-response.schema.json" # com.eventhub.automation.steps.ApiSteps.theApiResponseShouldMatchSchema(java.lang.String)

@api @contract @owner-platform @risk-contract @intent-api-contract @impact-api @p1 @regression @parallel-safe @intent-discovery
Scenario: Event list maps to POJO responses with required business fields          # src/test/resources/features/api/api_contract.feature:32
  When I request events through the API                                          # com.eventhub.automation.steps.ApiSteps.iRequestEventsThroughTheApi()
  Then the API events response should include seeded EventHub events             # com.eventhub.automation.steps.ApiSteps.theApiEventsResponseShouldIncludeSeededEventHubEvents()
  And the API response should match schema "schemas/events-response.schema.json" # com.eventhub.automation.steps.ApiSteps.theApiResponseShouldMatchSchema(java.lang.String)

@api @contract @owner-platform @risk-contract @intent-api-contract @impact-api @p1 @regression @parallel-safe @intent-discovery
Scenario: Authenticated user can retrieve an event detail through API                  # src/test/resources/features/api/api_contract.feature:38
  When I request events through the API                                            # com.eventhub.automation.steps.ApiSteps.iRequestEventsThroughTheApi()
  Then the API events response should map to event list POJOs with business fields # com.eventhub.automation.steps.ApiSteps.theApiEventsResponseShouldMapToEventListPojosWithBusinessFields()
  And the API response should match schema "schemas/events-response.schema.json"   # com.eventhub.automation.steps.ApiSteps.theApiResponseShouldMatchSchema(java.lang.String)

@api @contract @owner-platform @risk-contract @intent-api-contract @impact-api @p1 @regression @parallel-safe @intent-discovery
Scenario: Event detail maps to a POJO with required business fields                      # src/test/resources/features/api/api_contract.feature:44
  When I request event "World Tech Summit" through the API                             # com.eventhub.automation.steps.ApiSteps.iRequestEventThroughTheApi(java.lang.String)
  Then the API event detail response should describe "World Tech Summit"               # com.eventhub.automation.steps.ApiSteps.theApiEventDetailResponseShouldDescribe(java.lang.String)
  And the API response should match schema "schemas/event-detail-response.schema.json" # com.eventhub.automation.steps.ApiSteps.theApiResponseShouldMatchSchema(java.lang.String)

@api @contract @owner-platform @risk-contract @intent-api-contract @impact-api @p1 @regression @negative @parallel-safe @intent-security
Scenario Outline: Protected API rejects invalid or anonymous requests # src/test/resources/features/api/api_contract.feature:73
  When I request event "World Tech Summit" through the API                               # com.eventhub.automation.steps.ApiSteps.iRequestEventThroughTheApi(java.lang.String)
  Then the API event detail response should map to an event POJO for "World Tech Summit" # com.eventhub.automation.steps.ApiSteps.theApiEventDetailResponseShouldMapToAnEventPojoFor(java.lang.String)
  And the API response should match schema "schemas/event-detail-response.schema.json"   # com.eventhub.automation.steps.ApiSteps.theApiResponseShouldMatchSchema(java.lang.String)

@api @contract @owner-platform @risk-contract @intent-api-contract @impact-api @p1 @regression @negative @parallel-safe @intent-security
Scenario Outline: Protected API rejects invalid or anonymous requests            # src/test/resources/features/api/api_contract.feature:74
  When I authenticate through the API with invalid credentials        # com.eventhub.automation.steps.ApiSteps.iAuthenticateThroughTheApiWithInvalidCredentials()
  Then the API should reject the request with status 400              # com.eventhub.automation.steps.ApiSteps.theApiShouldRejectTheRequestWithStatus(int)

@api @contract @owner-platform @risk-contract @intent-api-contract @impact-api @p1 @regression @negative @parallel-safe @intent-security
Scenario Outline: Protected API rejects invalid or anonymous requests # src/test/resources/features/api/api_contract.feature:75
  When I request the current user profile through the API without authentication # com.eventhub.automation.steps.ApiSteps.iRequestTheCurrentUserProfileThroughTheApiWithoutAuthentication()
  Then the API should reject the request with status 401                         # com.eventhub.automation.steps.ApiSteps.theApiShouldRejectTheRequestWithStatus(int)

@api @contract @owner-platform @risk-contract @intent-api-contract @impact-api @p1 @regression @negative @parallel-safe @intent-security
Scenario Outline: Protected API rejects invalid or anonymous requests # src/test/resources/features/api/api_contract.feature:76
  When I request bookings through the API without authentication      # com.eventhub.automation.steps.ApiSteps.iRequestBookingsThroughTheApiWithoutAuthentication()
  Then the API should reject the request with status 401              # com.eventhub.automation.steps.ApiSteps.theApiShouldRejectTheRequestWithStatus(int)

@api @contract @owner-platform @risk-contract @intent-api-contract @impact-api @p1 @regression @negative @parallel-safe @intent-security
Scenario Outline: Protected API rejects invalid or anonymous requests # src/test/resources/features/api/api_contract.feature:77
  When I create a booking through the API without authentication      # com.eventhub.automation.steps.ApiSteps.iCreateABookingThroughTheApiWithoutAuthentication()
  Then the API should reject the request with status 401              # com.eventhub.automation.steps.ApiSteps.theApiShouldRejectTheRequestWithStatus(int)

@api @contract @owner-platform @risk-contract @intent-api-contract @impact-api @p1 @regression @negative @parallel-safe @intent-security
Scenario Outline: Protected API rejects invalid or anonymous requests # src/test/resources/features/api/api_contract.feature:78
  When I request unknown event detail through the API                 # com.eventhub.automation.steps.ApiSteps.iRequestUnknownEventDetailThroughTheApi()
  Then the API should reject the request with status 500              # com.eventhub.automation.steps.ApiSteps.theApiShouldRejectTheRequestWithStatus(int)

@api @contract @owner-platform @risk-contract @intent-api-contract @impact-api @p1 @regression @negative @parallel-safe @intent-security
Scenario Outline: Protected API rejects invalid or anonymous requests # src/test/resources/features/api/api_contract.feature:79
  When I cancel an unknown booking through the API                    # com.eventhub.automation.steps.ApiSteps.iCancelAnUnknownBookingThroughTheApi()
  Then the API should reject the request with status 500              # com.eventhub.automation.steps.ApiSteps.theApiShouldRejectTheRequestWithStatus(int)

@api @contract @owner-platform @risk-contract @intent-api-contract @impact-api @p1 @regression @negative @parallel-safe @intent-contract
Scenario Outline: API error responses follow the error contract # src/test/resources/features/api/api_contract.feature:88
  When I authenticate through the API with invalid credentials  # com.eventhub.automation.steps.ApiSteps.iAuthenticateThroughTheApiWithInvalidCredentials()
  Then the API should reject the request with an error response # com.eventhub.automation.steps.ApiSteps.theApiShouldRejectTheRequestWithAnErrorResponse()

@api @contract @owner-platform @risk-contract @intent-api-contract @impact-api @p1 @regression @negative @parallel-safe @intent-contract
Scenario Outline: API error responses follow the error contract  # src/test/resources/features/api/api_contract.feature:89
  When I create a booking through the API with invalid payload        # com.eventhub.automation.steps.ApiSteps.iCreateABookingThroughTheApiWithInvalidPayload()
  Then the API should reject the request with status 400              # com.eventhub.automation.steps.ApiSteps.theApiShouldRejectTheRequestWithStatus(int)

@api @contract @owner-platform @risk-contract @intent-api-contract @impact-api @p1 @regression @negative @parallel-safe @intent-contract
Scenario Outline: API error responses follow the error contract # src/test/resources/features/api/api_contract.feature:90
  When I request bookings through the API without authentication # com.eventhub.automation.steps.ApiSteps.iRequestBookingsThroughTheApiWithoutAuthentication()
  Then the API should reject the request with an error response  # com.eventhub.automation.steps.ApiSteps.theApiShouldRejectTheRequestWithAnErrorResponse()

@api @contract @owner-platform @risk-contract @intent-api-contract @impact-api @p1 @regression @negative @parallel-safe @intent-contract
Scenario Outline: API error responses follow the error contract # src/test/resources/features/api/api_contract.feature:91
  When I create a booking through the API with invalid payload  # com.eventhub.automation.steps.ApiSteps.iCreateABookingThroughTheApiWithInvalidPayload()
  Then the API should reject the request with an error response # com.eventhub.automation.steps.ApiSteps.theApiShouldRejectTheRequestWithAnErrorResponse()

@api @contract @owner-platform @risk-contract @intent-api-contract @impact-api @p1 @regression @negative @parallel-safe @intent-contract
Scenario Outline: Malformed booking payloads are rejected by the API contract       # src/test/resources/features/api/api_contract.feature:100
  When I create an event through the API with invalid payload   # com.eventhub.automation.steps.ApiSteps.iCreateAnEventThroughTheApiWithInvalidPayload()
  Then the API should reject the request with an error response # com.eventhub.automation.steps.ApiSteps.theApiShouldRejectTheRequestWithAnErrorResponse()

@api @contract @owner-platform @risk-contract @intent-api-contract @impact-api @p1 @regression @negative @parallel-safe @intent-contract
Scenario Outline: Malformed booking payloads are rejected by the API contract            # src/test/resources/features/api/api_contract.feature:101
  When I create a booking through the API with malformed payload "missing event id" # com.eventhub.automation.steps.ApiSteps.iCreateABookingThroughTheApiWithMalformedPayload(java.lang.String)
  Then the API should reject the request with an error response                     # com.eventhub.automation.steps.ApiSteps.theApiShouldRejectTheRequestWithAnErrorResponse()

@api @contract @owner-platform @risk-contract @intent-api-contract @impact-api @p1 @regression @negative @parallel-safe @intent-contract
Scenario Outline: Malformed booking payloads are rejected by the API contract        # src/test/resources/features/api/api_contract.feature:102
  When I create a booking through the API with malformed payload "invalid quantity type" # com.eventhub.automation.steps.ApiSteps.iCreateABookingThroughTheApiWithMalformedPayload(java.lang.String)
  Then the API should reject the request with an error response                          # com.eventhub.automation.steps.ApiSteps.theApiShouldRejectTheRequestWithAnErrorResponse()

@api @contract @owner-platform @risk-contract @intent-api-contract @impact-api @p1 @regression @negative @parallel-safe @intent-contract
Scenario Outline: Malformed event payloads are rejected by the API contract     # src/test/resources/features/api/api_contract.feature:111
  When I create an event through the API with malformed payload "missing title" # com.eventhub.automation.steps.ApiSteps.iCreateAnEventThroughTheApiWithMalformedPayload(java.lang.String)
  Then the API should reject the request with an error response                 # com.eventhub.automation.steps.ApiSteps.theApiShouldRejectTheRequestWithAnErrorResponse()

@api @contract @owner-platform @risk-contract @intent-api-contract @impact-api @p1 @regression @negative @parallel-safe @intent-contract
Scenario Outline: Malformed event payloads are rejected by the API contract          # src/test/resources/features/api/api_contract.feature:112
  When I create a booking through the API with malformed payload "negative quantity" # com.eventhub.automation.steps.ApiSteps.iCreateABookingThroughTheApiWithMalformedPayload(java.lang.String)
  Then the API should reject the request with an error response                      # com.eventhub.automation.steps.ApiSteps.theApiShouldRejectTheRequestWithAnErrorResponse()

@api @contract @owner-platform @risk-contract @intent-api-contract @impact-api @p1 @regression @negative @parallel-safe @intent-contract
Scenario Outline: Malformed event payloads are rejected by the API contract      # src/test/resources/features/api/api_contract.feature:113
  When I create an event through the API with malformed payload "negative seats" # com.eventhub.automation.steps.ApiSteps.iCreateAnEventThroughTheApiWithMalformedPayload(java.lang.String)
  When I create an event through the API with malformed payload "invalid price type" # com.eventhub.automation.steps.ApiSteps.iCreateAnEventThroughTheApiWithMalformedPayload(java.lang.String)
  Then the API should reject the request with an error response                      # com.eventhub.automation.steps.ApiSteps.theApiShouldRejectTheRequestWithAnErrorResponse()
  Then the API should reject the request with an error response                  # com.eventhub.automation.steps.ApiSteps.theApiShouldRejectTheRequestWithAnErrorResponse()

25 Scenarios (25 passed)
55 Steps (55 passed)
0m22.869s


[INFO] Tests run: 25, Failures: 0, Errors: 0, Skipped: 0, Time elapsed: 32.33 s -- in TestSuite
[INFO] 
[INFO] Results:
[INFO] 
[INFO] Tests run: 25, Failures: 0, Errors: 0, Skipped: 0
[INFO] 
[INFO] ------------------------------------------------------------------------
[INFO] BUILD SUCCESS
[INFO] ------------------------------------------------------------------------
[INFO] Total time:  42.590 s
[INFO] Finished at: 2026-08-04T09:22:33Z
[INFO] ------------------------------------------------------------------------
